Java HotSpot(TM) 64-Bit Server VM (25.291-b10) for bsd-amd64 JRE (1.8.0_291-b10), built on Apr  8 2021 02:17:24 by "java_re" with gcc 4.2.1 Compatible Apple LLVM 11.0.0 (clang-1100.0.33.17)
Memory: 4k page, physical 16777216k(220144k free)

/proc/meminfo:

CommandLine flags: -XX:InitialHeapSize=536870912 -XX:MaxHeapSize=536870912 -XX:+PrintGC -XX:+PrintGCDateStamps -XX:+PrintGCDetails -XX:+PrintGCTimeStamps -XX:+UseCompressedClassPointers -XX:+UseCompressedOops -XX:+UseParallelGC 
2022-09-22T15:09:13.800-0800: 0.240: [GC (Allocation Failure) [PSYoungGen: 131476K->21502K(153088K)] 131476K->45550K(502784K), 0.0153240 secs] [Times: user=0.03 sys=0.04, real=0.01 secs] 
2022-09-22T15:09:13.840-0800: 0.281: [GC (Allocation Failure) [PSYoungGen: 153040K->21500K(153088K)] 177088K->83923K(502784K), 0.0818251 secs] [Times: user=0.03 sys=0.06, real=0.08 secs] 
2022-09-22T15:09:13.943-0800: 0.383: [GC (Allocation Failure) [PSYoungGen: 153084K->21502K(153088K)] 215507K->116753K(502784K), 0.0191219 secs] [Times: user=0.02 sys=0.02, real=0.02 secs] 
2022-09-22T15:09:13.980-0800: 0.420: [GC (Allocation Failure) [PSYoungGen: 153086K->21491K(153088K)] 248337K->162782K(502784K), 0.0794169 secs] [Times: user=0.04 sys=0.06, real=0.08 secs] 
2022-09-22T15:09:14.079-0800: 0.519: [GC (Allocation Failure) [PSYoungGen: 153075K->21483K(153088K)] 294366K->202923K(502784K), 0.0190096 secs] [Times: user=0.02 sys=0.04, real=0.02 secs] 
2022-09-22T15:09:14.118-0800: 0.559: [GC (Allocation Failure) [PSYoungGen: 153067K->21496K(80384K)] 334507K->240766K(430080K), 0.0138486 secs] [Times: user=0.03 sys=0.03, real=0.02 secs] 
2022-09-22T15:09:14.140-0800: 0.580: [GC (Allocation Failure) [PSYoungGen: 80150K->35732K(116736K)] 299420K->261141K(466432K), 0.0061566 secs] [Times: user=0.01 sys=0.01, real=0.00 secs] 
2022-09-22T15:09:14.153-0800: 0.593: [GC (Allocation Failure) [PSYoungGen: 94579K->48953K(116736K)] 319988K->281816K(466432K), 0.0056935 secs] [Times: user=0.02 sys=0.01, real=0.00 secs] 
2022-09-22T15:09:14.168-0800: 0.608: [GC (Allocation Failure) [PSYoungGen: 107797K->57850K(116736K)] 340660K->302337K(466432K), 0.0073580 secs] [Times: user=0.03 sys=0.01, real=0.01 secs] 
2022-09-22T15:09:14.181-0800: 0.622: [GC (Allocation Failure) [PSYoungGen: 116730K->41056K(116736K)] 361217K->321398K(466432K), 0.0144474 secs] [Times: user=0.03 sys=0.03, real=0.01 secs] 
2022-09-22T15:09:14.206-0800: 0.646: [GC (Allocation Failure) [PSYoungGen: 99936K->17881K(116736K)] 380278K->337814K(466432K), 0.0123254 secs] [Times: user=0.02 sys=0.03, real=0.01 secs] 
2022-09-22T15:09:14.219-0800: 0.659: [Full GC (Ergonomics) [PSYoungGen: 17881K->0K(116736K)] [ParOldGen: 319933K->249014K(349696K)] 337814K->249014K(466432K), [Metaspace: 3276K->3276K(1056768K)], 0.0226545 secs] [Times: user=0.11 sys=0.01, real=0.03 secs] 
2022-09-22T15:09:14.248-0800: 0.688: [GC (Allocation Failure) [PSYoungGen: 58458K->19343K(116736K)] 307473K->268357K(466432K), 0.0020986 secs] [Times: user=0.01 sys=0.00, real=0.01 secs] 
2022-09-22T15:09:14.260-0800: 0.700: [GC (Allocation Failure) [PSYoungGen: 78077K->22492K(116736K)] 327092K->288795K(466432K), 0.0047773 secs] [Times: user=0.01 sys=0.00, real=0.00 secs] 
2022-09-22T15:09:14.273-0800: 0.713: [GC (Allocation Failure) [PSYoungGen: 81372K->19930K(116736K)] 347675K->305997K(466432K), 0.0064057 secs] [Times: user=0.02 sys=0.00, real=0.00 secs] 
2022-09-22T15:09:14.287-0800: 0.727: [GC (Allocation Failure) [PSYoungGen: 78582K->19240K(116736K)] 364648K->324112K(466432K), 0.0034297 secs] [Times: user=0.01 sys=0.00, real=0.01 secs] 
2022-09-22T15:09:14.290-0800: 0.731: [Full GC (Ergonomics) [PSYoungGen: 19240K->0K(116736K)] [ParOldGen: 304871K->272275K(349696K)] 324112K->272275K(466432K), [Metaspace: 3276K->3276K(1056768K)], 0.0219999 secs] [Times: user=0.10 sys=0.01, real=0.02 secs] 
2022-09-22T15:09:14.322-0800: 0.762: [GC (Allocation Failure) [PSYoungGen: 58880K->18645K(116736K)] 331155K->290921K(466432K), 0.0023995 secs] [Times: user=0.01 sys=0.00, real=0.00 secs] 
2022-09-22T15:09:14.330-0800: 0.770: [GC (Allocation Failure) [PSYoungGen: 77525K->20662K(116736K)] 349801K->310855K(466432K), 0.0037414 secs] [Times: user=0.01 sys=0.00, real=0.00 secs] 
2022-09-22T15:09:14.343-0800: 0.783: [GC (Allocation Failure) [PSYoungGen: 79529K->18245K(116736K)] 369722K->325441K(466432K), 0.0024092 secs] [Times: user=0.01 sys=0.00, real=0.00 secs] 
2022-09-22T15:09:14.345-0800: 0.786: [Full GC (Ergonomics) [PSYoungGen: 18245K->0K(116736K)] [ParOldGen: 307195K->279677K(349696K)] 325441K->279677K(466432K), [Metaspace: 3276K->3276K(1056768K)], 0.0209054 secs] [Times: user=0.08 sys=0.00, real=0.02 secs] 
2022-09-22T15:09:14.373-0800: 0.813: [GC (Allocation Failure) [PSYoungGen: 58864K->20351K(116736K)] 338542K->300029K(466432K), 0.0028020 secs] [Times: user=0.01 sys=0.00, real=0.00 secs] 
2022-09-22T15:09:14.383-0800: 0.823: [GC (Allocation Failure) [PSYoungGen: 79179K->25537K(116736K)] 358857K->323820K(466432K), 0.0071487 secs] [Times: user=0.01 sys=0.00, real=0.01 secs] 
2022-09-22T15:09:14.398-0800: 0.839: [GC (Allocation Failure) [PSYoungGen: 84400K->20328K(116736K)] 382683K->342240K(466432K), 0.0052233 secs] [Times: user=0.01 sys=0.00, real=0.01 secs] 
2022-09-22T15:09:14.404-0800: 0.844: [Full GC (Ergonomics) [PSYoungGen: 20328K->0K(116736K)] [ParOldGen: 321911K->292255K(349696K)] 342240K->292255K(466432K), [Metaspace: 3276K->3276K(1056768K)], 0.0225591 secs] [Times: user=0.10 sys=0.01, real=0.02 secs] 
2022-09-22T15:09:14.434-0800: 0.874: [GC (Allocation Failure) [PSYoungGen: 58342K->20329K(116736K)] 350598K->312584K(466432K), 0.0035270 secs] [Times: user=0.01 sys=0.00, real=0.00 secs] 
2022-09-22T15:09:14.445-0800: 0.885: [GC (Allocation Failure) [PSYoungGen: 78865K->19255K(116736K)] 371120K->330843K(466432K), 0.0047603 secs] [Times: user=0.02 sys=0.00, real=0.01 secs] 
2022-09-22T15:09:14.458-0800: 0.899: [GC (Allocation Failure) [PSYoungGen: 78059K->20093K(116736K)] 389647K->350546K(466432K), 0.0076745 secs] [Times: user=0.02 sys=0.01, real=0.01 secs] 
2022-09-22T15:09:14.466-0800: 0.906: [Full GC (Ergonomics) [PSYoungGen: 20093K->0K(116736K)] [ParOldGen: 330452K->298971K(349696K)] 350546K->298971K(466432K), [Metaspace: 3276K->3276K(1056768K)], 0.0202485 secs] [Times: user=0.10 sys=0.00, real=0.02 secs] 
2022-09-22T15:09:14.493-0800: 0.933: [GC (Allocation Failure) [PSYoungGen: 58880K->21548K(116736K)] 357851K->320519K(466432K), 0.0028512 secs] [Times: user=0.01 sys=0.00, real=0.00 secs] 
2022-09-22T15:09:14.503-0800: 0.943: [GC (Allocation Failure) [PSYoungGen: 80428K->18242K(116736K)] 379399K->336974K(466432K), 0.0034032 secs] [Times: user=0.01 sys=0.00, real=0.00 secs] 
2022-09-22T15:09:14.506-0800: 0.946: [Full GC (Ergonomics) [PSYoungGen: 18242K->0K(116736K)] [ParOldGen: 318732K->308137K(349696K)] 336974K->308137K(466432K), [Metaspace: 3276K->3276K(1056768K)], 0.0196488 secs] [Times: user=0.10 sys=0.00, real=0.02 secs] 
2022-09-22T15:09:14.532-0800: 0.972: [GC (Allocation Failure) [PSYoungGen: 58827K->22048K(116736K)] 366965K->330185K(466432K), 0.0023820 secs] [Times: user=0.01 sys=0.00, real=0.00 secs] 
2022-09-22T15:09:14.541-0800: 0.981: [GC (Allocation Failure) [PSYoungGen: 80907K->39452K(115712K)] 389045K->347590K(465408K), 0.0039057 secs] [Times: user=0.01 sys=0.00, real=0.00 secs] 
2022-09-22T15:09:14.552-0800: 0.993: [GC (Allocation Failure) [PSYoungGen: 98332K->21617K(116736K)] 406470K->367096K(466432K), 0.0096248 secs] [Times: user=0.02 sys=0.01, real=0.01 secs] 
2022-09-22T15:09:14.562-0800: 1.002: [Full GC (Ergonomics) [PSYoungGen: 21617K->0K(116736K)] [ParOldGen: 345478K->322429K(349696K)] 367096K->322429K(466432K), [Metaspace: 3276K->3276K(1056768K)], 0.0245565 secs] [Times: user=0.11 sys=0.01, real=0.02 secs] 
2022-09-22T15:09:14.593-0800: 1.033: [Full GC (Ergonomics) [PSYoungGen: 58880K->0K(116736K)] [ParOldGen: 322429K->325935K(349696K)] 381309K->325935K(466432K), [Metaspace: 3276K->3276K(1056768K)], 0.0220044 secs] [Times: user=0.09 sys=0.00, real=0.02 secs] 
2022-09-22T15:09:14.624-0800: 1.064: [Full GC (Ergonomics) [PSYoungGen: 58880K->0K(116736K)] [ParOldGen: 325935K->328984K(349696K)] 384815K->328984K(466432K), [Metaspace: 3276K->3276K(1056768K)], 0.0205560 secs] [Times: user=0.10 sys=0.00, real=0.02 secs] 
2022-09-22T15:09:14.654-0800: 1.094: [Full GC (Ergonomics) [PSYoungGen: 58359K->0K(116736K)] [ParOldGen: 328984K->332023K(349696K)] 387343K->332023K(466432K), [Metaspace: 3276K->3276K(1056768K)], 0.0309220 secs] [Times: user=0.10 sys=0.00, real=0.03 secs] 
2022-09-22T15:09:14.693-0800: 1.133: [Full GC (Ergonomics) [PSYoungGen: 58880K->0K(116736K)] [ParOldGen: 332023K->336507K(349696K)] 390903K->336507K(466432K), [Metaspace: 3276K->3276K(1056768K)], 0.0339151 secs] [Times: user=0.10 sys=0.01, real=0.03 secs] 
2022-09-22T15:09:14.744-0800: 1.185: [Full GC (Ergonomics) [PSYoungGen: 58154K->0K(116736K)] [ParOldGen: 336507K->337752K(349696K)] 394662K->337752K(466432K), [Metaspace: 3552K->3552K(1056768K)], 0.0306696 secs] [Times: user=0.11 sys=0.00, real=0.03 secs] 
2022-09-22T15:09:14.784-0800: 1.224: [Full GC (Ergonomics) [PSYoungGen: 58871K->0K(116736K)] [ParOldGen: 337752K->338973K(349696K)] 396623K->338973K(466432K), [Metaspace: 3663K->3663K(1056768K)], 0.0249017 secs] [Times: user=0.11 sys=0.01, real=0.02 secs] 
2022-09-22T15:09:14.815-0800: 1.255: [Full GC (Ergonomics) [PSYoungGen: 58880K->0K(116736K)] [ParOldGen: 338973K->339810K(349696K)] 397853K->339810K(466432K), [Metaspace: 3778K->3778K(1056768K)], 0.0229785 secs] [Times: user=0.12 sys=0.00, real=0.02 secs] 
2022-09-22T15:09:14.844-0800: 1.285: [Full GC (Ergonomics) [PSYoungGen: 58880K->0K(116736K)] [ParOldGen: 339810K->336674K(349696K)] 398690K->336674K(466432K), [Metaspace: 3778K->3778K(1056768K)], 0.0218811 secs] [Times: user=0.11 sys=0.00, real=0.02 secs] 
2022-09-22T15:09:14.872-0800: 1.313: [Full GC (Ergonomics) [PSYoungGen: 58880K->0K(116736K)] [ParOldGen: 336674K->334523K(349696K)] 395554K->334523K(466432K), [Metaspace: 3778K->3778K(1056768K)], 0.0207937 secs] [Times: user=0.12 sys=0.00, real=0.02 secs] 
2022-09-22T15:09:14.899-0800: 1.339: [Full GC (Ergonomics) [PSYoungGen: 58880K->0K(116736K)] [ParOldGen: 334523K->336149K(349696K)] 393403K->336149K(466432K), [Metaspace: 3778K->3778K(1056768K)], 0.0246143 secs] [Times: user=0.12 sys=0.00, real=0.03 secs] 
2022-09-22T15:09:14.931-0800: 1.372: [Full GC (Ergonomics) [PSYoungGen: 58880K->0K(116736K)] [ParOldGen: 336149K->338244K(349696K)] 395029K->338244K(466432K), [Metaspace: 3778K->3778K(1056768K)], 0.0212115 secs] [Times: user=0.10 sys=0.01, real=0.02 secs] 
2022-09-22T15:09:14.959-0800: 1.400: [Full GC (Ergonomics) [PSYoungGen: 58851K->0K(116736K)] [ParOldGen: 338244K->340308K(349696K)] 397096K->340308K(466432K), [Metaspace: 3778K->3778K(1056768K)], 0.0217905 secs] [Times: user=0.10 sys=0.00, real=0.03 secs] 
2022-09-22T15:09:14.987-0800: 1.428: [Full GC (Ergonomics) [PSYoungGen: 58849K->0K(116736K)] [ParOldGen: 340308K->345845K(349696K)] 399158K->345845K(466432K), [Metaspace: 3778K->3778K(1056768K)], 0.0227101 secs] [Times: user=0.11 sys=0.00, real=0.03 secs] 
2022-09-22T15:09:15.016-0800: 1.456: [Full GC (Ergonomics) [PSYoungGen: 58611K->0K(116736K)] [ParOldGen: 345845K->345190K(349696K)] 404457K->345190K(466432K), [Metaspace: 3778K->3778K(1056768K)], 0.0425914 secs] [Times: user=0.12 sys=0.00, real=0.04 secs] 
2022-09-22T15:09:15.066-0800: 1.506: [Full GC (Ergonomics) [PSYoungGen: 58880K->0K(116736K)] [ParOldGen: 345190K->348923K(349696K)] 404070K->348923K(466432K), [Metaspace: 3778K->3778K(1056768K)], 0.0424646 secs] [Times: user=0.15 sys=0.01, real=0.04 secs] 
2022-09-22T15:09:15.120-0800: 1.560: [Full GC (Ergonomics) [PSYoungGen: 58880K->0K(116736K)] [ParOldGen: 348923K->346370K(349696K)] 407803K->346370K(466432K), [Metaspace: 3778K->3778K(1056768K)], 0.0359494 secs] [Times: user=0.10 sys=0.00, real=0.03 secs] 
2022-09-22T15:09:15.172-0800: 1.612: [Full GC (Ergonomics) [PSYoungGen: 58880K->0K(116736K)] [ParOldGen: 346370K->347628K(349696K)] 405250K->347628K(466432K), [Metaspace: 3778K->3778K(1056768K)], 0.0379098 secs] [Times: user=0.11 sys=0.01, real=0.04 secs] 
2022-09-22T15:09:15.217-0800: 1.657: [Full GC (Ergonomics) [PSYoungGen: 58742K->481K(116736K)] [ParOldGen: 347628K->349467K(349696K)] 406371K->349948K(466432K), [Metaspace: 3778K->3778K(1056768K)], 0.0318321 secs] [Times: user=0.14 sys=0.00, real=0.03 secs] 
2022-09-22T15:09:15.258-0800: 1.698: [Full GC (Ergonomics) [PSYoungGen: 58804K->1935K(116736K)] [ParOldGen: 349467K->349627K(349696K)] 408271K->351562K(466432K), [Metaspace: 3778K->3778K(1056768K)], 0.0329520 secs] [Times: user=0.14 sys=0.00, real=0.04 secs] 
2022-09-22T15:09:15.304-0800: 1.744: [Full GC (Ergonomics) [PSYoungGen: 58880K->3150K(116736K)] [ParOldGen: 349627K->349592K(349696K)] 408507K->352742K(466432K), [Metaspace: 3778K->3778K(1056768K)], 0.0345996 secs] [Times: user=0.10 sys=0.01, real=0.03 secs] 
2022-09-22T15:09:15.355-0800: 1.796: [Full GC (Ergonomics) [PSYoungGen: 58677K->4902K(116736K)] [ParOldGen: 349592K->349253K(349696K)] 408269K->354156K(466432K), [Metaspace: 3778K->3778K(1056768K)], 0.0393835 secs] [Times: user=0.08 sys=0.00, real=0.04 secs] 
2022-09-22T15:09:15.406-0800: 1.846: [Full GC (Ergonomics) [PSYoungGen: 58768K->5645K(116736K)] [ParOldGen: 349253K->349539K(349696K)] 408022K->355184K(466432K), [Metaspace: 3778K->3778K(1056768K)], 0.0343001 secs] [Times: user=0.10 sys=0.00, real=0.04 secs] 
2022-09-22T15:09:15.449-0800: 1.889: [Full GC (Ergonomics) [PSYoungGen: 58875K->5781K(116736K)] [ParOldGen: 349539K->349249K(349696K)] 408414K->355030K(466432K), [Metaspace: 3778K->3778K(1056768K)], 0.0277789 secs] [Times: user=0.11 sys=0.00, real=0.03 secs] 
2022-09-22T15:09:15.484-0800: 1.925: [Full GC (Ergonomics) [PSYoungGen: 58696K->5953K(116736K)] [ParOldGen: 349249K->349554K(349696K)] 407946K->355508K(466432K), [Metaspace: 3778K->3778K(1056768K)], 0.0277322 secs] [Times: user=0.10 sys=0.00, real=0.03 secs] 
2022-09-22T15:09:15.520-0800: 1.960: [Full GC (Ergonomics) [PSYoungGen: 58625K->8524K(116736K)] [ParOldGen: 349554K->349237K(349696K)] 408180K->357761K(466432K), [Metaspace: 3778K->3778K(1056768K)], 0.0239269 secs] [Times: user=0.11 sys=0.00, real=0.02 secs] 
2022-09-22T15:09:15.550-0800: 1.990: [Full GC (Ergonomics) [PSYoungGen: 58880K->7974K(116736K)] [ParOldGen: 349237K->349535K(349696K)] 408117K->357509K(466432K), [Metaspace: 3778K->3778K(1056768K)], 0.0342231 secs] [Times: user=0.09 sys=0.00, real=0.03 secs] 
2022-09-22T15:09:15.590-0800: 2.030: [Full GC (Ergonomics) [PSYoungGen: 58880K->8553K(116736K)] [ParOldGen: 349535K->349467K(349696K)] 408415K->358020K(466432K), [Metaspace: 3778K->3778K(1056768K)], 0.0276499 secs] [Times: user=0.11 sys=0.00, real=0.02 secs] 
2022-09-22T15:09:15.625-0800: 2.065: [Full GC (Ergonomics) [PSYoungGen: 58880K->10543K(116736K)] [ParOldGen: 349467K->349622K(349696K)] 408347K->360165K(466432K), [Metaspace: 3778K->3778K(1056768K)], 0.0310068 secs] [Times: user=0.11 sys=0.00, real=0.03 secs] 
2022-09-22T15:09:15.666-0800: 2.106: [Full GC (Ergonomics) [PSYoungGen: 58880K->13455K(116736K)] [ParOldGen: 349622K->349664K(349696K)] 408502K->363120K(466432K), [Metaspace: 3778K->3778K(1056768K)], 0.0396864 secs] [Times: user=0.10 sys=0.00, real=0.04 secs] 
2022-09-22T15:09:15.716-0800: 2.156: [Full GC (Ergonomics) [PSYoungGen: 58880K->10831K(116736K)] [ParOldGen: 349664K->349689K(349696K)] 408544K->360520K(466432K), [Metaspace: 3778K->3778K(1056768K)], 0.0589756 secs] [Times: user=0.10 sys=0.00, real=0.06 secs] 
2022-09-22T15:09:15.783-0800: 2.224: [Full GC (Ergonomics) [PSYoungGen: 58738K->11336K(116736K)] [ParOldGen: 349689K->349639K(349696K)] 408427K->360975K(466432K), [Metaspace: 3778K->3778K(1056768K)], 0.0398139 secs] [Times: user=0.09 sys=0.01, real=0.04 secs] 
2022-09-22T15:09:15.831-0800: 2.272: [Full GC (Ergonomics) [PSYoungGen: 58880K->16426K(116736K)] [ParOldGen: 349639K->349650K(349696K)] 408519K->366076K(466432K), [Metaspace: 3778K->3778K(1056768K)], 0.0434034 secs] [Times: user=0.09 sys=0.00, real=0.04 secs] 
2022-09-22T15:09:15.882-0800: 2.322: [Full GC (Ergonomics) [PSYoungGen: 58847K->17055K(116736K)] [ParOldGen: 349650K->349251K(349696K)] 408497K->366306K(466432K), [Metaspace: 3778K->3778K(1056768K)], 0.0276243 secs] [Times: user=0.09 sys=0.00, real=0.03 secs] 
2022-09-22T15:09:15.916-0800: 2.356: [Full GC (Ergonomics) [PSYoungGen: 58450K->17659K(116736K)] [ParOldGen: 349251K->349503K(349696K)] 407702K->367162K(466432K), [Metaspace: 3778K->3778K(1056768K)], 0.0300669 secs] [Times: user=0.13 sys=0.00, real=0.03 secs] 
2022-09-22T15:09:15.951-0800: 2.391: [Full GC (Ergonomics) [PSYoungGen: 58619K->21036K(116736K)] [ParOldGen: 349503K->349291K(349696K)] 408122K->370327K(466432K), [Metaspace: 3778K->3778K(1056768K)], 0.0271847 secs] [Times: user=0.12 sys=0.00, real=0.02 secs] 
2022-09-22T15:09:15.982-0800: 2.422: [Full GC (Ergonomics) [PSYoungGen: 58632K->15959K(116736K)] [ParOldGen: 349291K->349220K(349696K)] 407924K->365180K(466432K), [Metaspace: 3778K->3778K(1056768K)], 0.0230463 secs] [Times: user=0.11 sys=0.01, real=0.02 secs] 
2022-09-22T15:09:16.011-0800: 2.452: [Full GC (Ergonomics) [PSYoungGen: 58554K->11264K(116736K)] [ParOldGen: 349220K->349568K(349696K)] 407774K->360832K(466432K), [Metaspace: 3778K->3778K(1056768K)], 0.0312188 secs] [Times: user=0.12 sys=0.00, real=0.03 secs] 
2022-09-22T15:09:16.052-0800: 2.492: [Full GC (Ergonomics) [PSYoungGen: 58817K->15381K(116736K)] [ParOldGen: 349568K->349563K(349696K)] 408385K->364945K(466432K), [Metaspace: 3778K->3778K(1056768K)], 0.0418019 secs] [Times: user=0.12 sys=0.00, real=0.04 secs] 
2022-09-22T15:09:16.104-0800: 2.544: [Full GC (Ergonomics) [PSYoungGen: 58880K->15783K(116736K)] [ParOldGen: 349563K->349438K(349696K)] 408443K->365221K(466432K), [Metaspace: 3778K->3778K(1056768K)], 0.0353433 secs] [Times: user=0.13 sys=0.00, real=0.03 secs] 
2022-09-22T15:09:16.148-0800: 2.588: [Full GC (Ergonomics) [PSYoungGen: 58511K->17436K(116736K)] [ParOldGen: 349438K->349659K(349696K)] 407949K->367095K(466432K), [Metaspace: 3778K->3778K(1056768K)], 0.0333270 secs] [Times: user=0.13 sys=0.01, real=0.04 secs] 
2022-09-22T15:09:16.186-0800: 2.626: [Full GC (Ergonomics) [PSYoungGen: 58701K->23449K(116736K)] [ParOldGen: 349659K->349204K(349696K)] 408361K->372654K(466432K), [Metaspace: 3778K->3778K(1056768K)], 0.0338435 secs] [Times: user=0.15 sys=0.00, real=0.04 secs] 
2022-09-22T15:09:16.226-0800: 2.666: [Full GC (Ergonomics) [PSYoungGen: 58878K->22490K(116736K)] [ParOldGen: 349204K->349452K(349696K)] 408083K->371943K(466432K), [Metaspace: 3778K->3778K(1056768K)], 0.0310040 secs] [Times: user=0.15 sys=0.00, real=0.03 secs] 
2022-09-22T15:09:16.264-0800: 2.704: [Full GC (Ergonomics) [PSYoungGen: 58855K->20572K(116736K)] [ParOldGen: 349452K->349080K(349696K)] 408307K->369653K(466432K), [Metaspace: 3778K->3778K(1056768K)], 0.0268322 secs] [Times: user=0.14 sys=0.01, real=0.03 secs] 
2022-09-22T15:09:16.294-0800: 2.734: [Full GC (Ergonomics) [PSYoungGen: 58880K->19626K(116736K)] [ParOldGen: 349080K->349679K(349696K)] 407960K->369306K(466432K), [Metaspace: 3778K->3778K(1056768K)], 0.0259506 secs] [Times: user=0.13 sys=0.00, real=0.03 secs] 
2022-09-22T15:09:16.325-0800: 2.766: [Full GC (Ergonomics) [PSYoungGen: 58622K->20812K(116736K)] [ParOldGen: 349679K->349093K(349696K)] 408302K->369905K(466432K), [Metaspace: 3778K->3778K(1056768K)], 0.0231369 secs] [Times: user=0.11 sys=0.00, real=0.02 secs] 
2022-09-22T15:09:16.353-0800: 2.793: [Full GC (Ergonomics) [PSYoungGen: 58695K->21235K(116736K)] [ParOldGen: 349093K->349254K(349696K)] 407789K->370489K(466432K), [Metaspace: 3778K->3778K(1056768K)], 0.0316454 secs] [Times: user=0.10 sys=0.00, real=0.03 secs] 
2022-09-22T15:09:16.389-0800: 2.830: [Full GC (Ergonomics) [PSYoungGen: 58826K->20748K(116736K)] [ParOldGen: 349254K->349558K(349696K)] 408080K->370307K(466432K), [Metaspace: 3778K->3778K(1056768K)], 0.0235012 secs] [Times: user=0.10 sys=0.00, real=0.03 secs] 
2022-09-22T15:09:16.419-0800: 2.859: [Full GC (Ergonomics) [PSYoungGen: 58880K->22925K(116736K)] [ParOldGen: 349558K->349636K(349696K)] 408438K->372561K(466432K), [Metaspace: 3778K->3778K(1056768K)], 0.0264450 secs] [Times: user=0.10 sys=0.01, real=0.03 secs] 
2022-09-22T15:09:16.450-0800: 2.890: [Full GC (Ergonomics) [PSYoungGen: 58772K->21135K(116736K)] [ParOldGen: 349636K->349506K(349696K)] 408409K->370642K(466432K), [Metaspace: 3778K->3778K(1056768K)], 0.0276138 secs] [Times: user=0.11 sys=0.00, real=0.02 secs] 
2022-09-22T15:09:16.483-0800: 2.923: [Full GC (Ergonomics) [PSYoungGen: 58810K->23464K(116736K)] [ParOldGen: 349506K->349471K(349696K)] 408317K->372936K(466432K), [Metaspace: 3778K->3778K(1056768K)], 0.0266342 secs] [Times: user=0.14 sys=0.00, real=0.02 secs] 
2022-09-22T15:09:16.514-0800: 2.954: [Full GC (Ergonomics) [PSYoungGen: 58876K->25143K(116736K)] [ParOldGen: 349471K->349417K(349696K)] 408348K->374561K(466432K), [Metaspace: 3778K->3778K(1056768K)], 0.0299900 secs] [Times: user=0.14 sys=0.00, real=0.03 secs] 
2022-09-22T15:09:16.548-0800: 2.989: [Full GC (Ergonomics) [PSYoungGen: 58435K->26788K(116736K)] [ParOldGen: 349417K->349628K(349696K)] 407853K->376417K(466432K), [Metaspace: 3778K->3778K(1056768K)], 0.0388765 secs] [Times: user=0.12 sys=0.01, real=0.04 secs] 
2022-09-22T15:09:16.592-0800: 3.032: [Full GC (Ergonomics) [PSYoungGen: 58715K->29489K(116736K)] [ParOldGen: 349628K->349635K(349696K)] 408344K->379125K(466432K), [Metaspace: 3778K->3778K(1056768K)], 0.0332955 secs] [Times: user=0.11 sys=0.00, real=0.03 secs] 
2022-09-22T15:09:16.631-0800: 3.072: [Full GC (Ergonomics) [PSYoungGen: 58717K->31218K(116736K)] [ParOldGen: 349635K->349512K(349696K)] 408352K->380731K(466432K), [Metaspace: 3778K->3778K(1056768K)], 0.0346338 secs] [Times: user=0.11 sys=0.00, real=0.03 secs] 
2022-09-22T15:09:16.670-0800: 3.111: [Full GC (Ergonomics) [PSYoungGen: 58880K->28512K(116736K)] [ParOldGen: 349512K->349547K(349696K)] 408392K->378059K(466432K), [Metaspace: 3778K->3778K(1056768K)], 0.0387310 secs] [Times: user=0.11 sys=0.00, real=0.03 secs] 
2022-09-22T15:09:16.714-0800: 3.154: [Full GC (Ergonomics) [PSYoungGen: 58843K->26643K(116736K)] [ParOldGen: 349547K->349507K(349696K)] 408391K->376150K(466432K), [Metaspace: 3778K->3778K(1056768K)], 0.0359821 secs] [Times: user=0.11 sys=0.01, real=0.04 secs] 
2022-09-22T15:09:16.754-0800: 3.195: [Full GC (Ergonomics) [PSYoungGen: 58806K->28563K(116736K)] [ParOldGen: 349507K->349567K(349696K)] 408313K->378130K(466432K), [Metaspace: 3778K->3778K(1056768K)], 0.0296186 secs] [Times: user=0.13 sys=0.00, real=0.03 secs] 
2022-09-22T15:09:16.788-0800: 3.228: [Full GC (Ergonomics) [PSYoungGen: 58714K->29015K(116736K)] [ParOldGen: 349567K->349309K(349696K)] 408282K->378324K(466432K), [Metaspace: 3778K->3778K(1056768K)], 0.0322292 secs] [Times: user=0.11 sys=0.00, real=0.04 secs] 
2022-09-22T15:09:16.823-0800: 3.263: [Full GC (Ergonomics) [PSYoungGen: 58832K->28754K(116736K)] [ParOldGen: 349309K->349481K(349696K)] 408141K->378236K(466432K), [Metaspace: 3778K->3778K(1056768K)], 0.0312286 secs] [Times: user=0.12 sys=0.00, real=0.03 secs] 
2022-09-22T15:09:16.857-0800: 3.297: [Full GC (Ergonomics) [PSYoungGen: 58837K->29961K(116736K)] [ParOldGen: 349481K->349578K(349696K)] 408319K->379539K(466432K), [Metaspace: 3778K->3778K(1056768K)], 0.0298691 secs] [Times: user=0.10 sys=0.00, real=0.03 secs] 
2022-09-22T15:09:16.891-0800: 3.331: [Full GC (Ergonomics) [PSYoungGen: 58880K->31603K(116736K)] [ParOldGen: 349578K->349393K(349696K)] 408458K->380996K(466432K), [Metaspace: 3778K->3778K(1056768K)], 0.0333033 secs] [Times: user=0.11 sys=0.01, real=0.03 secs] 
2022-09-22T15:09:16.928-0800: 3.368: [Full GC (Ergonomics) [PSYoungGen: 58621K->31857K(116736K)] [ParOldGen: 349393K->349677K(349696K)] 408015K->381535K(466432K), [Metaspace: 3778K->3778K(1056768K)], 0.0317074 secs] [Times: user=0.09 sys=0.00, real=0.04 secs] 
2022-09-22T15:09:16.968-0800: 3.408: [Full GC (Ergonomics) [PSYoungGen: 58496K->33625K(116736K)] [ParOldGen: 349677K->349240K(349696K)] 408174K->382866K(466432K), [Metaspace: 3778K->3778K(1056768K)], 0.0377856 secs] [Times: user=0.08 sys=0.00, real=0.04 secs] 
2022-09-22T15:09:17.009-0800: 3.449: [Full GC (Ergonomics) [PSYoungGen: 58673K->35478K(116736K)] [ParOldGen: 349240K->349139K(349696K)] 407913K->384617K(466432K), [Metaspace: 3778K->3778K(1056768K)], 0.0445739 secs] [Times: user=0.09 sys=0.00, real=0.05 secs] 
2022-09-22T15:09:17.059-0800: 3.500: [Full GC (Ergonomics) [PSYoungGen: 58772K->34805K(116736K)] [ParOldGen: 349139K->349476K(349696K)] 407912K->384281K(466432K), [Metaspace: 3778K->3778K(1056768K)], 0.0440263 secs] [Times: user=0.10 sys=0.00, real=0.05 secs] 
2022-09-22T15:09:17.107-0800: 3.547: [Full GC (Ergonomics) [PSYoungGen: 58871K->34937K(116736K)] [ParOldGen: 349476K->348947K(349696K)] 408347K->383884K(466432K), [Metaspace: 3778K->3778K(1056768K)], 0.0417126 secs] [Times: user=0.13 sys=0.01, real=0.04 secs] 
2022-09-22T15:09:17.153-0800: 3.593: [Full GC (Ergonomics) [PSYoungGen: 58436K->33833K(116736K)] [ParOldGen: 348947K->349633K(349696K)] 407384K->383467K(466432K), [Metaspace: 3778K->3778K(1056768K)], 0.0293919 secs] [Times: user=0.11 sys=0.00, real=0.03 secs] 
2022-09-22T15:09:17.185-0800: 3.625: [Full GC (Ergonomics) [PSYoungGen: 58643K->36009K(116736K)] [ParOldGen: 349633K->349103K(349696K)] 408276K->385112K(466432K), [Metaspace: 3778K->3778K(1056768K)], 0.0340038 secs] [Times: user=0.14 sys=0.00, real=0.03 secs] 
2022-09-22T15:09:17.221-0800: 3.662: [Full GC (Ergonomics) [PSYoungGen: 58742K->35978K(116736K)] [ParOldGen: 349103K->349358K(349696K)] 407846K->385337K(466432K), [Metaspace: 3778K->3778K(1056768K)], 0.0254104 secs] [Times: user=0.11 sys=0.00, real=0.02 secs] 
2022-09-22T15:09:17.249-0800: 3.689: [Full GC (Ergonomics) [PSYoungGen: 58880K->34801K(116736K)] [ParOldGen: 349358K->349668K(349696K)] 408238K->384470K(466432K), [Metaspace: 3778K->3778K(1056768K)], 0.0261249 secs] [Times: user=0.14 sys=0.00, real=0.03 secs] 
2022-09-22T15:09:17.281-0800: 3.721: [Full GC (Ergonomics) [PSYoungGen: 58756K->34539K(116736K)] [ParOldGen: 349668K->349072K(349696K)] 408424K->383612K(466432K), [Metaspace: 3778K->3778K(1056768K)], 0.0326840 secs] [Times: user=0.10 sys=0.01, real=0.03 secs] 
2022-09-22T15:09:17.320-0800: 3.760: [Full GC (Ergonomics) [PSYoungGen: 58880K->31324K(116736K)] [ParOldGen: 349072K->349379K(349696K)] 407952K->380704K(466432K), [Metaspace: 3778K->3778K(1056768K)], 0.0293097 secs] [Times: user=0.10 sys=0.00, real=0.03 secs] 
2022-09-22T15:09:17.353-0800: 3.794: [Full GC (Ergonomics) [PSYoungGen: 58190K->32779K(116736K)] [ParOldGen: 349379K->349303K(349696K)] 407570K->382083K(466432K), [Metaspace: 3778K->3778K(1056768K)], 0.0298267 secs] [Times: user=0.11 sys=0.00, real=0.03 secs] 
2022-09-22T15:09:17.386-0800: 3.827: [Full GC (Ergonomics) [PSYoungGen: 58426K->34382K(116736K)] [ParOldGen: 349303K->349357K(349696K)] 407730K->383739K(466432K), [Metaspace: 3778K->3778K(1056768K)], 0.0284589 secs] [Times: user=0.13 sys=0.00, real=0.03 secs] 
2022-09-22T15:09:17.418-0800: 3.858: [Full GC (Ergonomics) [PSYoungGen: 58828K->34241K(116736K)] [ParOldGen: 349357K->349646K(349696K)] 408185K->383888K(466432K), [Metaspace: 3778K->3778K(1056768K)], 0.0276364 secs] [Times: user=0.11 sys=0.00, real=0.03 secs] 
2022-09-22T15:09:17.448-0800: 3.888: [Full GC (Ergonomics) [PSYoungGen: 58749K->32461K(116736K)] [ParOldGen: 349646K->349603K(349696K)] 408396K->382065K(466432K), [Metaspace: 3778K->3778K(1056768K)], 0.0217090 secs] [Times: user=0.12 sys=0.01, real=0.03 secs] 
2022-09-22T15:09:17.473-0800: 3.913: [Full GC (Ergonomics) [PSYoungGen: 58835K->35086K(116736K)] [ParOldGen: 349603K->349460K(349696K)] 408439K->384547K(466432K), [Metaspace: 3778K->3778K(1056768K)], 0.0239615 secs] [Times: user=0.13 sys=0.00, real=0.02 secs] 
2022-09-22T15:09:17.499-0800: 3.940: [Full GC (Ergonomics) [PSYoungGen: 58811K->37502K(116736K)] [ParOldGen: 349460K->349463K(349696K)] 408272K->386965K(466432K), [Metaspace: 3778K->3778K(1056768K)], 0.0306428 secs] [Times: user=0.15 sys=0.00, real=0.04 secs] 
2022-09-22T15:09:17.533-0800: 3.973: [Full GC (Ergonomics) [PSYoungGen: 58782K->37699K(116736K)] [ParOldGen: 349463K->349573K(349696K)] 408246K->387272K(466432K), [Metaspace: 3778K->3778K(1056768K)], 0.0378458 secs] [Times: user=0.13 sys=0.00, real=0.04 secs] 
2022-09-22T15:09:17.573-0800: 4.014: [Full GC (Ergonomics) [PSYoungGen: 58817K->33654K(116736K)] [ParOldGen: 349573K->349421K(349696K)] 408390K->383075K(466432K), [Metaspace: 3778K->3778K(1056768K)], 0.0394750 secs] [Times: user=0.13 sys=0.01, real=0.04 secs] 
2022-09-22T15:09:17.616-0800: 4.056: [Full GC (Ergonomics) [PSYoungGen: 58809K->32075K(116736K)] [ParOldGen: 349421K->349516K(349696K)] 408230K->381591K(466432K), [Metaspace: 3778K->3778K(1056768K)], 0.0413325 secs] [Times: user=0.16 sys=0.00, real=0.04 secs] 
2022-09-22T15:09:17.662-0800: 4.102: [Full GC (Ergonomics) [PSYoungGen: 58836K->32860K(116736K)] [ParOldGen: 349516K->349250K(349696K)] 408353K->382110K(466432K), [Metaspace: 3778K->3778K(1056768K)], 0.0456376 secs] [Times: user=0.16 sys=0.00, real=0.04 secs] 
2022-09-22T15:09:17.711-0800: 4.151: [Full GC (Ergonomics) [PSYoungGen: 58850K->33048K(116736K)] [ParOldGen: 349250K->349304K(349696K)] 408100K->382353K(466432K), [Metaspace: 3778K->3778K(1056768K)], 0.0373020 secs] [Times: user=0.14 sys=0.01, real=0.03 secs] 
2022-09-22T15:09:17.753-0800: 4.194: [Full GC (Ergonomics) [PSYoungGen: 58880K->32212K(116736K)] [ParOldGen: 349304K->349477K(349696K)] 408184K->381689K(466432K), [Metaspace: 3778K->3778K(1056768K)], 0.0348387 secs] [Times: user=0.12 sys=0.00, real=0.03 secs] 
2022-09-22T15:09:17.794-0800: 4.234: [Full GC (Ergonomics) [PSYoungGen: 58880K->32477K(116736K)] [ParOldGen: 349477K->349283K(349696K)] 408357K->381761K(466432K), [Metaspace: 3778K->3778K(1056768K)], 0.0451462 secs] [Times: user=0.14 sys=0.00, real=0.04 secs] 
2022-09-22T15:09:17.845-0800: 4.285: [Full GC (Ergonomics) [PSYoungGen: 58880K->30580K(116736K)] [ParOldGen: 349283K->349342K(349696K)] 408163K->379922K(466432K), [Metaspace: 3778K->3778K(1056768K)], 0.0424993 secs] [Times: user=0.15 sys=0.01, real=0.04 secs] 
2022-09-22T15:09:17.891-0800: 4.331: [Full GC (Ergonomics) [PSYoungGen: 58880K->31562K(116736K)] [ParOldGen: 349342K->349245K(349696K)] 408222K->380807K(466432K), [Metaspace: 3778K->3778K(1056768K)], 0.0382659 secs] [Times: user=0.13 sys=0.00, real=0.03 secs] 
2022-09-22T15:09:17.932-0800: 4.372: [Full GC (Ergonomics) [PSYoungGen: 58838K->25010K(116736K)] [ParOldGen: 349245K->349689K(349696K)] 408083K->374700K(466432K), [Metaspace: 3778K->3778K(1056768K)], 0.0285170 secs] [Times: user=0.10 sys=0.00, real=0.03 secs] 
2022-09-22T15:09:17.965-0800: 4.405: [Full GC (Ergonomics) [PSYoungGen: 58686K->21931K(116736K)] [ParOldGen: 349689K->349356K(349696K)] 408376K->371288K(466432K), [Metaspace: 3778K->3778K(1056768K)], 0.0271410 secs] [Times: user=0.10 sys=0.00, real=0.03 secs] 
2022-09-22T15:09:17.997-0800: 4.437: [Full GC (Ergonomics) [PSYoungGen: 58390K->23655K(116736K)] [ParOldGen: 349356K->349570K(349696K)] 407747K->373225K(466432K), [Metaspace: 3778K->3778K(1056768K)], 0.0375321 secs] [Times: user=0.11 sys=0.00, real=0.04 secs] 
2022-09-22T15:09:18.038-0800: 4.479: [Full GC (Ergonomics) [PSYoungGen: 58880K->27311K(116736K)] [ParOldGen: 349570K->349638K(349696K)] 408450K->376950K(466432K), [Metaspace: 3778K->3778K(1056768K)], 0.0365213 secs] [Times: user=0.11 sys=0.01, real=0.04 secs] 
2022-09-22T15:09:18.082-0800: 4.522: [Full GC (Ergonomics) [PSYoungGen: 58880K->25541K(116736K)] [ParOldGen: 349638K->349640K(349696K)] 408518K->375182K(466432K), [Metaspace: 3778K->3778K(1056768K)], 0.0393213 secs] [Times: user=0.16 sys=0.00, real=0.04 secs] 
2022-09-22T15:09:18.127-0800: 4.567: [Full GC (Ergonomics) [PSYoungGen: 58880K->28082K(116736K)] [ParOldGen: 349640K->349295K(349696K)] 408520K->377377K(466432K), [Metaspace: 3778K->3778K(1056768K)], 0.0303387 secs] [Times: user=0.16 sys=0.00, real=0.03 secs] 
2022-09-22T15:09:18.161-0800: 4.601: [Full GC (Ergonomics) [PSYoungGen: 58880K->25387K(116736K)] [ParOldGen: 349295K->349262K(349696K)] 408175K->374649K(466432K), [Metaspace: 3778K->3778K(1056768K)], 0.0275681 secs] [Times: user=0.13 sys=0.00, real=0.02 secs] 
2022-09-22T15:09:18.194-0800: 4.634: [Full GC (Ergonomics) [PSYoungGen: 58870K->27484K(116736K)] [ParOldGen: 349262K->349684K(349696K)] 408133K->377168K(466432K), [Metaspace: 3778K->3778K(1056768K)], 0.0303248 secs] [Times: user=0.16 sys=0.01, real=0.03 secs] 
2022-09-22T15:09:18.229-0800: 4.669: [Full GC (Ergonomics) [PSYoungGen: 58828K->28037K(116736K)] [ParOldGen: 349684K->349274K(349696K)] 408512K->377311K(466432K), [Metaspace: 3778K->3778K(1056768K)], 0.0262428 secs] [Times: user=0.14 sys=0.00, real=0.03 secs] 
2022-09-22T15:09:18.258-0800: 4.698: [Full GC (Ergonomics) [PSYoungGen: 58847K->25858K(116736K)] [ParOldGen: 349274K->349463K(349696K)] 408121K->375321K(466432K), [Metaspace: 3778K->3778K(1056768K)], 0.0256707 secs] [Times: user=0.14 sys=0.00, real=0.03 secs] 
2022-09-22T15:09:18.287-0800: 4.728: [Full GC (Ergonomics) [PSYoungGen: 58812K->24641K(116736K)] [ParOldGen: 349463K->349313K(349696K)] 408275K->373954K(466432K), [Metaspace: 3778K->3778K(1056768K)], 0.0280168 secs] [Times: user=0.15 sys=0.00, real=0.03 secs] 
2022-09-22T15:09:18.319-0800: 4.759: [Full GC (Ergonomics) [PSYoungGen: 58709K->29216K(116736K)] [ParOldGen: 349313K->349456K(349696K)] 408023K->378672K(466432K), [Metaspace: 3778K->3778K(1056768K)], 0.0263219 secs] [Times: user=0.15 sys=0.01, real=0.03 secs] 
2022-09-22T15:09:18.348-0800: 4.788: [Full GC (Ergonomics) [PSYoungGen: 58763K->31555K(116736K)] [ParOldGen: 349456K->349464K(349696K)] 408220K->381020K(466432K), [Metaspace: 3778K->3778K(1056768K)], 0.0270576 secs] [Times: user=0.17 sys=0.00, real=0.03 secs] 
2022-09-22T15:09:18.378-0800: 4.818: [Full GC (Ergonomics) [PSYoungGen: 58880K->32838K(116736K)] [ParOldGen: 349464K->349090K(349696K)] 408344K->381929K(466432K), [Metaspace: 3778K->3778K(1056768K)], 0.0267138 secs] [Times: user=0.15 sys=0.00, real=0.03 secs] 
2022-09-22T15:09:18.407-0800: 4.848: [Full GC (Ergonomics) [PSYoungGen: 58403K->35458K(116736K)] [ParOldGen: 349090K->349311K(349696K)] 407494K->384770K(466432K), [Metaspace: 3778K->3778K(1056768K)], 0.0241060 secs] [Times: user=0.14 sys=0.00, real=0.03 secs] 
2022-09-22T15:09:18.435-0800: 4.875: [Full GC (Ergonomics) [PSYoungGen: 58880K->36272K(116736K)] [ParOldGen: 349311K->349607K(349696K)] 408191K->385880K(466432K), [Metaspace: 3778K->3778K(1056768K)], 0.0279862 secs] [Times: user=0.16 sys=0.00, real=0.03 secs] 
2022-09-22T15:09:18.465-0800: 4.905: [Full GC (Ergonomics) [PSYoungGen: 58769K->34175K(116736K)] [ParOldGen: 349607K->349439K(349696K)] 408377K->383614K(466432K), [Metaspace: 3778K->3778K(1056768K)], 0.0286712 secs] [Times: user=0.17 sys=0.01, real=0.03 secs] 
2022-09-22T15:09:18.496-0800: 4.937: [Full GC (Ergonomics) [PSYoungGen: 58750K->30904K(116736K)] [ParOldGen: 349439K->349408K(349696K)] 408189K->380312K(466432K), [Metaspace: 3778K->3778K(1056768K)], 0.0274191 secs] [Times: user=0.15 sys=0.00, real=0.03 secs] 
2022-09-22T15:09:18.527-0800: 4.967: [Full GC (Ergonomics) [PSYoungGen: 58840K->28058K(116736K)] [ParOldGen: 349408K->349123K(349696K)] 408249K->377182K(466432K), [Metaspace: 3778K->3778K(1056768K)], 0.0375179 secs] [Times: user=0.15 sys=0.00, real=0.04 secs] 
2022-09-22T15:09:18.573-0800: 5.013: [Full GC (Ergonomics) [PSYoungGen: 58765K->25643K(116736K)] [ParOldGen: 349123K->349082K(349696K)] 407888K->374726K(466432K), [Metaspace: 3778K->3778K(1056768K)], 0.0409755 secs] [Times: user=0.18 sys=0.01, real=0.04 secs] 
2022-09-22T15:09:18.619-0800: 5.059: [Full GC (Ergonomics) [PSYoungGen: 58621K->25149K(116736K)] [ParOldGen: 349082K->349173K(349696K)] 407704K->374323K(466432K), [Metaspace: 3778K->3778K(1056768K)], 0.0433368 secs] [Times: user=0.18 sys=0.00, real=0.05 secs] 
2022-09-22T15:09:18.669-0800: 5.109: [Full GC (Ergonomics) [PSYoungGen: 58880K->23758K(116736K)] [ParOldGen: 349173K->349528K(349696K)] 408053K->373286K(466432K), [Metaspace: 3778K->3778K(1056768K)], 0.0367259 secs] [Times: user=0.16 sys=0.01, real=0.04 secs] 
2022-09-22T15:09:18.711-0800: 5.152: [Full GC (Ergonomics) [PSYoungGen: 58880K->23810K(116736K)] [ParOldGen: 349528K->349487K(349696K)] 408408K->373297K(466432K), [Metaspace: 3778K->3778K(1056768K)], 0.0325634 secs] [Times: user=0.13 sys=0.00, real=0.03 secs] 
2022-09-22T15:09:18.748-0800: 5.188: [Full GC (Ergonomics) [PSYoungGen: 58880K->21753K(116736K)] [ParOldGen: 349487K->349305K(349696K)] 408367K->371058K(466432K), [Metaspace: 3778K->3778K(1056768K)], 0.0279606 secs] [Times: user=0.15 sys=0.00, real=0.03 secs] 
2022-09-22T15:09:18.780-0800: 5.220: [Full GC (Ergonomics) [PSYoungGen: 58683K->19948K(116736K)] [ParOldGen: 349305K->349073K(349696K)] 407988K->369021K(466432K), [Metaspace: 3778K->3778K(1056768K)], 0.0247810 secs] [Times: user=0.15 sys=0.00, real=0.02 secs] 
2022-09-22T15:09:18.809-0800: 5.249: [Full GC (Ergonomics) [PSYoungGen: 58880K->23163K(116736K)] [ParOldGen: 349073K->349687K(349696K)] 407953K->372851K(466432K), [Metaspace: 3778K->3778K(1056768K)], 0.0264353 secs] [Times: user=0.13 sys=0.00, real=0.03 secs] 
2022-09-22T15:09:18.840-0800: 5.280: [Full GC (Ergonomics) [PSYoungGen: 58816K->24738K(116736K)] [ParOldGen: 349687K->349286K(349696K)] 408504K->374024K(466432K), [Metaspace: 3778K->3778K(1056768K)], 0.0258835 secs] [Times: user=0.11 sys=0.00, real=0.02 secs] 
2022-09-22T15:09:18.875-0800: 5.315: [Full GC (Ergonomics) [PSYoungGen: 58858K->27311K(116736K)] [ParOldGen: 349286K->349480K(349696K)] 408145K->376792K(466432K), [Metaspace: 3778K->3778K(1056768K)], 0.0245550 secs] [Times: user=0.15 sys=0.00, real=0.03 secs] 
2022-09-22T15:09:18.903-0800: 5.343: [Full GC (Ergonomics) [PSYoungGen: 58880K->23392K(116736K)] [ParOldGen: 349480K->349663K(349696K)] 408360K->373056K(466432K), [Metaspace: 3778K->3778K(1056768K)], 0.0244660 secs] [Times: user=0.14 sys=0.00, real=0.02 secs] 
2022-09-22T15:09:18.931-0800: 5.372: [Full GC (Ergonomics) [PSYoungGen: 58880K->25145K(116736K)] [ParOldGen: 349663K->349618K(349696K)] 408543K->374764K(466432K), [Metaspace: 3778K->3778K(1056768K)], 0.0273798 secs] [Times: user=0.14 sys=0.00, real=0.02 secs] 
2022-09-22T15:09:18.963-0800: 5.403: [Full GC (Ergonomics) [PSYoungGen: 58880K->23878K(116736K)] [ParOldGen: 349618K->349539K(349696K)] 408498K->373418K(466432K), [Metaspace: 3778K->3778K(1056768K)], 0.0250639 secs] [Times: user=0.15 sys=0.00, real=0.02 secs] 
2022-09-22T15:09:18.992-0800: 5.433: [Full GC (Ergonomics) [PSYoungGen: 58539K->22836K(116736K)] [ParOldGen: 349539K->349625K(349696K)] 408078K->372461K(466432K), [Metaspace: 3778K->3778K(1056768K)], 0.0250695 secs] [Times: user=0.14 sys=0.01, real=0.02 secs] 
2022-09-22T15:09:19.021-0800: 5.462: [Full GC (Ergonomics) [PSYoungGen: 58880K->23704K(116736K)] [ParOldGen: 349625K->349692K(349696K)] 408505K->373396K(466432K), [Metaspace: 3778K->3778K(1056768K)], 0.0247179 secs] [Times: user=0.13 sys=0.00, real=0.02 secs] 
2022-09-22T15:09:19.052-0800: 5.492: [Full GC (Ergonomics) [PSYoungGen: 58880K->23473K(116736K)] [ParOldGen: 349692K->349484K(349696K)] 408572K->372958K(466432K), [Metaspace: 3778K->3778K(1056768K)], 0.0281002 secs] [Times: user=0.13 sys=0.00, real=0.03 secs] 
2022-09-22T15:09:19.084-0800: 5.524: [Full GC (Ergonomics) [PSYoungGen: 58880K->21819K(116736K)] [ParOldGen: 349484K->348953K(349696K)] 408364K->370772K(466432K), [Metaspace: 3778K->3778K(1056768K)], 0.0348914 secs] [Times: user=0.17 sys=0.00, real=0.03 secs] 
2022-09-22T15:09:19.124-0800: 5.565: [Full GC (Ergonomics) [PSYoungGen: 58576K->21888K(116736K)] [ParOldGen: 348953K->349237K(349696K)] 407529K->371126K(466432K), [Metaspace: 3778K->3778K(1056768K)], 0.0389814 secs] [Times: user=0.18 sys=0.01, real=0.04 secs] 
2022-09-22T15:09:19.169-0800: 5.609: [Full GC (Ergonomics) [PSYoungGen: 58718K->19320K(116736K)] [ParOldGen: 349237K->349617K(349696K)] 407955K->368937K(466432K), [Metaspace: 3778K->3778K(1056768K)], 0.0359015 secs] [Times: user=0.13 sys=0.00, real=0.04 secs] 
2022-09-22T15:09:19.211-0800: 5.651: [Full GC (Ergonomics) [PSYoungGen: 58880K->22394K(116736K)] [ParOldGen: 349617K->349605K(349696K)] 408497K->371999K(466432K), [Metaspace: 3778K->3778K(1056768K)], 0.0376937 secs] [Times: user=0.16 sys=0.01, real=0.03 secs] 
2022-09-22T15:09:19.256-0800: 5.697: [Full GC (Ergonomics) [PSYoungGen: 58732K->25730K(116736K)] [ParOldGen: 349605K->349683K(349696K)] 408338K->375414K(466432K), [Metaspace: 3778K->3778K(1056768K)], 0.0413574 secs] [Times: user=0.17 sys=0.00, real=0.04 secs] 
2022-09-22T15:09:19.302-0800: 5.742: [Full GC (Ergonomics) [PSYoungGen: 58186K->27977K(116736K)] [ParOldGen: 349683K->349387K(349696K)] 407869K->377365K(466432K), [Metaspace: 3778K->3778K(1056768K)], 0.0387654 secs] [Times: user=0.14 sys=0.00, real=0.04 secs] 
2022-09-22T15:09:19.345-0800: 5.786: [Full GC (Ergonomics) [PSYoungGen: 58520K->27720K(116736K)] [ParOldGen: 349387K->349693K(349696K)] 407908K->377414K(466432K), [Metaspace: 3778K->3778K(1056768K)], 0.0285681 secs] [Times: user=0.15 sys=0.01, real=0.03 secs] 
2022-09-22T15:09:19.377-0800: 5.818: [Full GC (Ergonomics) [PSYoungGen: 58645K->31321K(116736K)] [ParOldGen: 349693K->349668K(349696K)] 408339K->380989K(466432K), [Metaspace: 3778K->3778K(1056768K)], 0.0259281 secs] [Times: user=0.15 sys=0.00, real=0.03 secs] 
2022-09-22T15:09:19.406-0800: 5.847: [Full GC (Ergonomics) [PSYoungGen: 58765K->32709K(116736K)] [ParOldGen: 349668K->349346K(349696K)] 408434K->382056K(466432K), [Metaspace: 3778K->3778K(1056768K)], 0.0262642 secs] [Times: user=0.15 sys=0.00, real=0.03 secs] 
2022-09-22T15:09:19.436-0800: 5.876: [Full GC (Ergonomics) [PSYoungGen: 58582K->29994K(116736K)] [ParOldGen: 349346K->349106K(349696K)] 407929K->379101K(466432K), [Metaspace: 3778K->3778K(1056768K)], 0.0243678 secs] [Times: user=0.14 sys=0.00, real=0.03 secs] 
2022-09-22T15:09:19.464-0800: 5.905: [Full GC (Ergonomics) [PSYoungGen: 58545K->27114K(116736K)] [ParOldGen: 349106K->349500K(349696K)] 407652K->376614K(466432K), [Metaspace: 3778K->3778K(1056768K)], 0.0231529 secs] [Times: user=0.14 sys=0.00, real=0.02 secs] 
2022-09-22T15:09:19.491-0800: 5.931: [Full GC (Ergonomics) [PSYoungGen: 58795K->29707K(116736K)] [ParOldGen: 349500K->348969K(349696K)] 408295K->378677K(466432K), [Metaspace: 3778K->3778K(1056768K)], 0.0324917 secs] [Times: user=0.15 sys=0.01, real=0.03 secs] 
2022-09-22T15:09:19.528-0800: 5.968: [Full GC (Ergonomics) [PSYoungGen: 58778K->29206K(116736K)] [ParOldGen: 348969K->349327K(349696K)] 407748K->378533K(466432K), [Metaspace: 3778K->3778K(1056768K)], 0.0352690 secs] [Times: user=0.15 sys=0.00, real=0.04 secs] 
2022-09-22T15:09:19.572-0800: 6.012: [Full GC (Ergonomics) [PSYoungGen: 58498K->29019K(116736K)] [ParOldGen: 349327K->349652K(349696K)] 407825K->378671K(466432K), [Metaspace: 3778K->3778K(1056768K)], 0.0438925 secs] [Times: user=0.17 sys=0.01, real=0.04 secs] 
2022-09-22T15:09:19.619-0800: 6.060: [Full GC (Ergonomics) [PSYoungGen: 58880K->28146K(116736K)] [ParOldGen: 349652K->349501K(349696K)] 408532K->377648K(466432K), [Metaspace: 3778K->3778K(1056768K)], 0.0407730 secs] [Times: user=0.17 sys=0.00, real=0.05 secs] 
2022-09-22T15:09:19.664-0800: 6.104: [Full GC (Ergonomics) [PSYoungGen: 58853K->30354K(116736K)] [ParOldGen: 349501K->349100K(349696K)] 408355K->379455K(466432K), [Metaspace: 3778K->3778K(1056768K)], 0.0377670 secs] [Times: user=0.16 sys=0.00, real=0.04 secs] 
2022-09-22T15:09:19.706-0800: 6.147: [Full GC (Ergonomics) [PSYoungGen: 58613K->31074K(116736K)] [ParOldGen: 349100K->349011K(349696K)] 407714K->380086K(466432K), [Metaspace: 3778K->3778K(1056768K)], 0.0370713 secs] [Times: user=0.16 sys=0.01, real=0.04 secs] 
2022-09-22T15:09:19.748-0800: 6.189: [Full GC (Ergonomics) [PSYoungGen: 58880K->30621K(116736K)] [ParOldGen: 349011K->349566K(349696K)] 407891K->380188K(466432K), [Metaspace: 3778K->3778K(1056768K)], 0.0404028 secs] [Times: user=0.18 sys=0.00, real=0.04 secs] 
2022-09-22T15:09:19.794-0800: 6.234: [Full GC (Ergonomics) [PSYoungGen: 58570K->30379K(116736K)] [ParOldGen: 349566K->349378K(349696K)] 408137K->379757K(466432K), [Metaspace: 3778K->3778K(1056768K)], 0.0352316 secs] [Times: user=0.16 sys=0.01, real=0.03 secs] 
2022-09-22T15:09:19.832-0800: 6.273: [Full GC (Ergonomics) [PSYoungGen: 58774K->32148K(116736K)] [ParOldGen: 349378K->349556K(349696K)] 408153K->381705K(466432K), [Metaspace: 3778K->3778K(1056768K)], 0.0239097 secs] [Times: user=0.14 sys=0.00, real=0.02 secs] 
2022-09-22T15:09:19.860-0800: 6.300: [Full GC (Ergonomics) [PSYoungGen: 58793K->36082K(116736K)] [ParOldGen: 349556K->349398K(349696K)] 408349K->385480K(466432K), [Metaspace: 3778K->3778K(1056768K)], 0.0254935 secs] [Times: user=0.15 sys=0.00, real=0.02 secs] 
2022-09-22T15:09:19.888-0800: 6.329: [Full GC (Ergonomics) [PSYoungGen: 58219K->38644K(116736K)] [ParOldGen: 349398K->349265K(349696K)] 407617K->387910K(466432K), [Metaspace: 3778K->3778K(1056768K)], 0.0256197 secs] [Times: user=0.14 sys=0.00, real=0.03 secs] 
2022-09-22T15:09:19.917-0800: 6.357: [Full GC (Ergonomics) [PSYoungGen: 58285K->37880K(116736K)] [ParOldGen: 349265K->349240K(349696K)] 407551K->387121K(466432K), [Metaspace: 3778K->3778K(1056768K)], 0.0269872 secs] [Times: user=0.16 sys=0.00, real=0.03 secs] 
2022-09-22T15:09:19.947-0800: 6.387: [Full GC (Ergonomics) [PSYoungGen: 58249K->36569K(116736K)] [ParOldGen: 349240K->349238K(349696K)] 407489K->385808K(466432K), [Metaspace: 3778K->3778K(1056768K)], 0.0247718 secs] [Times: user=0.14 sys=0.01, real=0.03 secs] 
2022-09-22T15:09:19.974-0800: 6.414: [Full GC (Ergonomics) [PSYoungGen: 58642K->35282K(116736K)] [ParOldGen: 349238K->349134K(349696K)] 407881K->384416K(466432K), [Metaspace: 3778K->3778K(1056768K)], 0.0261521 secs] [Times: user=0.16 sys=0.00, real=0.03 secs] 
2022-09-22T15:09:20.005-0800: 6.445: [Full GC (Ergonomics) [PSYoungGen: 58809K->37408K(116736K)] [ParOldGen: 349134K->348978K(349696K)] 407943K->386387K(466432K), [Metaspace: 3778K->3778K(1056768K)], 0.0448188 secs] [Times: user=0.15 sys=0.00, real=0.05 secs] 
2022-09-22T15:09:20.053-0800: 6.493: [Full GC (Ergonomics) [PSYoungGen: 58854K->37509K(116736K)] [ParOldGen: 348978K->349083K(349696K)] 407833K->386592K(466432K), [Metaspace: 3778K->3778K(1056768K)], 0.0479728 secs] [Times: user=0.18 sys=0.01, real=0.05 secs] 
2022-09-22T15:09:20.105-0800: 6.545: [Full GC (Ergonomics) [PSYoungGen: 58706K->34517K(116736K)] [ParOldGen: 349083K->349334K(349696K)] 407790K->383852K(466432K), [Metaspace: 3778K->3778K(1056768K)], 0.0349018 secs] [Times: user=0.15 sys=0.00, real=0.04 secs] 
2022-09-22T15:09:20.144-0800: 6.584: [Full GC (Ergonomics) [PSYoungGen: 58400K->36942K(116736K)] [ParOldGen: 349334K->348957K(349696K)] 407735K->385899K(466432K), [Metaspace: 3778K->3778K(1056768K)], 0.0354908 secs] [Times: user=0.14 sys=0.01, real=0.03 secs] 
2022-09-22T15:09:20.186-0800: 6.627: [Full GC (Ergonomics) [PSYoungGen: 58771K->38201K(116736K)] [ParOldGen: 348957K->349316K(349696K)] 407728K->387518K(466432K), [Metaspace: 3778K->3778K(1056768K)], 0.0366085 secs] [Times: user=0.13 sys=0.00, real=0.04 secs] 
2022-09-22T15:09:20.229-0800: 6.669: [Full GC (Ergonomics) [PSYoungGen: 58721K->36204K(116736K)] [ParOldGen: 349316K->349594K(349696K)] 408037K->385799K(466432K), [Metaspace: 3778K->3778K(1056768K)], 0.0264136 secs] [Times: user=0.13 sys=0.00, real=0.03 secs] 
2022-09-22T15:09:20.257-0800: 6.698: [Full GC (Ergonomics) [PSYoungGen: 58729K->40095K(116736K)] [ParOldGen: 349594K->349513K(349696K)] 408323K->389608K(466432K), [Metaspace: 3778K->3778K(1056768K)], 0.0313408 secs] [Times: user=0.16 sys=0.00, real=0.03 secs] 
2022-09-22T15:09:20.291-0800: 6.731: [Full GC (Ergonomics) [PSYoungGen: 58880K->38006K(116736K)] [ParOldGen: 349513K->349493K(349696K)] 408393K->387499K(466432K), [Metaspace: 3778K->3778K(1056768K)], 0.0233778 secs] [Times: user=0.14 sys=0.01, real=0.02 secs] 
2022-09-22T15:09:20.319-0800: 6.759: [Full GC (Ergonomics) [PSYoungGen: 58751K->35004K(116736K)] [ParOldGen: 349493K->349365K(349696K)] 408245K->384369K(466432K), [Metaspace: 3778K->3778K(1056768K)], 0.0257903 secs] [Times: user=0.16 sys=0.00, real=0.03 secs] 
2022-09-22T15:09:20.347-0800: 6.787: [Full GC (Ergonomics) [PSYoungGen: 58880K->32386K(116736K)] [ParOldGen: 349365K->349520K(349696K)] 408245K->381906K(466432K), [Metaspace: 3778K->3778K(1056768K)], 0.0249936 secs] [Times: user=0.15 sys=0.00, real=0.03 secs] 
2022-09-22T15:09:20.375-0800: 6.815: [Full GC (Ergonomics) [PSYoungGen: 58627K->33949K(116736K)] [ParOldGen: 349520K->349058K(349696K)] 408147K->383008K(466432K), [Metaspace: 3778K->3778K(1056768K)], 0.0263548 secs] [Times: user=0.14 sys=0.00, real=0.03 secs] 
2022-09-22T15:09:20.404-0800: 6.844: [Full GC (Ergonomics) [PSYoungGen: 58765K->35093K(116736K)] [ParOldGen: 349058K->349236K(349696K)] 407823K->384329K(466432K), [Metaspace: 3778K->3778K(1056768K)], 0.0290210 secs] [Times: user=0.15 sys=0.00, real=0.03 secs] 
2022-09-22T15:09:20.438-0800: 6.878: [Full GC (Ergonomics) [PSYoungGen: 58774K->34225K(116736K)] [ParOldGen: 349236K->349410K(349696K)] 408010K->383636K(466432K), [Metaspace: 3778K->3778K(1056768K)], 0.0247723 secs] [Times: user=0.13 sys=0.01, real=0.03 secs] 
2022-09-22T15:09:20.465-0800: 6.905: [Full GC (Ergonomics) [PSYoungGen: 58848K->34189K(116736K)] [ParOldGen: 349410K->349327K(349696K)] 408259K->383516K(466432K), [Metaspace: 3778K->3778K(1056768K)], 0.0283234 secs] [Times: user=0.13 sys=0.00, real=0.03 secs] 
2022-09-22T15:09:20.496-0800: 6.936: [Full GC (Ergonomics) [PSYoungGen: 58814K->34221K(116736K)] [ParOldGen: 349327K->349286K(349696K)] 408141K->383508K(466432K), [Metaspace: 3778K->3778K(1056768K)], 0.0242572 secs] [Times: user=0.13 sys=0.00, real=0.03 secs] 
2022-09-22T15:09:20.525-0800: 6.965: [Full GC (Ergonomics) [PSYoungGen: 58880K->31460K(116736K)] [ParOldGen: 349286K->349204K(349696K)] 408166K->380664K(466432K), [Metaspace: 3778K->3778K(1056768K)], 0.0276620 secs] [Times: user=0.11 sys=0.00, real=0.03 secs] 
2022-09-22T15:09:20.556-0800: 6.997: [Full GC (Ergonomics) [PSYoungGen: 58685K->27543K(116736K)] [ParOldGen: 349204K->349687K(349696K)] 407890K->377231K(466432K), [Metaspace: 3778K->3778K(1056768K)], 0.0293426 secs] [Times: user=0.12 sys=0.00, real=0.03 secs] 
2022-09-22T15:09:20.590-0800: 7.030: [Full GC (Ergonomics) [PSYoungGen: 58880K->28703K(116736K)] [ParOldGen: 349687K->349660K(349696K)] 408567K->378364K(466432K), [Metaspace: 3778K->3778K(1056768K)], 0.0258605 secs] [Times: user=0.12 sys=0.01, real=0.02 secs] 
2022-09-22T15:09:20.621-0800: 7.061: [Full GC (Ergonomics) [PSYoungGen: 58619K->27628K(116736K)] [ParOldGen: 349660K->349622K(349696K)] 408279K->377251K(466432K), [Metaspace: 3778K->3778K(1056768K)], 0.0277772 secs] [Times: user=0.11 sys=0.00, real=0.02 secs] 
2022-09-22T15:09:20.652-0800: 7.092: [Full GC (Ergonomics) [PSYoungGen: 58879K->24866K(116736K)] [ParOldGen: 349622K->349242K(349696K)] 408502K->374109K(466432K), [Metaspace: 3778K->3778K(1056768K)], 0.0456738 secs] [Times: user=0.16 sys=0.00, real=0.04 secs] 
2022-09-22T15:09:20.703-0800: 7.143: [Full GC (Ergonomics) [PSYoungGen: 58698K->27626K(116736K)] [ParOldGen: 349242K->349172K(349696K)] 407941K->376798K(466432K), [Metaspace: 3778K->3778K(1056768K)], 0.0421822 secs] [Times: user=0.11 sys=0.00, real=0.04 secs] 
2022-09-22T15:09:20.751-0800: 7.191: [Full GC (Ergonomics) [PSYoungGen: 58703K->27138K(116736K)] [ParOldGen: 349172K->349450K(349696K)] 407875K->376588K(466432K), [Metaspace: 3778K->3778K(1056768K)], 0.0517079 secs] [Times: user=0.14 sys=0.01, real=0.05 secs] 
2022-09-22T15:09:20.808-0800: 7.248: [Full GC (Ergonomics) [PSYoungGen: 58259K->25120K(116736K)] [ParOldGen: 349450K->349677K(349696K)] 407709K->374797K(466432K), [Metaspace: 3778K->3778K(1056768K)], 0.0509131 secs] [Times: user=0.12 sys=0.00, real=0.05 secs] 
2022-09-22T15:09:20.863-0800: 7.303: [Full GC (Ergonomics) [PSYoungGen: 58811K->26215K(116736K)] [ParOldGen: 349677K->349691K(349696K)] 408489K->375906K(466432K), [Metaspace: 3778K->3778K(1056768K)], 0.0277152 secs] [Times: user=0.12 sys=0.00, real=0.03 secs] 
2022-09-22T15:09:20.897-0800: 7.338: [Full GC (Ergonomics) [PSYoungGen: 58543K->29584K(116736K)] [ParOldGen: 349691K->349237K(349696K)] 408234K->378821K(466432K), [Metaspace: 3778K->3778K(1056768K)], 0.0421509 secs] [Times: user=0.15 sys=0.01, real=0.05 secs] 
2022-09-22T15:09:20.945-0800: 7.385: [Full GC (Ergonomics) [PSYoungGen: 58793K->30106K(116736K)] [ParOldGen: 349237K->349036K(349696K)] 408030K->379142K(466432K), [Metaspace: 3778K->3778K(1056768K)], 0.0315057 secs] [Times: user=0.13 sys=0.00, real=0.03 secs] 
2022-09-22T15:09:20.980-0800: 7.421: [Full GC (Ergonomics) [PSYoungGen: 58839K->31634K(116736K)] [ParOldGen: 349036K->349614K(349696K)] 407875K->381248K(466432K), [Metaspace: 3778K->3778K(1056768K)], 0.0340508 secs] [Times: user=0.17 sys=0.00, real=0.03 secs] 
2022-09-22T15:09:21.020-0800: 7.460: [Full GC (Ergonomics) [PSYoungGen: 58880K->29745K(116736K)] [ParOldGen: 349614K->349622K(349696K)] 408494K->379368K(466432K), [Metaspace: 3778K->3778K(1056768K)], 0.0231299 secs] [Times: user=0.12 sys=0.00, real=0.02 secs] 
2022-09-22T15:09:21.046-0800: 7.486: [Full GC (Ergonomics) [PSYoungGen: 58880K->29961K(116736K)] [ParOldGen: 349622K->348967K(349696K)] 408502K->378928K(466432K), [Metaspace: 3778K->3778K(1056768K)], 0.0261143 secs] [Times: user=0.12 sys=0.01, real=0.03 secs] 
2022-09-22T15:09:21.077-0800: 7.517: [Full GC (Ergonomics) [PSYoungGen: 58454K->30047K(116736K)] [ParOldGen: 348967K->348930K(349696K)] 407421K->378977K(466432K), [Metaspace: 3778K->3778K(1056768K)], 0.0257230 secs] [Times: user=0.10 sys=0.00, real=0.03 secs] 
2022-09-22T15:09:21.108-0800: 7.548: [Full GC (Ergonomics) [PSYoungGen: 58502K->27550K(116736K)] [ParOldGen: 348930K->349686K(349696K)] 407432K->377237K(466432K), [Metaspace: 3778K->3778K(1056768K)], 0.0292823 secs] [Times: user=0.10 sys=0.00, real=0.03 secs] 
2022-09-22T15:09:21.141-0800: 7.581: [Full GC (Ergonomics) [PSYoungGen: 58661K->29240K(116736K)] [ParOldGen: 349686K->349172K(349696K)] 408348K->378412K(466432K), [Metaspace: 3778K->3778K(1056768K)], 0.0278576 secs] [Times: user=0.10 sys=0.00, real=0.02 secs] 
2022-09-22T15:09:21.174-0800: 7.614: [Full GC (Ergonomics) [PSYoungGen: 58880K->28976K(116736K)] [ParOldGen: 349172K->349390K(349696K)] 408052K->378367K(466432K), [Metaspace: 3778K->3778K(1056768K)], 0.0295053 secs] [Times: user=0.11 sys=0.00, real=0.03 secs] 
2022-09-22T15:09:21.210-0800: 7.651: [Full GC (Ergonomics) [PSYoungGen: 58447K->23404K(116736K)] [ParOldGen: 349390K->349090K(349696K)] 407837K->372494K(466432K), [Metaspace: 3778K->3778K(1056768K)], 0.0394113 secs] [Times: user=0.13 sys=0.01, real=0.04 secs] 
2022-09-22T15:09:21.255-0800: 7.695: [Full GC (Ergonomics) [PSYoungGen: 58600K->23279K(116736K)] [ParOldGen: 349090K->349489K(349696K)] 407690K->372769K(466432K), [Metaspace: 3778K->3778K(1056768K)], 0.0295807 secs] [Times: user=0.13 sys=0.00, real=0.03 secs] 
2022-09-22T15:09:21.288-0800: 7.728: [Full GC (Ergonomics) [PSYoungGen: 58880K->24287K(116736K)] [ParOldGen: 349489K->349287K(349696K)] 408369K->373574K(466432K), [Metaspace: 3778K->3778K(1056768K)], 0.0290794 secs] [Times: user=0.13 sys=0.00, real=0.03 secs] 
2022-09-22T15:09:21.321-0800: 7.761: [Full GC (Ergonomics) [PSYoungGen: 58578K->22399K(116736K)] [ParOldGen: 349287K->349658K(349696K)] 407866K->372057K(466432K), [Metaspace: 3778K->3778K(1056768K)], 0.0246461 secs] [Times: user=0.12 sys=0.00, real=0.02 secs] 
2022-09-22T15:09:21.349-0800: 7.789: [Full GC (Ergonomics) [PSYoungGen: 58741K->23570K(116736K)] [ParOldGen: 349658K->349629K(349696K)] 408400K->373199K(466432K), [Metaspace: 3778K->3778K(1056768K)], 0.0265704 secs] [Times: user=0.12 sys=0.00, real=0.03 secs] 
2022-09-22T15:09:21.380-0800: 7.820: [Full GC (Ergonomics) [PSYoungGen: 58854K->23112K(116736K)] [ParOldGen: 349629K->349657K(349696K)] 408483K->372769K(466432K), [Metaspace: 3778K->3778K(1056768K)], 0.0267080 secs] [Times: user=0.14 sys=0.00, real=0.02 secs] 
2022-09-22T15:09:21.410-0800: 7.850: [Full GC (Ergonomics) [PSYoungGen: 58752K->20164K(116736K)] [ParOldGen: 349657K->349586K(349696K)] 408409K->369750K(466432K), [Metaspace: 3778K->3778K(1056768K)], 0.0221879 secs] [Times: user=0.13 sys=0.00, real=0.02 secs] 
2022-09-22T15:09:21.437-0800: 7.877: [Full GC (Ergonomics) [PSYoungGen: 58809K->14451K(116736K)] [ParOldGen: 349586K->349609K(349696K)] 408396K->364061K(466432K), [Metaspace: 3778K->3778K(1056768K)], 0.0264941 secs] [Times: user=0.15 sys=0.00, real=0.03 secs] 
2022-09-22T15:09:21.467-0800: 7.908: [Full GC (Ergonomics) [PSYoungGen: 58880K->14198K(116736K)] [ParOldGen: 349609K->349191K(349696K)] 408489K->363389K(466432K), [Metaspace: 3778K->3778K(1056768K)], 0.0254372 secs] [Times: user=0.14 sys=0.00, real=0.03 secs] 
2022-09-22T15:09:21.498-0800: 7.938: [Full GC (Ergonomics) [PSYoungGen: 58807K->13121K(116736K)] [ParOldGen: 349191K->349637K(349696K)] 407999K->362759K(466432K), [Metaspace: 3778K->3778K(1056768K)], 0.0249300 secs] [Times: user=0.12 sys=0.00, real=0.03 secs] 
2022-09-22T15:09:21.527-0800: 7.967: [Full GC (Ergonomics) [PSYoungGen: 58755K->11584K(116736K)] [ParOldGen: 349637K->349532K(349696K)] 408393K->361117K(466432K), [Metaspace: 3778K->3778K(1056768K)], 0.0293786 secs] [Times: user=0.12 sys=0.01, real=0.03 secs] 
2022-09-22T15:09:21.563-0800: 8.003: [Full GC (Ergonomics) [PSYoungGen: 58734K->14059K(116736K)] [ParOldGen: 349532K->349592K(349696K)] 408267K->363651K(466432K), [Metaspace: 3778K->3778K(1056768K)], 0.0275332 secs] [Times: user=0.11 sys=0.00, real=0.03 secs] 
2022-09-22T15:09:21.597-0800: 8.038: [Full GC (Ergonomics) [PSYoungGen: 58870K->11239K(116736K)] [ParOldGen: 349592K->349391K(349696K)] 408462K->360631K(466432K), [Metaspace: 3778K->3778K(1056768K)], 0.0301950 secs] [Times: user=0.13 sys=0.00, real=0.03 secs] 
2022-09-22T15:09:21.636-0800: 8.077: [Full GC (Ergonomics) [PSYoungGen: 58880K->13353K(116736K)] [ParOldGen: 349391K->349638K(349696K)] 408271K->362991K(466432K), [Metaspace: 3778K->3778K(1056768K)], 0.0313885 secs] [Times: user=0.15 sys=0.00, real=0.03 secs] 
2022-09-22T15:09:21.673-0800: 8.114: [Full GC (Ergonomics) [PSYoungGen: 58794K->16967K(116736K)] [ParOldGen: 349638K->349449K(349696K)] 408432K->366416K(466432K), [Metaspace: 3778K->3778K(1056768K)], 0.0290393 secs] [Times: user=0.12 sys=0.01, real=0.03 secs] 
2022-09-22T15:09:21.710-0800: 8.150: [Full GC (Ergonomics) [PSYoungGen: 58856K->21359K(116736K)] [ParOldGen: 349449K->349561K(349696K)] 408305K->370921K(466432K), [Metaspace: 3778K->3778K(1056768K)], 0.0352435 secs] [Times: user=0.12 sys=0.00, real=0.03 secs] 
2022-09-22T15:09:21.751-0800: 8.191: [Full GC (Ergonomics) [PSYoungGen: 58643K->19854K(116736K)] [ParOldGen: 349561K->349501K(349696K)] 408205K->369356K(466432K), [Metaspace: 3778K->3778K(1056768K)], 0.0260140 secs] [Times: user=0.13 sys=0.00, real=0.02 secs] 
2022-09-22T15:09:21.781-0800: 8.221: [Full GC (Ergonomics) [PSYoungGen: 58817K->20168K(116736K)] [ParOldGen: 349501K->349570K(349696K)] 408319K->369739K(466432K), [Metaspace: 3778K->3778K(1056768K)], 0.0230267 secs] [Times: user=0.13 sys=0.00, real=0.02 secs] 
2022-09-22T15:09:21.809-0800: 8.249: [Full GC (Ergonomics) [PSYoungGen: 58664K->21161K(116736K)] [ParOldGen: 349570K->349688K(349696K)] 408235K->370850K(466432K), [Metaspace: 3778K->3778K(1056768K)], 0.0236535 secs] [Times: user=0.11 sys=0.01, real=0.03 secs] 
2022-09-22T15:09:21.837-0800: 8.277: [Full GC (Ergonomics) [PSYoungGen: 58880K->15351K(116736K)] [ParOldGen: 349688K->349641K(349696K)] 408568K->364993K(466432K), [Metaspace: 3778K->3778K(1056768K)], 0.0227096 secs] [Times: user=0.11 sys=0.00, real=0.04 secs] 
2022-09-22T15:09:21.878-0800: 8.318: [Full GC (Ergonomics) [PSYoungGen: 58880K->20720K(116736K)] [ParOldGen: 349641K->349617K(349696K)] 408521K->370338K(466432K), [Metaspace: 3778K->3778K(1056768K)], 0.0234009 secs] [Times: user=0.13 sys=0.00, real=0.03 secs] 
2022-09-22T15:09:21.906-0800: 8.346: [Full GC (Ergonomics) [PSYoungGen: 58880K->21364K(116736K)] [ParOldGen: 349617K->349329K(349696K)] 408497K->370693K(466432K), [Metaspace: 3778K->3778K(1056768K)], 0.0225031 secs] [Times: user=0.14 sys=0.00, real=0.02 secs] 
2022-09-22T15:09:21.932-0800: 8.372: [Full GC (Ergonomics) [PSYoungGen: 58880K->19302K(116736K)] [ParOldGen: 349329K->349474K(349696K)] 408209K->368776K(466432K), [Metaspace: 3778K->3778K(1056768K)], 0.0212211 secs] [Times: user=0.13 sys=0.00, real=0.02 secs] 
2022-09-22T15:09:21.957-0800: 8.397: [Full GC (Ergonomics) [PSYoungGen: 58827K->15781K(116736K)] [ParOldGen: 349474K->349171K(349696K)] 408302K->364953K(466432K), [Metaspace: 3778K->3778K(1056768K)], 0.0243149 secs] [Times: user=0.15 sys=0.00, real=0.03 secs] 
2022-09-22T15:09:21.986-0800: 8.426: [Full GC (Ergonomics) [PSYoungGen: 58736K->15616K(116736K)] [ParOldGen: 349171K->349530K(349696K)] 407908K->365146K(466432K), [Metaspace: 3778K->3778K(1056768K)], 0.0224347 secs] [Times: user=0.13 sys=0.01, real=0.02 secs] 
2022-09-22T15:09:22.013-0800: 8.454: [Full GC (Ergonomics) [PSYoungGen: 58880K->17122K(116736K)] [ParOldGen: 349530K->349323K(349696K)] 408410K->366445K(466432K), [Metaspace: 3778K->3778K(1056768K)], 0.0309369 secs] [Times: user=0.13 sys=0.00, real=0.03 secs] 
2022-09-22T15:09:22.050-0800: 8.490: [Full GC (Ergonomics) [PSYoungGen: 58711K->16408K(116736K)] [ParOldGen: 349323K->349262K(349696K)] 408034K->365670K(466432K), [Metaspace: 3778K->3778K(1056768K)], 0.0292932 secs] [Times: user=0.09 sys=0.00, real=0.02 secs] 
2022-09-22T15:09:22.086-0800: 8.526: [Full GC (Ergonomics) [PSYoungGen: 58868K->10293K(116736K)] [ParOldGen: 349262K->349441K(349696K)] 408130K->359734K(466432K), [Metaspace: 3778K->3778K(1056768K)], 0.0254599 secs] [Times: user=0.12 sys=0.00, real=0.03 secs] 
2022-09-22T15:09:22.118-0800: 8.558: [Full GC (Ergonomics) [PSYoungGen: 58880K->12413K(116736K)] [ParOldGen: 349441K->349583K(349696K)] 408321K->361997K(466432K), [Metaspace: 3778K->3778K(1056768K)], 0.0295664 secs] [Times: user=0.12 sys=0.01, real=0.03 secs] 
2022-09-22T15:09:22.154-0800: 8.594: [Full GC (Ergonomics) [PSYoungGen: 58754K->9101K(116736K)] [ParOldGen: 349583K->349549K(349696K)] 408338K->358651K(466432K), [Metaspace: 3778K->3778K(1056768K)], 0.0285875 secs] [Times: user=0.11 sys=0.00, real=0.03 secs] 
2022-09-22T15:09:22.188-0800: 8.629: [Full GC (Ergonomics) [PSYoungGen: 58880K->7662K(116736K)] [ParOldGen: 349549K->349389K(349696K)] 408429K->357052K(466432K), [Metaspace: 3778K->3778K(1056768K)], 0.0249535 secs] [Times: user=0.10 sys=0.00, real=0.03 secs] 
2022-09-22T15:09:22.222-0800: 8.662: [Full GC (Ergonomics) [PSYoungGen: 58430K->7732K(116736K)] [ParOldGen: 349389K->349294K(349696K)] 407820K->357027K(466432K), [Metaspace: 3778K->3778K(1056768K)], 0.0312281 secs] [Times: user=0.12 sys=0.00, real=0.03 secs] 
2022-09-22T15:09:22.261-0800: 8.701: [Full GC (Ergonomics) [PSYoungGen: 58547K->6945K(116736K)] [ParOldGen: 349294K->349382K(349696K)] 407842K->356327K(466432K), [Metaspace: 3778K->3778K(1056768K)], 0.0265718 secs] [Times: user=0.10 sys=0.01, real=0.02 secs] 
2022-09-22T15:09:22.295-0800: 8.735: [Full GC (Ergonomics) [PSYoungGen: 58880K->7289K(116736K)] [ParOldGen: 349382K->349456K(349696K)] 408262K->356745K(466432K), [Metaspace: 3778K->3778K(1056768K)], 0.0270057 secs] [Times: user=0.09 sys=0.00, real=0.03 secs] 
2022-09-22T15:09:22.328-0800: 8.768: [Full GC (Ergonomics) [PSYoungGen: 58862K->6007K(116736K)] [ParOldGen: 349456K->349270K(349696K)] 408319K->355278K(466432K), [Metaspace: 3778K->3778K(1056768K)], 0.0246231 secs] [Times: user=0.12 sys=0.00, real=0.03 secs] 
2022-09-22T15:09:22.359-0800: 8.799: [Full GC (Ergonomics) [PSYoungGen: 58880K->7531K(116736K)] [ParOldGen: 349270K->349334K(349696K)] 408150K->356865K(466432K), [Metaspace: 3778K->3778K(1056768K)], 0.0234911 secs] [Times: user=0.12 sys=0.00, real=0.03 secs] 
2022-09-22T15:09:22.389-0800: 8.829: [Full GC (Ergonomics) [PSYoungGen: 58874K->9178K(116736K)] [ParOldGen: 349334K->349327K(349696K)] 408208K->358505K(466432K), [Metaspace: 3778K->3778K(1056768K)], 0.0238030 secs] [Times: user=0.12 sys=0.00, real=0.03 secs] 
2022-09-22T15:09:22.422-0800: 8.862: [Full GC (Ergonomics) [PSYoungGen: 58880K->8434K(116736K)] [ParOldGen: 349327K->349674K(349696K)] 408207K->358108K(466432K), [Metaspace: 3778K->3778K(1056768K)], 0.0372995 secs] [Times: user=0.13 sys=0.01, real=0.03 secs] 
2022-09-22T15:09:22.465-0800: 8.906: [Full GC (Ergonomics) [PSYoungGen: 58880K->8584K(116736K)] [ParOldGen: 349674K->349513K(349696K)] 408554K->358097K(466432K), [Metaspace: 3778K->3778K(1056768K)], 0.0229784 secs] [Times: user=0.12 sys=0.00, real=0.03 secs] 
2022-09-22T15:09:22.504-0800: 8.944: [Full GC (Ergonomics) [PSYoungGen: 58880K->8009K(116736K)] [ParOldGen: 349513K->349465K(349696K)] 408393K->357475K(466432K), [Metaspace: 3778K->3778K(1056768K)], 0.0309429 secs] [Times: user=0.13 sys=0.00, real=0.03 secs] 
2022-09-22T15:09:22.540-0800: 8.980: [Full GC (Ergonomics) [PSYoungGen: 58849K->10818K(116736K)] [ParOldGen: 349465K->349420K(349696K)] 408314K->360239K(466432K), [Metaspace: 3778K->3778K(1056768K)], 0.0241745 secs] [Times: user=0.13 sys=0.00, real=0.02 secs] 
2022-09-22T15:09:22.571-0800: 9.011: [Full GC (Ergonomics) [PSYoungGen: 58880K->11910K(116736K)] [ParOldGen: 349420K->349679K(349696K)] 408300K->361589K(466432K), [Metaspace: 3778K->3778K(1056768K)], 0.0210827 secs] [Times: user=0.14 sys=0.01, real=0.02 secs] 
2022-09-22T15:09:22.596-0800: 9.036: [Full GC (Ergonomics) [PSYoungGen: 58499K->11479K(116736K)] [ParOldGen: 349679K->349641K(349696K)] 408178K->361121K(466432K), [Metaspace: 3778K->3778K(1056768K)], 0.0226741 secs] [Times: user=0.13 sys=0.00, real=0.02 secs] 
2022-09-22T15:09:22.623-0800: 9.063: [Full GC (Ergonomics) [PSYoungGen: 58880K->12592K(116736K)] [ParOldGen: 349641K->349654K(349696K)] 408521K->362247K(466432K), [Metaspace: 3778K->3778K(1056768K)], 0.0221811 secs] [Times: user=0.13 sys=0.00, real=0.02 secs] 
2022-09-22T15:09:22.651-0800: 9.092: [Full GC (Ergonomics) [PSYoungGen: 58518K->14078K(116736K)] [ParOldGen: 349654K->349155K(349696K)] 408173K->363234K(466432K), [Metaspace: 3778K->3778K(1056768K)], 0.0233424 secs] [Times: user=0.14 sys=0.00, real=0.02 secs] 
2022-09-22T15:09:22.679-0800: 9.119: [Full GC (Ergonomics) [PSYoungGen: 58863K->16316K(116736K)] [ParOldGen: 349155K->349606K(349696K)] 408019K->365923K(466432K), [Metaspace: 3778K->3778K(1056768K)], 0.0215394 secs] [Times: user=0.13 sys=0.00, real=0.03 secs] 
2022-09-22T15:09:22.706-0800: 9.147: [Full GC (Ergonomics) [PSYoungGen: 58396K->16573K(116736K)] [ParOldGen: 349606K->349442K(349696K)] 408003K->366016K(466432K), [Metaspace: 3778K->3778K(1056768K)], 0.0269661 secs] [Times: user=0.11 sys=0.00, real=0.03 secs] 
2022-09-22T15:09:22.739-0800: 9.179: [Full GC (Ergonomics) [PSYoungGen: 58281K->15139K(116736K)] [ParOldGen: 349442K->349410K(349696K)] 407723K->364550K(466432K), [Metaspace: 3778K->3778K(1056768K)], 0.0310937 secs] [Times: user=0.13 sys=0.01, real=0.04 secs] 
2022-09-22T15:09:22.776-0800: 9.216: [Full GC (Ergonomics) [PSYoungGen: 58814K->17591K(116736K)] [ParOldGen: 349410K->349326K(349696K)] 408225K->366917K(466432K), [Metaspace: 3778K->3778K(1056768K)], 0.0280852 secs] [Times: user=0.11 sys=0.00, real=0.03 secs] 
2022-09-22T15:09:22.810-0800: 9.250: [Full GC (Ergonomics) [PSYoungGen: 58624K->18400K(116736K)] [ParOldGen: 349326K->349168K(349696K)] 407950K->367568K(466432K), [Metaspace: 3778K->3778K(1056768K)], 0.0276095 secs] [Times: user=0.12 sys=0.00, real=0.02 secs] 
2022-09-22T15:09:22.842-0800: 9.282: [Full GC (Ergonomics) [PSYoungGen: 58880K->13957K(116736K)] [ParOldGen: 349168K->349601K(349696K)] 408048K->363558K(466432K), [Metaspace: 3778K->3778K(1056768K)], 0.0239383 secs] [Times: user=0.11 sys=0.00, real=0.02 secs] 
2022-09-22T15:09:22.872-0800: 9.312: [Full GC (Ergonomics) [PSYoungGen: 58880K->9102K(116736K)] [ParOldGen: 349601K->349591K(349696K)] 408481K->358693K(466432K), [Metaspace: 3778K->3778K(1056768K)], 0.0218705 secs] [Times: user=0.13 sys=0.00, real=0.02 secs] 
2022-09-22T15:09:22.899-0800: 9.339: [Full GC (Ergonomics) [PSYoungGen: 58880K->12547K(116736K)] [ParOldGen: 349591K->349376K(349696K)] 408471K->361923K(466432K), [Metaspace: 3778K->3778K(1056768K)], 0.0205115 secs] [Times: user=0.13 sys=0.00, real=0.02 secs] 
2022-09-22T15:09:22.924-0800: 9.364: [Full GC (Ergonomics) [PSYoungGen: 58396K->9547K(116736K)] [ParOldGen: 349376K->349645K(349696K)] 407772K->359192K(466432K), [Metaspace: 3778K->3778K(1056768K)], 0.0215735 secs] [Times: user=0.12 sys=0.00, real=0.02 secs] 
2022-09-22T15:09:22.950-0800: 9.391: [Full GC (Ergonomics) [PSYoungGen: 58231K->12064K(116736K)] [ParOldGen: 349645K->349693K(349696K)] 407876K->361757K(466432K), [Metaspace: 3778K->3778K(1056768K)], 0.0217665 secs] [Times: user=0.13 sys=0.00, real=0.02 secs] 
2022-09-22T15:09:22.977-0800: 9.418: [Full GC (Ergonomics) [PSYoungGen: 58880K->12568K(116736K)] [ParOldGen: 349693K->349301K(349696K)] 408573K->361869K(466432K), [Metaspace: 3778K->3778K(1056768K)], 0.0220047 secs] [Times: user=0.11 sys=0.00, real=0.03 secs] 
2022-09-22T15:09:23.004-0800: 9.445: [Full GC (Ergonomics) [PSYoungGen: 58880K->8565K(116736K)] [ParOldGen: 349301K->349540K(349696K)] 408181K->358106K(466432K), [Metaspace: 3778K->3778K(1056768K)], 0.0242283 secs] [Times: user=0.13 sys=0.01, real=0.02 secs] 
2022-09-22T15:09:23.034-0800: 9.474: [Full GC (Ergonomics) [PSYoungGen: 58500K->9887K(116736K)] [ParOldGen: 349540K->349313K(349696K)] 408041K->359200K(466432K), [Metaspace: 3778K->3778K(1056768K)], 0.0298043 secs] [Times: user=0.14 sys=0.00, real=0.03 secs] 
2022-09-22T15:09:23.073-0800: 9.513: [Full GC (Ergonomics) [PSYoungGen: 58880K->13817K(116736K)] [ParOldGen: 349313K->349422K(349696K)] 408193K->363240K(466432K), [Metaspace: 3778K->3778K(1056768K)], 0.0316118 secs] [Times: user=0.15 sys=0.00, real=0.03 secs] 
2022-09-22T15:09:23.115-0800: 9.555: [Full GC (Ergonomics) [PSYoungGen: 58804K->14667K(116736K)] [ParOldGen: 349422K->349333K(349696K)] 408227K->364000K(466432K), [Metaspace: 3778K->3778K(1056768K)], 0.0347819 secs] [Times: user=0.14 sys=0.01, real=0.04 secs] 
2022-09-22T15:09:23.158-0800: 9.598: [Full GC (Ergonomics) [PSYoungGen: 58499K->14365K(116736K)] [ParOldGen: 349333K->349362K(349696K)] 407833K->363728K(466432K), [Metaspace: 3778K->3778K(1056768K)], 0.0442654 secs] [Times: user=0.14 sys=0.00, real=0.05 secs] 
2022-09-22T15:09:23.210-0800: 9.650: [Full GC (Ergonomics) [PSYoungGen: 58880K->16441K(116736K)] [ParOldGen: 349362K->349042K(349696K)] 408242K->365483K(466432K), [Metaspace: 3778K->3778K(1056768K)], 0.0380517 secs] [Times: user=0.15 sys=0.01, real=0.03 secs] 
2022-09-22T15:09:23.254-0800: 9.694: [Full GC (Ergonomics) [PSYoungGen: 58880K->13719K(116736K)] [ParOldGen: 349042K->349308K(349696K)] 407922K->363028K(466432K), [Metaspace: 3778K->3778K(1056768K)], 0.0334068 secs] [Times: user=0.14 sys=0.00, real=0.03 secs] 
2022-09-22T15:09:23.293-0800: 9.734: [Full GC (Ergonomics) [PSYoungGen: 58880K->9063K(116736K)] [ParOldGen: 349308K->349693K(349696K)] 408188K->358756K(466432K), [Metaspace: 3778K->3778K(1056768K)], 0.0246502 secs] [Times: user=0.14 sys=0.00, real=0.02 secs] 
2022-09-22T15:09:23.323-0800: 9.763: [Full GC (Ergonomics) [PSYoungGen: 58556K->6132K(116736K)] [ParOldGen: 349693K->349666K(349696K)] 408249K->355798K(466432K), [Metaspace: 3778K->3778K(1056768K)], 0.0205632 secs] [Times: user=0.14 sys=0.00, real=0.02 secs] 
2022-09-22T15:09:23.350-0800: 9.791: [Full GC (Ergonomics) [PSYoungGen: 58880K->15227K(116736K)] [ParOldGen: 349666K->349641K(349696K)] 408546K->364869K(466432K), [Metaspace: 3778K->3778K(1056768K)], 0.0245221 secs] [Times: user=0.15 sys=0.00, real=0.02 secs] 
2022-09-22T15:09:23.380-0800: 9.820: [Full GC (Ergonomics) [PSYoungGen: 58880K->15921K(116736K)] [ParOldGen: 349641K->349385K(349696K)] 408521K->365306K(466432K), [Metaspace: 3778K->3778K(1056768K)], 0.0235765 secs] [Times: user=0.14 sys=0.01, real=0.02 secs] 
2022-09-22T15:09:23.409-0800: 9.849: [Full GC (Ergonomics) [PSYoungGen: 58377K->16371K(116736K)] [ParOldGen: 349385K->349145K(349696K)] 407762K->365517K(466432K), [Metaspace: 3778K->3778K(1056768K)], 0.0225444 secs] [Times: user=0.13 sys=0.00, real=0.03 secs] 
2022-09-22T15:09:23.436-0800: 9.876: [Full GC (Ergonomics) [PSYoungGen: 58821K->19053K(116736K)] [ParOldGen: 349145K->349283K(349696K)] 407966K->368336K(466432K), [Metaspace: 3778K->3778K(1056768K)], 0.0257550 secs] [Times: user=0.14 sys=0.00, real=0.03 secs] 
2022-09-22T15:09:23.468-0800: 9.908: [Full GC (Ergonomics) [PSYoungGen: 58804K->13431K(116736K)] [ParOldGen: 349283K->349122K(349696K)] 408087K->362554K(466432K), [Metaspace: 3778K->3778K(1056768K)], 0.0261885 secs] [Times: user=0.10 sys=0.00, real=0.03 secs] 
2022-09-22T15:09:23.500-0800: 9.940: [Full GC (Ergonomics) [PSYoungGen: 58880K->15553K(116736K)] [ParOldGen: 349122K->349666K(349696K)] 408002K->365219K(466432K), [Metaspace: 3778K->3778K(1056768K)], 0.0374879 secs] [Times: user=0.13 sys=0.01, real=0.03 secs] 
2022-09-22T15:09:23.543-0800: 9.983: [Full GC (Ergonomics) [PSYoungGen: 58377K->12844K(116736K)] [ParOldGen: 349666K->349037K(349696K)] 408043K->361881K(466432K), [Metaspace: 3778K->3778K(1056768K)], 0.0369328 secs] [Times: user=0.11 sys=0.00, real=0.04 secs] 
2022-09-22T15:09:23.588-0800: 10.028: [Full GC (Ergonomics) [PSYoungGen: 58673K->15637K(116736K)] [ParOldGen: 349037K->349385K(349696K)] 407710K->365023K(466432K), [Metaspace: 3778K->3778K(1056768K)], 0.0338583 secs] [Times: user=0.16 sys=0.00, real=0.04 secs] 
2022-09-22T15:09:23.627-0800: 10.067: [Full GC (Ergonomics) [PSYoungGen: 58794K->18172K(116736K)] [ParOldGen: 349385K->349229K(349696K)] 408180K->367401K(466432K), [Metaspace: 3778K->3778K(1056768K)], 0.0375910 secs] [Times: user=0.16 sys=0.01, real=0.04 secs] 
2022-09-22T15:09:23.670-0800: 10.111: [Full GC (Ergonomics) [PSYoungGen: 58862K->18516K(116736K)] [ParOldGen: 349229K->349374K(349696K)] 408091K->367891K(466432K), [Metaspace: 3778K->3778K(1056768K)], 0.0299983 secs] [Times: user=0.14 sys=0.00, real=0.03 secs] 
2022-09-22T15:09:23.705-0800: 10.145: [Full GC (Ergonomics) [PSYoungGen: 58382K->20871K(116736K)] [ParOldGen: 349374K->348717K(349696K)] 407757K->369589K(466432K), [Metaspace: 3778K->3778K(1056768K)], 0.0292733 secs] [Times: user=0.11 sys=0.00, real=0.03 secs] 
2022-09-22T15:09:23.741-0800: 10.182: [Full GC (Ergonomics) [PSYoungGen: 58257K->15915K(116736K)] [ParOldGen: 348717K->349215K(349696K)] 406975K->365130K(466432K), [Metaspace: 3778K->3778K(1056768K)], 0.0331939 secs] [Times: user=0.13 sys=0.01, real=0.03 secs] 
2022-09-22T15:09:23.781-0800: 10.221: [Full GC (Ergonomics) [PSYoungGen: 58674K->14020K(116736K)] [ParOldGen: 349215K->349234K(349696K)] 407889K->363255K(466432K), [Metaspace: 3778K->3778K(1056768K)], 0.0387325 secs] [Times: user=0.13 sys=0.00, real=0.04 secs] 
2022-09-22T15:09:23.826-0800: 10.266: [Full GC (Ergonomics) [PSYoungGen: 58766K->12416K(116736K)] [ParOldGen: 349234K->349654K(349696K)] 408001K->362070K(466432K), [Metaspace: 3778K->3778K(1056768K)], 0.0278458 secs] [Times: user=0.14 sys=0.00, real=0.03 secs] 
2022-09-22T15:09:23.859-0800: 10.299: [Full GC (Ergonomics) [PSYoungGen: 58783K->11186K(116736K)] [ParOldGen: 349654K->349564K(349696K)] 408437K->360750K(466432K), [Metaspace: 3778K->3778K(1056768K)], 0.0220750 secs] [Times: user=0.13 sys=0.00, real=0.03 secs] 
2022-09-22T15:09:23.887-0800: 10.327: [Full GC (Ergonomics) [PSYoungGen: 58845K->12515K(116736K)] [ParOldGen: 349564K->349443K(349696K)] 408409K->361959K(466432K), [Metaspace: 3778K->3778K(1056768K)], 0.0259457 secs] [Times: user=0.14 sys=0.00, real=0.03 secs] 
2022-09-22T15:09:23.918-0800: 10.358: [Full GC (Ergonomics) [PSYoungGen: 58880K->10455K(116736K)] [ParOldGen: 349443K->349402K(349696K)] 408323K->359857K(466432K), [Metaspace: 3778K->3778K(1056768K)], 0.0241982 secs] [Times: user=0.12 sys=0.01, real=0.03 secs] 
2022-09-22T15:09:23.948-0800: 10.388: [Full GC (Ergonomics) [PSYoungGen: 58732K->9759K(116736K)] [ParOldGen: 349402K->349424K(349696K)] 408134K->359183K(466432K), [Metaspace: 3778K->3778K(1056768K)], 0.0259262 secs] [Times: user=0.13 sys=0.00, real=0.03 secs] 
2022-09-22T15:09:23.978-0800: 10.418: [Full GC (Ergonomics) [PSYoungGen: 58880K->9883K(116736K)] [ParOldGen: 349424K->349459K(349696K)] 408304K->359343K(466432K), [Metaspace: 3778K->3778K(1056768K)], 0.0241506 secs] [Times: user=0.12 sys=0.00, real=0.03 secs] 
2022-09-22T15:09:24.008-0800: 10.448: [Full GC (Ergonomics) [PSYoungGen: 58619K->9802K(116736K)] [ParOldGen: 349459K->349318K(349696K)] 408079K->359121K(466432K), [Metaspace: 3778K->3778K(1056768K)], 0.0251125 secs] [Times: user=0.13 sys=0.00, real=0.03 secs] 
2022-09-22T15:09:24.038-0800: 10.478: [Full GC (Ergonomics) [PSYoungGen: 58880K->10312K(116736K)] [ParOldGen: 349318K->349688K(349696K)] 408198K->360001K(466432K), [Metaspace: 3778K->3778K(1056768K)], 0.0297953 secs] [Times: user=0.13 sys=0.00, real=0.03 secs] 
2022-09-22T15:09:24.075-0800: 10.515: [Full GC (Ergonomics) [PSYoungGen: 58590K->11715K(116736K)] [ParOldGen: 349688K->349391K(349696K)] 408279K->361107K(466432K), [Metaspace: 3778K->3778K(1056768K)], 0.0305717 secs] [Times: user=0.10 sys=0.01, real=0.03 secs] 
2022-09-22T15:09:24.112-0800: 10.553: [Full GC (Ergonomics) [PSYoungGen: 58880K->7823K(116736K)] [ParOldGen: 349391K->349486K(349696K)] 408271K->357309K(466432K), [Metaspace: 3778K->3778K(1056768K)], 0.0263122 secs] [Times: user=0.11 sys=0.00, real=0.02 secs] 
2022-09-22T15:09:24.144-0800: 10.585: [Full GC (Ergonomics) [PSYoungGen: 58592K->10986K(116736K)] [ParOldGen: 349486K->349643K(349696K)] 408078K->360629K(466432K), [Metaspace: 3778K->3778K(1056768K)], 0.0299403 secs] [Times: user=0.10 sys=0.00, real=0.03 secs] 
2022-09-22T15:09:24.180-0800: 10.620: [Full GC (Ergonomics) [PSYoungGen: 58880K->12378K(116736K)] [ParOldGen: 349643K->349129K(349696K)] 408523K->361507K(466432K), [Metaspace: 3778K->3778K(1056768K)], 0.0246152 secs] [Times: user=0.10 sys=0.00, real=0.02 secs] 
2022-09-22T15:09:24.212-0800: 10.652: [Full GC (Ergonomics) [PSYoungGen: 58252K->11702K(116736K)] [ParOldGen: 349129K->349695K(349696K)] 407381K->361398K(466432K), [Metaspace: 3778K->3778K(1056768K)], 0.0296591 secs] [Times: user=0.11 sys=0.00, real=0.03 secs] 
2022-09-22T15:09:24.248-0800: 10.688: [Full GC (Ergonomics) [PSYoungGen: 58880K->11427K(116736K)] [ParOldGen: 349695K->349354K(349696K)] 408575K->360782K(466432K), [Metaspace: 3778K->3778K(1056768K)], 0.0305044 secs] [Times: user=0.11 sys=0.01, real=0.03 secs] 
2022-09-22T15:09:24.285-0800: 10.725: [Full GC (Ergonomics) [PSYoungGen: 58880K->9250K(116736K)] [ParOldGen: 349354K->349695K(349696K)] 408234K->358946K(466432K), [Metaspace: 3778K->3778K(1056768K)], 0.0256541 secs] [Times: user=0.13 sys=0.00, real=0.03 secs] 
2022-09-22T15:09:24.319-0800: 10.760: [Full GC (Ergonomics) [PSYoungGen: 58511K->12304K(116736K)] [ParOldGen: 349695K->349016K(349696K)] 408207K->361320K(466432K), [Metaspace: 3778K->3778K(1056768K)], 0.0280503 secs] [Times: user=0.12 sys=0.00, real=0.03 secs] 
2022-09-22T15:09:24.354-0800: 10.794: [Full GC (Ergonomics) [PSYoungGen: 58880K->11444K(116736K)] [ParOldGen: 349016K->349653K(349696K)] 407896K->361097K(466432K), [Metaspace: 3778K->3778K(1056768K)], 0.0241658 secs] [Times: user=0.13 sys=0.00, real=0.02 secs] 
2022-09-22T15:09:24.383-0800: 10.823: [Full GC (Ergonomics) [PSYoungGen: 58697K->14814K(116736K)] [ParOldGen: 349653K->349484K(349696K)] 408350K->364299K(466432K), [Metaspace: 3778K->3778K(1056768K)], 0.0262011 secs] [Times: user=0.17 sys=0.01, real=0.02 secs] 
2022-09-22T15:09:24.413-0800: 10.853: [Full GC (Ergonomics) [PSYoungGen: 58880K->16631K(116736K)] [ParOldGen: 349484K->349258K(349696K)] 408364K->365890K(466432K), [Metaspace: 3778K->3778K(1056768K)], 0.0243723 secs] [Times: user=0.12 sys=0.00, real=0.02 secs] 
2022-09-22T15:09:24.443-0800: 10.883: [Full GC (Ergonomics) [PSYoungGen: 58879K->17519K(116736K)] [ParOldGen: 349258K->349514K(349696K)] 408137K->367033K(466432K), [Metaspace: 3778K->3778K(1056768K)], 0.0233051 secs] [Times: user=0.13 sys=0.00, real=0.02 secs] 
2022-09-22T15:09:24.471-0800: 10.911: [Full GC (Ergonomics) [PSYoungGen: 58847K->16820K(116736K)] [ParOldGen: 349514K->349352K(349696K)] 408362K->366173K(466432K), [Metaspace: 3778K->3778K(1056768K)], 0.0267203 secs] [Times: user=0.15 sys=0.00, real=0.02 secs] 
2022-09-22T15:09:24.504-0800: 10.944: [Full GC (Ergonomics) [PSYoungGen: 58358K->15892K(116736K)] [ParOldGen: 349352K->349489K(349696K)] 407710K->365381K(466432K), [Metaspace: 3778K->3778K(1056768K)], 0.0238844 secs] [Times: user=0.12 sys=0.01, real=0.02 secs] 
2022-09-22T15:09:24.533-0800: 10.973: [Full GC (Ergonomics) [PSYoungGen: 58823K->18467K(116736K)] [ParOldGen: 349489K->349515K(349696K)] 408313K->367982K(466432K), [Metaspace: 3778K->3778K(1056768K)], 0.0263732 secs] [Times: user=0.13 sys=0.00, real=0.02 secs] 
2022-09-22T15:09:24.565-0800: 11.005: [Full GC (Ergonomics) [PSYoungGen: 58450K->19824K(116736K)] [ParOldGen: 349515K->349694K(349696K)] 407965K->369519K(466432K), [Metaspace: 3778K->3778K(1056768K)], 0.0252468 secs] [Times: user=0.13 sys=0.00, real=0.03 secs] 
2022-09-22T15:09:24.594-0800: 11.035: [Full GC (Ergonomics) [PSYoungGen: 58880K->20886K(116736K)] [ParOldGen: 349694K->349431K(349696K)] 408574K->370317K(466432K), [Metaspace: 3778K->3778K(1056768K)], 0.0273569 secs] [Times: user=0.12 sys=0.00, real=0.03 secs] 
2022-09-22T15:09:24.627-0800: 11.067: [Full GC (Ergonomics) [PSYoungGen: 58855K->18442K(116736K)] [ParOldGen: 349431K->349627K(349696K)] 408286K->368070K(466432K), [Metaspace: 3778K->3778K(1056768K)], 0.0256974 secs] [Times: user=0.13 sys=0.00, real=0.03 secs] 
2022-09-22T15:09:24.657-0800: 11.097: [Full GC (Ergonomics) [PSYoungGen: 58771K->20882K(116736K)] [ParOldGen: 349627K->349539K(349696K)] 408399K->370422K(466432K), [Metaspace: 3778K->3778K(1056768K)], 0.0238634 secs] [Times: user=0.14 sys=0.00, real=0.03 secs] 
2022-09-22T15:09:24.685-0800: 11.125: [Full GC (Ergonomics) [PSYoungGen: 58880K->21430K(116736K)] [ParOldGen: 349539K->349157K(349696K)] 408419K->370587K(466432K), [Metaspace: 3778K->3778K(1056768K)], 0.0231784 secs] [Times: user=0.13 sys=0.00, real=0.02 secs] 
2022-09-22T15:09:24.712-0800: 11.152: [Full GC (Ergonomics) [PSYoungGen: 58576K->20725K(116736K)] [ParOldGen: 349157K->349278K(349696K)] 407733K->370003K(466432K), [Metaspace: 3778K->3778K(1056768K)], 0.0231736 secs] [Times: user=0.11 sys=0.00, real=0.02 secs] 
2022-09-22T15:09:24.740-0800: 11.180: [Full GC (Ergonomics) [PSYoungGen: 58721K->23622K(116736K)] [ParOldGen: 349278K->349635K(349696K)] 407999K->373258K(466432K), [Metaspace: 3778K->3778K(1056768K)], 0.0287169 secs] [Times: user=0.15 sys=0.00, real=0.02 secs] 
2022-09-22T15:09:24.772-0800: 11.212: [Full GC (Ergonomics) [PSYoungGen: 58602K->22360K(116736K)] [ParOldGen: 349635K->349682K(349696K)] 408237K->372042K(466432K), [Metaspace: 3778K->3778K(1056768K)], 0.0217332 secs] [Times: user=0.13 sys=0.00, real=0.02 secs] 
2022-09-22T15:09:24.798-0800: 11.238: [Full GC (Ergonomics) [PSYoungGen: 58880K->24616K(116736K)] [ParOldGen: 349682K->349527K(349696K)] 408562K->374144K(466432K), [Metaspace: 3778K->3778K(1056768K)], 0.0234204 secs] [Times: user=0.14 sys=0.01, real=0.03 secs] 
2022-09-22T15:09:24.825-0800: 11.265: [Full GC (Ergonomics) [PSYoungGen: 58193K->26605K(116736K)] [ParOldGen: 349527K->349454K(349696K)] 407720K->376060K(466432K), [Metaspace: 3778K->3778K(1056768K)], 0.0237491 secs] [Times: user=0.15 sys=0.00, real=0.02 secs] 
2022-09-22T15:09:24.853-0800: 11.293: [Full GC (Ergonomics) [PSYoungGen: 58693K->25829K(116736K)] [ParOldGen: 349454K->348665K(349696K)] 408147K->374494K(466432K), [Metaspace: 3778K->3778K(1056768K)], 0.0232803 secs] [Times: user=0.15 sys=0.00, real=0.02 secs] 
2022-09-22T15:09:24.880-0800: 11.320: [Full GC (Ergonomics) [PSYoungGen: 58858K->26127K(116736K)] [ParOldGen: 348665K->349674K(349696K)] 407524K->375802K(466432K), [Metaspace: 3778K->3778K(1056768K)], 0.0228246 secs] [Times: user=0.13 sys=0.00, real=0.02 secs] 
2022-09-22T15:09:24.906-0800: 11.346: [Full GC (Ergonomics) [PSYoungGen: 58509K->25276K(116736K)] [ParOldGen: 349674K->349064K(349696K)] 408184K->374341K(466432K), [Metaspace: 3778K->3778K(1056768K)], 0.0259035 secs] [Times: user=0.13 sys=0.00, real=0.03 secs] 
2022-09-22T15:09:24.937-0800: 11.377: [Full GC (Ergonomics) [PSYoungGen: 58235K->27553K(116736K)] [ParOldGen: 349064K->349341K(349696K)] 407300K->376894K(466432K), [Metaspace: 3778K->3778K(1056768K)], 0.0261424 secs] [Times: user=0.13 sys=0.01, real=0.03 secs] 
2022-09-22T15:09:24.967-0800: 11.407: [Full GC (Ergonomics) [PSYoungGen: 58880K->26699K(116736K)] [ParOldGen: 349341K->349515K(349696K)] 408221K->376214K(466432K), [Metaspace: 3778K->3778K(1056768K)], 0.0264722 secs] [Times: user=0.13 sys=0.00, real=0.03 secs] 
2022-09-22T15:09:24.997-0800: 11.437: [Full GC (Ergonomics) [PSYoungGen: 58465K->26377K(116736K)] [ParOldGen: 349515K->349439K(349696K)] 407980K->375817K(466432K), [Metaspace: 3778K->3778K(1056768K)], 0.0255030 secs] [Times: user=0.13 sys=0.00, real=0.03 secs] 
2022-09-22T15:09:25.026-0800: 11.466: [Full GC (Ergonomics) [PSYoungGen: 58503K->31611K(116736K)] [ParOldGen: 349439K->349443K(349696K)] 407942K->381055K(466432K), [Metaspace: 3778K->3778K(1056768K)], 0.0259201 secs] [Times: user=0.14 sys=0.00, real=0.03 secs] 
2022-09-22T15:09:25.055-0800: 11.495: [Full GC (Ergonomics) [PSYoungGen: 58552K->33272K(116736K)] [ParOldGen: 349443K->349145K(349696K)] 407995K->382417K(466432K), [Metaspace: 3778K->3778K(1056768K)], 0.0262384 secs] [Times: user=0.14 sys=0.01, real=0.03 secs] 
2022-09-22T15:09:25.084-0800: 11.524: [Full GC (Ergonomics) [PSYoungGen: 58880K->31024K(116736K)] [ParOldGen: 349145K->349393K(349696K)] 408025K->380417K(466432K), [Metaspace: 3778K->3778K(1056768K)], 0.0255238 secs] [Times: user=0.13 sys=0.00, real=0.03 secs] 
2022-09-22T15:09:25.113-0800: 11.553: [Full GC (Ergonomics) [PSYoungGen: 58547K->33321K(116736K)] [ParOldGen: 349393K->349567K(349696K)] 407940K->382888K(466432K), [Metaspace: 3778K->3778K(1056768K)], 0.0254493 secs] [Times: user=0.13 sys=0.00, real=0.02 secs] 
2022-09-22T15:09:25.141-0800: 11.582: [Full GC (Ergonomics) [PSYoungGen: 58880K->31897K(116736K)] [ParOldGen: 349567K->349069K(349696K)] 408447K->380967K(466432K), [Metaspace: 3778K->3778K(1056768K)], 0.0312336 secs] [Times: user=0.13 sys=0.00, real=0.03 secs] 
2022-09-22T15:09:25.177-0800: 11.617: [Full GC (Ergonomics) [PSYoungGen: 58775K->30124K(116736K)] [ParOldGen: 349069K->349679K(349696K)] 407844K->379803K(466432K), [Metaspace: 3778K->3778K(1056768K)], 0.0438930 secs] [Times: user=0.11 sys=0.00, real=0.05 secs] 
2022-09-22T15:09:25.225-0800: 11.665: [Full GC (Ergonomics) [PSYoungGen: 58861K->31943K(116736K)] [ParOldGen: 349679K->349527K(349696K)] 408541K->381470K(466432K), [Metaspace: 3778K->3778K(1056768K)], 0.0390925 secs] [Times: user=0.16 sys=0.01, real=0.04 secs] 
2022-09-22T15:09:25.268-0800: 11.708: [Full GC (Ergonomics) [PSYoungGen: 58274K->34531K(116736K)] [ParOldGen: 349527K->349255K(349696K)] 407801K->383786K(466432K), [Metaspace: 3778K->3778K(1056768K)], 0.0378589 secs] [Times: user=0.13 sys=0.00, real=0.04 secs] 
2022-09-22T15:09:25.310-0800: 11.750: [Full GC (Ergonomics) [PSYoungGen: 58773K->34644K(116736K)] [ParOldGen: 349255K->349221K(349696K)] 408028K->383866K(466432K), [Metaspace: 3778K->3778K(1056768K)], 0.0371364 secs] [Times: user=0.16 sys=0.01, real=0.03 secs] 
2022-09-22T15:09:25.350-0800: 11.790: [Full GC (Ergonomics) [PSYoungGen: 58582K->34133K(116736K)] [ParOldGen: 349221K->349517K(349696K)] 407803K->383650K(466432K), [Metaspace: 3778K->3778K(1056768K)], 0.0279190 secs] [Times: user=0.14 sys=0.00, real=0.02 secs] 
2022-09-22T15:09:25.381-0800: 11.821: [Full GC (Ergonomics) [PSYoungGen: 58456K->33528K(116736K)] [ParOldGen: 349517K->349506K(349696K)] 407974K->383035K(466432K), [Metaspace: 3778K->3778K(1056768K)], 0.0248148 secs] [Times: user=0.13 sys=0.00, real=0.02 secs] 
2022-09-22T15:09:25.408-0800: 11.849: [Full GC (Ergonomics) [PSYoungGen: 58385K->30529K(116736K)] [ParOldGen: 349506K->349300K(349696K)] 407892K->379830K(466432K), [Metaspace: 3778K->3778K(1056768K)], 0.0389075 secs] [Times: user=0.14 sys=0.00, real=0.04 secs] 
2022-09-22T15:09:25.451-0800: 11.891: [Full GC (Ergonomics) [PSYoungGen: 58853K->30557K(116736K)] [ParOldGen: 349300K->349523K(349696K)] 408153K->380080K(466432K), [Metaspace: 3778K->3778K(1056768K)], 0.0333858 secs] [Times: user=0.12 sys=0.01, real=0.03 secs] 
2022-09-22T15:09:25.488-0800: 11.928: [Full GC (Ergonomics) [PSYoungGen: 58876K->33728K(116736K)] [ParOldGen: 349523K->349534K(349696K)] 408399K->383262K(466432K), [Metaspace: 3778K->3778K(1056768K)], 0.0424948 secs] [Times: user=0.09 sys=0.00, real=0.05 secs] 
2022-09-22T15:09:25.533-0800: 11.974: [Full GC (Ergonomics) [PSYoungGen: 58858K->35877K(116736K)] [ParOldGen: 349534K->349685K(349696K)] 408392K->385563K(466432K), [Metaspace: 3778K->3778K(1056768K)], 0.0350451 secs] [Times: user=0.09 sys=0.00, real=0.03 secs] 
2022-09-22T15:09:25.571-0800: 12.011: [Full GC (Ergonomics) [PSYoungGen: 58350K->37558K(116736K)] [ParOldGen: 349685K->348965K(349696K)] 408036K->386524K(466432K), [Metaspace: 3778K->3778K(1056768K)], 0.0354284 secs] [Times: user=0.10 sys=0.00, real=0.03 secs] 
2022-09-22T15:09:25.610-0800: 12.050: [Full GC (Ergonomics) [PSYoungGen: 58868K->38974K(116736K)] [ParOldGen: 348965K->349332K(349696K)] 407834K->388307K(466432K), [Metaspace: 3778K->3778K(1056768K)], 0.0304532 secs] [Times: user=0.09 sys=0.00, real=0.03 secs] 
2022-09-22T15:09:25.644-0800: 12.084: [Full GC (Ergonomics) [PSYoungGen: 58880K->40476K(116736K)] [ParOldGen: 349332K->349046K(349696K)] 408212K->389523K(466432K), [Metaspace: 3778K->3778K(1056768K)], 0.0315559 secs] [Times: user=0.10 sys=0.00, real=0.03 secs] 
2022-09-22T15:09:25.678-0800: 12.118: [Full GC (Ergonomics) [PSYoungGen: 58658K->40440K(116736K)] [ParOldGen: 349046K->349631K(349696K)] 407705K->390071K(466432K), [Metaspace: 3778K->3778K(1056768K)], 0.0284027 secs] [Times: user=0.13 sys=0.00, real=0.03 secs] 
2022-09-22T15:09:25.709-0800: 12.149: [Full GC (Ergonomics) [PSYoungGen: 58820K->41537K(116736K)] [ParOldGen: 349631K->349656K(349696K)] 408451K->391193K(466432K), [Metaspace: 3778K->3778K(1056768K)], 0.0250562 secs] [Times: user=0.10 sys=0.00, real=0.03 secs] 
2022-09-22T15:09:25.736-0800: 12.176: [Full GC (Ergonomics) [PSYoungGen: 58749K->42084K(116736K)] [ParOldGen: 349656K->349110K(349696K)] 408405K->391194K(466432K), [Metaspace: 3778K->3778K(1056768K)], 0.0268870 secs] [Times: user=0.14 sys=0.00, real=0.03 secs] 
2022-09-22T15:09:25.765-0800: 12.206: [Full GC (Ergonomics) [PSYoungGen: 58765K->41377K(116736K)] [ParOldGen: 349110K->349465K(349696K)] 407876K->390842K(466432K), [Metaspace: 3778K->3778K(1056768K)], 0.0354026 secs] [Times: user=0.17 sys=0.01, real=0.04 secs] 
2022-09-22T15:09:25.803-0800: 12.243: [Full GC (Ergonomics) [PSYoungGen: 58880K->41599K(116736K)] [ParOldGen: 349465K->349675K(349696K)] 408345K->391274K(466432K), [Metaspace: 3778K->3778K(1056768K)], 0.0326210 secs] [Times: user=0.14 sys=0.00, real=0.03 secs] 
2022-09-22T15:09:25.838-0800: 12.278: [Full GC (Ergonomics) [PSYoungGen: 58832K->39451K(116736K)] [ParOldGen: 349675K->349382K(349696K)] 408507K->388833K(466432K), [Metaspace: 3778K->3778K(1056768K)], 0.0420274 secs] [Times: user=0.14 sys=0.00, real=0.05 secs] 
2022-09-22T15:09:25.883-0800: 12.323: [Full GC (Ergonomics) [PSYoungGen: 58271K->40284K(116736K)] [ParOldGen: 349382K->349475K(349696K)] 407654K->389760K(466432K), [Metaspace: 3778K->3778K(1056768K)], 0.0396973 secs] [Times: user=0.12 sys=0.00, real=0.04 secs] 
2022-09-22T15:09:25.925-0800: 12.366: [Full GC (Ergonomics) [PSYoungGen: 58774K->40022K(116736K)] [ParOldGen: 349475K->349017K(349696K)] 408250K->389039K(466432K), [Metaspace: 3778K->3778K(1056768K)], 0.0279749 secs] [Times: user=0.13 sys=0.01, real=0.03 secs] 
2022-09-22T15:09:25.955-0800: 12.396: [Full GC (Ergonomics) [PSYoungGen: 58862K->40116K(116736K)] [ParOldGen: 349017K->349482K(349696K)] 407880K->389598K(466432K), [Metaspace: 3778K->3778K(1056768K)], 0.0261789 secs] [Times: user=0.14 sys=0.00, real=0.03 secs] 
2022-09-22T15:09:25.984-0800: 12.424: [Full GC (Ergonomics) [PSYoungGen: 58812K->39147K(116736K)] [ParOldGen: 349482K->349299K(349696K)] 408294K->388447K(466432K), [Metaspace: 3778K->3778K(1056768K)], 0.0266457 secs] [Times: user=0.14 sys=0.00, real=0.03 secs] 
2022-09-22T15:09:26.013-0800: 12.453: [Full GC (Ergonomics) [PSYoungGen: 58880K->42004K(116736K)] [ParOldGen: 349299K->348766K(349696K)] 408179K->390770K(466432K), [Metaspace: 3778K->3778K(1056768K)], 0.0244854 secs] [Times: user=0.13 sys=0.00, real=0.02 secs] 
2022-09-22T15:09:26.039-0800: 12.479: [Full GC (Ergonomics) [PSYoungGen: 58809K->41854K(116736K)] [ParOldGen: 348766K->349060K(349696K)] 407576K->390914K(466432K), [Metaspace: 3778K->3778K(1056768K)], 0.0268046 secs] [Times: user=0.13 sys=0.00, real=0.03 secs] 
2022-09-22T15:09:26.069-0800: 12.509: [Full GC (Ergonomics) [PSYoungGen: 58756K->42211K(116736K)] [ParOldGen: 349060K->349015K(349696K)] 407816K->391227K(466432K), [Metaspace: 3778K->3778K(1056768K)], 0.0342601 secs] [Times: user=0.14 sys=0.01, real=0.04 secs] 
2022-09-22T15:09:26.106-0800: 12.546: [Full GC (Ergonomics) [PSYoungGen: 58513K->40453K(116736K)] [ParOldGen: 349015K->349472K(349696K)] 407528K->389926K(466432K), [Metaspace: 3778K->3778K(1056768K)], 0.0319513 secs] [Times: user=0.14 sys=0.00, real=0.03 secs] 
2022-09-22T15:09:26.140-0800: 12.580: [Full GC (Ergonomics) [PSYoungGen: 58613K->40380K(116736K)] [ParOldGen: 349472K->349556K(349696K)] 408086K->389937K(466432K), [Metaspace: 3778K->3778K(1056768K)], 0.0333707 secs] [Times: user=0.17 sys=0.00, real=0.03 secs] 
2022-09-22T15:09:26.176-0800: 12.616: [Full GC (Ergonomics) [PSYoungGen: 58878K->38093K(116736K)] [ParOldGen: 349556K->349444K(349696K)] 408435K->387538K(466432K), [Metaspace: 3778K->3778K(1056768K)], 0.0350487 secs] [Times: user=0.18 sys=0.00, real=0.04 secs] 
2022-09-22T15:09:26.214-0800: 12.654: [Full GC (Ergonomics) [PSYoungGen: 58720K->36852K(116736K)] [ParOldGen: 349444K->349369K(349696K)] 408164K->386222K(466432K), [Metaspace: 3778K->3778K(1056768K)], 0.0330923 secs] [Times: user=0.17 sys=0.01, real=0.03 secs] 
2022-09-22T15:09:26.249-0800: 12.689: [Full GC (Ergonomics) [PSYoungGen: 58299K->38552K(116736K)] [ParOldGen: 349369K->349186K(349696K)] 407669K->387739K(466432K), [Metaspace: 3778K->3778K(1056768K)], 0.0339787 secs] [Times: user=0.16 sys=0.00, real=0.04 secs] 
2022-09-22T15:09:26.285-0800: 12.726: [Full GC (Ergonomics) [PSYoungGen: 58751K->38315K(116736K)] [ParOldGen: 349186K->349576K(349696K)] 407938K->387891K(466432K), [Metaspace: 3778K->3778K(1056768K)], 0.0282254 secs] [Times: user=0.15 sys=0.00, real=0.03 secs] 
2022-09-22T15:09:26.316-0800: 12.756: [Full GC (Ergonomics) [PSYoungGen: 58855K->39224K(116736K)] [ParOldGen: 349576K->349178K(349696K)] 408431K->388402K(466432K), [Metaspace: 3778K->3778K(1056768K)], 0.0219725 secs] [Times: user=0.13 sys=0.00, real=0.02 secs] 
2022-09-22T15:09:26.340-0800: 12.780: [Full GC (Ergonomics) [PSYoungGen: 58880K->40537K(116736K)] [ParOldGen: 349178K->349442K(349696K)] 408058K->389980K(466432K), [Metaspace: 3778K->3778K(1056768K)], 0.0239205 secs] [Times: user=0.13 sys=0.01, real=0.02 secs] 
2022-09-22T15:09:26.366-0800: 12.806: [Full GC (Ergonomics) [PSYoungGen: 58814K->39555K(116736K)] [ParOldGen: 349442K->348956K(349696K)] 408257K->388511K(466432K), [Metaspace: 3778K->3778K(1056768K)], 0.0251350 secs] [Times: user=0.16 sys=0.00, real=0.03 secs] 
2022-09-22T15:09:26.393-0800: 12.833: [Full GC (Ergonomics) [PSYoungGen: 58520K->38887K(116736K)] [ParOldGen: 348956K->349239K(349696K)] 407476K->388127K(466432K), [Metaspace: 3778K->3778K(1056768K)], 0.0237389 secs] [Times: user=0.12 sys=0.00, real=0.02 secs] 
2022-09-22T15:09:26.419-0800: 12.859: [Full GC (Ergonomics) [PSYoungGen: 58493K->36816K(116736K)] [ParOldGen: 349239K->349487K(349696K)] 407732K->386303K(466432K), [Metaspace: 3778K->3778K(1056768K)], 0.0247402 secs] [Times: user=0.16 sys=0.00, real=0.03 secs] 
2022-09-22T15:09:26.446-0800: 12.886: [Full GC (Ergonomics) [PSYoungGen: 58751K->37040K(116736K)] [ParOldGen: 349487K->349066K(349696K)] 408238K->386106K(466432K), [Metaspace: 3778K->3778K(1056768K)], 0.0266234 secs] [Times: user=0.14 sys=0.00, real=0.03 secs] 
2022-09-22T15:09:26.475-0800: 12.915: [Full GC (Ergonomics) [PSYoungGen: 58673K->36214K(116736K)] [ParOldGen: 349066K->349689K(349696K)] 407740K->385904K(466432K), [Metaspace: 3778K->3778K(1056768K)], 0.0228643 secs] [Times: user=0.14 sys=0.00, real=0.02 secs] 
2022-09-22T15:09:26.500-0800: 12.940: [Full GC (Ergonomics) [PSYoungGen: 58880K->36276K(116736K)] [ParOldGen: 349689K->349605K(349696K)] 408569K->385881K(466432K), [Metaspace: 3778K->3778K(1056768K)], 0.0239127 secs] [Times: user=0.13 sys=0.01, real=0.02 secs] 
2022-09-22T15:09:26.526-0800: 12.966: [Full GC (Ergonomics) [PSYoungGen: 58730K->34449K(116736K)] [ParOldGen: 349605K->349513K(349696K)] 408335K->383963K(466432K), [Metaspace: 3778K->3778K(1056768K)], 0.0219944 secs] [Times: user=0.13 sys=0.00, real=0.02 secs] 
2022-09-22T15:09:26.552-0800: 12.992: [Full GC (Ergonomics) [PSYoungGen: 58784K->33333K(116736K)] [ParOldGen: 349513K->349064K(349696K)] 408298K->382397K(466432K), [Metaspace: 3778K->3778K(1056768K)], 0.0294334 secs] [Times: user=0.13 sys=0.00, real=0.03 secs] 
2022-09-22T15:09:26.584-0800: 13.024: [Full GC (Ergonomics) [PSYoungGen: 58814K->36556K(116736K)] [ParOldGen: 349064K->349275K(349696K)] 407878K->385832K(466432K), [Metaspace: 3778K->3778K(1056768K)], 0.0333474 secs] [Times: user=0.14 sys=0.00, real=0.03 secs] 
2022-09-22T15:09:26.620-0800: 13.061: [Full GC (Ergonomics) [PSYoungGen: 58880K->38190K(116736K)] [ParOldGen: 349275K->349640K(349696K)] 408155K->387830K(466432K), [Metaspace: 3778K->3778K(1056768K)], 0.0419668 secs] [Times: user=0.14 sys=0.01, real=0.04 secs] 
2022-09-22T15:09:26.666-0800: 13.106: [Full GC (Ergonomics) [PSYoungGen: 58472K->39349K(116736K)] [ParOldGen: 349640K->349602K(349696K)] 408112K->388951K(466432K), [Metaspace: 3778K->3778K(1056768K)], 0.0417064 secs] [Times: user=0.16 sys=0.00, real=0.04 secs] 
2022-09-22T15:09:26.710-0800: 13.150: [Full GC (Ergonomics) [PSYoungGen: 58370K->38105K(116736K)] [ParOldGen: 349602K->348824K(349696K)] 407972K->386929K(466432K), [Metaspace: 3778K->3778K(1056768K)], 0.0349272 secs] [Times: user=0.14 sys=0.00, real=0.03 secs] 
2022-09-22T15:09:26.748-0800: 13.189: [Full GC (Ergonomics) [PSYoungGen: 58755K->39754K(116736K)] [ParOldGen: 348824K->349339K(349696K)] 407579K->389093K(466432K), [Metaspace: 3778K->3778K(1056768K)], 0.0358304 secs] [Times: user=0.12 sys=0.01, real=0.04 secs] 
2022-09-22T15:09:26.788-0800: 13.229: [Full GC (Ergonomics) [PSYoungGen: 58632K->37872K(116736K)] [ParOldGen: 349339K->349089K(349696K)] 407972K->386962K(466432K), [Metaspace: 3778K->3778K(1056768K)], 0.0323886 secs] [Times: user=0.11 sys=0.00, real=0.04 secs] 
2022-09-22T15:09:26.823-0800: 13.263: [Full GC (Ergonomics) [PSYoungGen: 58693K->37223K(116736K)] [ParOldGen: 349089K->349579K(349696K)] 407783K->386803K(466432K), [Metaspace: 3778K->3778K(1056768K)], 0.0317787 secs] [Times: user=0.13 sys=0.00, real=0.03 secs] 
2022-09-22T15:09:26.858-0800: 13.298: [Full GC (Ergonomics) [PSYoungGen: 58817K->36535K(116736K)] [ParOldGen: 349579K->349568K(349696K)] 408396K->386103K(466432K), [Metaspace: 3778K->3778K(1056768K)], 0.0281991 secs] [Times: user=0.10 sys=0.00, real=0.03 secs] 
2022-09-22T15:09:26.889-0800: 13.329: [Full GC (Ergonomics) [PSYoungGen: 58708K->35938K(116736K)] [ParOldGen: 349568K->349648K(349696K)] 408276K->385587K(466432K), [Metaspace: 3778K->3778K(1056768K)], 0.0277263 secs] [Times: user=0.10 sys=0.00, real=0.03 secs] 
2022-09-22T15:09:26.920-0800: 13.360: [Full GC (Ergonomics) [PSYoungGen: 58303K->37355K(116736K)] [ParOldGen: 349648K->349667K(349696K)] 407952K->387022K(466432K), [Metaspace: 3778K->3778K(1056768K)], 0.0276492 secs] [Times: user=0.10 sys=0.01, real=0.02 secs] 
2022-09-22T15:09:26.950-0800: 13.390: [Full GC (Ergonomics) [PSYoungGen: 58758K->37640K(116736K)] [ParOldGen: 349667K->349633K(349696K)] 408425K->387273K(466432K), [Metaspace: 3778K->3778K(1056768K)], 0.0277489 secs] [Times: user=0.11 sys=0.00, real=0.02 secs] 
2022-09-22T15:09:26.980-0800: 13.420: [Full GC (Ergonomics) [PSYoungGen: 58289K->35649K(116736K)] [ParOldGen: 349633K->349414K(349696K)] 407922K->385063K(466432K), [Metaspace: 3778K->3778K(1056768K)], 0.0300161 secs] [Times: user=0.11 sys=0.00, real=0.03 secs] 
2022-09-22T15:09:27.012-0800: 13.452: [Full GC (Ergonomics) [PSYoungGen: 58772K->36099K(116736K)] [ParOldGen: 349414K->349518K(349696K)] 408186K->385618K(466432K), [Metaspace: 3778K->3778K(1056768K)], 0.0246379 secs] [Times: user=0.11 sys=0.00, real=0.02 secs] 
2022-09-22T15:09:27.039-0800: 13.479: [Full GC (Ergonomics) [PSYoungGen: 58157K->37233K(116736K)] [ParOldGen: 349518K->349463K(349696K)] 407676K->386696K(466432K), [Metaspace: 3778K->3778K(1056768K)], 0.0251948 secs] [Times: user=0.12 sys=0.00, real=0.03 secs] 
2022-09-22T15:09:27.067-0800: 13.507: [Full GC (Ergonomics) [PSYoungGen: 58548K->37317K(116736K)] [ParOldGen: 349463K->349087K(349696K)] 408012K->386405K(466432K), [Metaspace: 3778K->3778K(1056768K)], 0.0239528 secs] [Times: user=0.12 sys=0.00, real=0.03 secs] 
2022-09-22T15:09:27.093-0800: 13.533: [Full GC (Ergonomics) [PSYoungGen: 58606K->36504K(116736K)] [ParOldGen: 349087K->349419K(349696K)] 407694K->385923K(466432K), [Metaspace: 3778K->3778K(1056768K)], 0.0270171 secs] [Times: user=0.10 sys=0.01, real=0.03 secs] 
2022-09-22T15:09:27.123-0800: 13.563: [Full GC (Ergonomics) [PSYoungGen: 58880K->39711K(116736K)] [ParOldGen: 349419K->349381K(349696K)] 408299K->389092K(466432K), [Metaspace: 3778K->3778K(1056768K)], 0.0282091 secs] [Times: user=0.13 sys=0.00, real=0.03 secs] 
2022-09-22T15:09:27.154-0800: 13.594: [Full GC (Ergonomics) [PSYoungGen: 58873K->40989K(116736K)] [ParOldGen: 349381K->349035K(349696K)] 408255K->390025K(466432K), [Metaspace: 3778K->3778K(1056768K)], 0.0285095 secs] [Times: user=0.11 sys=0.00, real=0.03 secs] 
2022-09-22T15:09:27.185-0800: 13.625: [Full GC (Ergonomics) [PSYoungGen: 58760K->40071K(116736K)] [ParOldGen: 349035K->349166K(349696K)] 407796K->389237K(466432K), [Metaspace: 3778K->3778K(1056768K)], 0.0324350 secs] [Times: user=0.14 sys=0.00, real=0.03 secs] 
2022-09-22T15:09:27.221-0800: 13.661: [Full GC (Ergonomics) [PSYoungGen: 58762K->37958K(116736K)] [ParOldGen: 349166K->349492K(349696K)] 407928K->387451K(466432K), [Metaspace: 3778K->3778K(1056768K)], 0.0276639 secs] [Times: user=0.15 sys=0.01, real=0.02 secs] 
2022-09-22T15:09:27.251-0800: 13.691: [Full GC (Ergonomics) [PSYoungGen: 58449K->37885K(116736K)] [ParOldGen: 349492K->349505K(349696K)] 407942K->387390K(466432K), [Metaspace: 3778K->3778K(1056768K)], 0.0326567 secs] [Times: user=0.14 sys=0.00, real=0.03 secs] 
2022-09-22T15:09:27.287-0800: 13.727: [Full GC (Ergonomics) [PSYoungGen: 58874K->38412K(116736K)] [ParOldGen: 349505K->349298K(349696K)] 408379K->387710K(466432K), [Metaspace: 3778K->3778K(1056768K)], 0.0371265 secs] [Times: user=0.16 sys=0.00, real=0.04 secs] 
2022-09-22T15:09:27.327-0800: 13.767: [Full GC (Ergonomics) [PSYoungGen: 58864K->35334K(116736K)] [ParOldGen: 349298K->349567K(349696K)] 408162K->384902K(466432K), [Metaspace: 3778K->3778K(1056768K)], 0.0343146 secs] [Times: user=0.16 sys=0.00, real=0.04 secs] 
2022-09-22T15:09:27.364-0800: 13.804: [Full GC (Ergonomics) [PSYoungGen: 58782K->36388K(116736K)] [ParOldGen: 349567K->349522K(349696K)] 408350K->385910K(466432K), [Metaspace: 3778K->3778K(1056768K)], 0.0267030 secs] [Times: user=0.13 sys=0.01, real=0.03 secs] 
2022-09-22T15:09:27.393-0800: 13.834: [Full GC (Ergonomics) [PSYoungGen: 58852K->35457K(116736K)] [ParOldGen: 349522K->349439K(349696K)] 408374K->384896K(466432K), [Metaspace: 3778K->3778K(1056768K)], 0.0267245 secs] [Times: user=0.14 sys=0.00, real=0.03 secs] 
2022-09-22T15:09:27.422-0800: 13.862: [Full GC (Ergonomics) [PSYoungGen: 58880K->35023K(116736K)] [ParOldGen: 349439K->349437K(349696K)] 408319K->384461K(466432K), [Metaspace: 3778K->3778K(1056768K)], 0.0261373 secs] [Times: user=0.15 sys=0.00, real=0.02 secs] 
2022-09-22T15:09:27.451-0800: 13.891: [Full GC (Ergonomics) [PSYoungGen: 58854K->33869K(116736K)] [ParOldGen: 349437K->349556K(349696K)] 408291K->383426K(466432K), [Metaspace: 3778K->3778K(1056768K)], 0.0237675 secs] [Times: user=0.11 sys=0.00, real=0.02 secs] 
2022-09-22T15:09:27.478-0800: 13.918: [Full GC (Ergonomics) [PSYoungGen: 58846K->35426K(116736K)] [ParOldGen: 349556K->349518K(349696K)] 408403K->384944K(466432K), [Metaspace: 3778K->3778K(1056768K)], 0.0239638 secs] [Times: user=0.12 sys=0.00, real=0.03 secs] 
2022-09-22T15:09:27.504-0800: 13.944: [Full GC (Ergonomics) [PSYoungGen: 58740K->33316K(116736K)] [ParOldGen: 349518K->349633K(349696K)] 408259K->382949K(466432K), [Metaspace: 3778K->3778K(1056768K)], 0.0250444 secs] [Times: user=0.12 sys=0.00, real=0.02 secs] 
2022-09-22T15:09:27.532-0800: 13.972: [Full GC (Ergonomics) [PSYoungGen: 58799K->33114K(116736K)] [ParOldGen: 349633K->349119K(349696K)] 408432K->382233K(466432K), [Metaspace: 3778K->3778K(1056768K)], 0.0270030 secs] [Times: user=0.12 sys=0.00, real=0.02 secs] 
2022-09-22T15:09:27.562-0800: 14.002: [Full GC (Ergonomics) [PSYoungGen: 58880K->31523K(116736K)] [ParOldGen: 349119K->349615K(349696K)] 407999K->381139K(466432K), [Metaspace: 3778K->3778K(1056768K)], 0.0254339 secs] [Times: user=0.12 sys=0.00, real=0.02 secs] 
2022-09-22T15:09:27.590-0800: 14.030: [Full GC (Ergonomics) [PSYoungGen: 58780K->35427K(116736K)] [ParOldGen: 349615K->349508K(349696K)] 408396K->384935K(466432K), [Metaspace: 3778K->3778K(1056768K)], 0.0261294 secs] [Times: user=0.13 sys=0.00, real=0.02 secs] 
2022-09-22T15:09:27.619-0800: 14.059: [Full GC (Ergonomics) [PSYoungGen: 58880K->32966K(116736K)] [ParOldGen: 349508K->349396K(349696K)] 408388K->382363K(466432K), [Metaspace: 3778K->3778K(1056768K)], 0.0237279 secs] [Times: user=0.12 sys=0.00, real=0.03 secs] 
2022-09-22T15:09:27.645-0800: 14.086: [Full GC (Ergonomics) [PSYoungGen: 58860K->32187K(116736K)] [ParOldGen: 349396K->349471K(349696K)] 408256K->381659K(466432K), [Metaspace: 3778K->3778K(1056768K)], 0.0227846 secs] [Times: user=0.12 sys=0.00, real=0.02 secs] 
2022-09-22T15:09:27.671-0800: 14.111: [Full GC (Ergonomics) [PSYoungGen: 58837K->31678K(116736K)] [ParOldGen: 349471K->349542K(349696K)] 408308K->381220K(466432K), [Metaspace: 3778K->3778K(1056768K)], 0.0296836 secs] [Times: user=0.15 sys=0.01, real=0.03 secs] 
2022-09-22T15:09:27.711-0800: 14.152: [Full GC (Ergonomics) [PSYoungGen: 58548K->36335K(116736K)] [ParOldGen: 349542K->349340K(349696K)] 408091K->385675K(466432K), [Metaspace: 3778K->3778K(1056768K)], 0.0420126 secs] [Times: user=0.13 sys=0.00, real=0.05 secs] 
2022-09-22T15:09:27.770-0800: 14.210: [Full GC (Ergonomics) [PSYoungGen: 58773K->38266K(116736K)] [ParOldGen: 349340K->349132K(349696K)] 408113K->387398K(466432K), [Metaspace: 3778K->3778K(1056768K)], 0.0265468 secs] [Times: user=0.15 sys=0.00, real=0.02 secs] 
2022-09-22T15:09:27.799-0800: 14.239: [Full GC (Ergonomics) [PSYoungGen: 58880K->36635K(116736K)] [ParOldGen: 349132K->349407K(349696K)] 408012K->386043K(466432K), [Metaspace: 3778K->3778K(1056768K)], 0.0230642 secs] [Times: user=0.13 sys=0.00, real=0.03 secs] 
2022-09-22T15:09:27.824-0800: 14.264: [Full GC (Ergonomics) [PSYoungGen: 58785K->37484K(116736K)] [ParOldGen: 349407K->349494K(349696K)] 408192K->386979K(466432K), [Metaspace: 3778K->3778K(1056768K)], 0.0241053 secs] [Times: user=0.13 sys=0.00, real=0.02 secs] 
2022-09-22T15:09:27.850-0800: 14.290: [Full GC (Ergonomics) [PSYoungGen: 58743K->36989K(116736K)] [ParOldGen: 349494K->349534K(349696K)] 408238K->386523K(466432K), [Metaspace: 3778K->3778K(1056768K)], 0.0258571 secs] [Times: user=0.14 sys=0.00, real=0.02 secs] 
2022-09-22T15:09:27.879-0800: 14.319: [Full GC (Ergonomics) [PSYoungGen: 58826K->36826K(116736K)] [ParOldGen: 349534K->349669K(349696K)] 408360K->386495K(466432K), [Metaspace: 3778K->3778K(1056768K)], 0.0255837 secs] [Times: user=0.16 sys=0.01, real=0.03 secs] 
2022-09-22T15:09:27.907-0800: 14.347: [Full GC (Ergonomics) [PSYoungGen: 58868K->36538K(116736K)] [ParOldGen: 349669K->349464K(349696K)] 408537K->386002K(466432K), [Metaspace: 3778K->3778K(1056768K)], 0.0196985 secs] [Times: user=0.12 sys=0.00, real=0.02 secs] 
2022-09-22T15:09:27.929-0800: 14.369: [Full GC (Ergonomics) [PSYoungGen: 58849K->34910K(116736K)] [ParOldGen: 349464K->349643K(349696K)] 408314K->384554K(466432K), [Metaspace: 3778K->3778K(1056768K)], 0.0232048 secs] [Times: user=0.13 sys=0.00, real=0.03 secs] 
2022-09-22T15:09:27.955-0800: 14.395: [Full GC (Ergonomics) [PSYoungGen: 58431K->32709K(116736K)] [ParOldGen: 349643K->349495K(349696K)] 408075K->382204K(466432K), [Metaspace: 3778K->3778K(1056768K)], 0.0225346 secs] [Times: user=0.14 sys=0.00, real=0.02 secs] 
2022-09-22T15:09:27.980-0800: 14.420: [Full GC (Ergonomics) [PSYoungGen: 58837K->30722K(116736K)] [ParOldGen: 349495K->349198K(349696K)] 408333K->379920K(466432K), [Metaspace: 3778K->3778K(1056768K)], 0.0227062 secs] [Times: user=0.14 sys=0.00, real=0.02 secs] 
2022-09-22T15:09:28.006-0800: 14.446: [Full GC (Ergonomics) [PSYoungGen: 58742K->30222K(116736K)] [ParOldGen: 349198K->349594K(349696K)] 407941K->379817K(466432K), [Metaspace: 3778K->3778K(1056768K)], 0.0220387 secs] [Times: user=0.12 sys=0.00, real=0.02 secs] 
2022-09-22T15:09:28.031-0800: 14.471: [Full GC (Ergonomics) [PSYoungGen: 58380K->30709K(116736K)] [ParOldGen: 349594K->349533K(349696K)] 407975K->380243K(466432K), [Metaspace: 3778K->3778K(1056768K)], 0.0220179 secs] [Times: user=0.13 sys=0.00, real=0.02 secs] 
2022-09-22T15:09:28.057-0800: 14.497: [Full GC (Ergonomics) [PSYoungGen: 58825K->33216K(116736K)] [ParOldGen: 349533K->349259K(349696K)] 408359K->382476K(466432K), [Metaspace: 3778K->3778K(1056768K)], 0.0253440 secs] [Times: user=0.12 sys=0.00, real=0.03 secs] 
2022-09-22T15:09:28.085-0800: 14.526: [Full GC (Ergonomics) [PSYoungGen: 58880K->34255K(116736K)] [ParOldGen: 349259K->349629K(349696K)] 408139K->383884K(466432K), [Metaspace: 3778K->3778K(1056768K)], 0.0344092 secs] [Times: user=0.16 sys=0.00, real=0.04 secs] 
2022-09-22T15:09:28.126-0800: 14.566: [Full GC (Ergonomics) [PSYoungGen: 58841K->30848K(116736K)] [ParOldGen: 349629K->349318K(349696K)] 408470K->380167K(466432K), [Metaspace: 3778K->3778K(1056768K)], 0.0305571 secs] [Times: user=0.14 sys=0.00, real=0.03 secs] 
2022-09-22T15:09:28.161-0800: 14.602: [Full GC (Ergonomics) [PSYoungGen: 58880K->30178K(116736K)] [ParOldGen: 349318K->349298K(349696K)] 408198K->379476K(466432K), [Metaspace: 3778K->3778K(1056768K)], 0.0306355 secs] [Times: user=0.15 sys=0.01, real=0.03 secs] 
2022-09-22T15:09:28.197-0800: 14.637: [Full GC (Ergonomics) [PSYoungGen: 58760K->28317K(116736K)] [ParOldGen: 349298K->349237K(349696K)] 408059K->377554K(466432K), [Metaspace: 3778K->3778K(1056768K)], 0.0327804 secs] [Times: user=0.17 sys=0.00, real=0.04 secs] 
2022-09-22T15:09:28.234-0800: 14.674: [Full GC (Ergonomics) [PSYoungGen: 58880K->31838K(116736K)] [ParOldGen: 349237K->349462K(349696K)] 408117K->381300K(466432K), [Metaspace: 3778K->3778K(1056768K)], 0.0303363 secs] [Times: user=0.16 sys=0.00, real=0.03 secs] 
2022-09-22T15:09:28.267-0800: 14.707: [Full GC (Ergonomics) [PSYoungGen: 58880K->32723K(116736K)] [ParOldGen: 349462K->349136K(349696K)] 408342K->381860K(466432K), [Metaspace: 3778K->3778K(1056768K)], 0.0233456 secs] [Times: user=0.13 sys=0.00, real=0.03 secs] 
2022-09-22T15:09:28.293-0800: 14.733: [Full GC (Ergonomics) [PSYoungGen: 58825K->32487K(116736K)] [ParOldGen: 349136K->349354K(349696K)] 407962K->381842K(466432K), [Metaspace: 3778K->3778K(1056768K)], 0.0223943 secs] [Times: user=0.13 sys=0.01, real=0.02 secs] 
2022-09-22T15:09:28.318-0800: 14.758: [Full GC (Ergonomics) [PSYoungGen: 58707K->31977K(116736K)] [ParOldGen: 349354K->349549K(349696K)] 408062K->381526K(466432K), [Metaspace: 3778K->3778K(1056768K)], 0.0229924 secs] [Times: user=0.13 sys=0.00, real=0.03 secs] 
2022-09-22T15:09:28.344-0800: 14.784: [Full GC (Ergonomics) [PSYoungGen: 58335K->33428K(116736K)] [ParOldGen: 349549K->349366K(349696K)] 407884K->382795K(466432K), [Metaspace: 3778K->3778K(1056768K)], 0.0229654 secs] [Times: user=0.13 sys=0.00, real=0.02 secs] 
2022-09-22T15:09:28.370-0800: 14.810: [Full GC (Ergonomics) [PSYoungGen: 58140K->34522K(116736K)] [ParOldGen: 349366K->348900K(349696K)] 407507K->383423K(466432K), [Metaspace: 3778K->3778K(1056768K)], 0.0239520 secs] [Times: user=0.14 sys=0.00, real=0.02 secs] 
2022-09-22T15:09:28.396-0800: 14.837: [Full GC (Ergonomics) [PSYoungGen: 58815K->35819K(116736K)] [ParOldGen: 348900K->349513K(349696K)] 407715K->385332K(466432K), [Metaspace: 3778K->3778K(1056768K)], 0.0241760 secs] [Times: user=0.12 sys=0.00, real=0.03 secs] 
2022-09-22T15:09:28.423-0800: 14.863: [Full GC (Ergonomics) [PSYoungGen: 58414K->36762K(116736K)] [ParOldGen: 349513K->349202K(349696K)] 407927K->385964K(466432K), [Metaspace: 3778K->3778K(1056768K)], 0.0227710 secs] [Times: user=0.13 sys=0.00, real=0.02 secs] 
2022-09-22T15:09:28.448-0800: 14.888: [Full GC (Ergonomics) [PSYoungGen: 58769K->36597K(116736K)] [ParOldGen: 349202K->349492K(349696K)] 407971K->386090K(466432K), [Metaspace: 3778K->3778K(1056768K)], 0.0255237 secs] [Times: user=0.13 sys=0.01, real=0.03 secs] 
2022-09-22T15:09:28.476-0800: 14.916: [Full GC (Ergonomics) [PSYoungGen: 58824K->35891K(116736K)] [ParOldGen: 349492K->349358K(349696K)] 408317K->385249K(466432K), [Metaspace: 3778K->3778K(1056768K)], 0.0230547 secs] [Times: user=0.15 sys=0.00, real=0.02 secs] 
2022-09-22T15:09:28.502-0800: 14.942: [Full GC (Ergonomics) [PSYoungGen: 58800K->35233K(116736K)] [ParOldGen: 349358K->349308K(349696K)] 408158K->384542K(466432K), [Metaspace: 3778K->3778K(1056768K)], 0.0241897 secs] [Times: user=0.14 sys=0.00, real=0.02 secs] 
2022-09-22T15:09:28.529-0800: 14.969: [Full GC (Ergonomics) [PSYoungGen: 58592K->35217K(116736K)] [ParOldGen: 349308K->349420K(349696K)] 407901K->384637K(466432K), [Metaspace: 3778K->3778K(1056768K)], 0.0230080 secs] [Times: user=0.14 sys=0.00, real=0.03 secs] 
2022-09-22T15:09:28.555-0800: 14.995: [Full GC (Ergonomics) [PSYoungGen: 58641K->38510K(116736K)] [ParOldGen: 349420K->349383K(349696K)] 408062K->387894K(466432K), [Metaspace: 3778K->3778K(1056768K)], 0.0247964 secs] [Times: user=0.13 sys=0.00, real=0.02 secs] 
2022-09-22T15:09:28.582-0800: 15.022: [Full GC (Ergonomics) [PSYoungGen: 58835K->37155K(116736K)] [ParOldGen: 349383K->349331K(349696K)] 408219K->386486K(466432K), [Metaspace: 3778K->3778K(1056768K)], 0.0221606 secs] [Times: user=0.14 sys=0.00, real=0.02 secs] 
2022-09-22T15:09:28.607-0800: 15.047: [Full GC (Ergonomics) [PSYoungGen: 58513K->34470K(116736K)] [ParOldGen: 349331K->349363K(349696K)] 407844K->383834K(466432K), [Metaspace: 3785K->3785K(1056768K)], 0.0222226 secs] [Times: user=0.14 sys=0.00, real=0.02 secs] 
2022-09-22T15:09:28.632-0800: 15.072: [Full GC (Ergonomics) [PSYoungGen: 58810K->33041K(116736K)] [ParOldGen: 349363K->349241K(349696K)] 408173K->382282K(466432K), [Metaspace: 3785K->3785K(1056768K)], 0.0234783 secs] [Times: user=0.14 sys=0.00, real=0.02 secs] 
2022-09-22T15:09:28.658-0800: 15.098: [Full GC (Ergonomics) [PSYoungGen: 58698K->32904K(116736K)] [ParOldGen: 349241K->349616K(349696K)] 407939K->382520K(466432K), [Metaspace: 3785K->3785K(1056768K)], 0.0226326 secs] [Times: user=0.13 sys=0.00, real=0.03 secs] 
2022-09-22T15:09:28.684-0800: 15.124: [Full GC (Ergonomics) [PSYoungGen: 58880K->29140K(116736K)] [ParOldGen: 349616K->349490K(349696K)] 408496K->378630K(466432K), [Metaspace: 3785K->3785K(1056768K)], 0.0236874 secs] [Times: user=0.13 sys=0.00, real=0.02 secs] 
2022-09-22T15:09:28.711-0800: 15.151: [Full GC (Ergonomics) [PSYoungGen: 58880K->32103K(116736K)] [ParOldGen: 349490K->349684K(349696K)] 408370K->381788K(466432K), [Metaspace: 3785K->3785K(1056768K)], 0.0230356 secs] [Times: user=0.13 sys=0.00, real=0.02 secs] 
2022-09-22T15:09:28.738-0800: 15.178: [Full GC (Ergonomics) [PSYoungGen: 58767K->29652K(116736K)] [ParOldGen: 349684K->349061K(349696K)] 408452K->378713K(466432K), [Metaspace: 3785K->3785K(1056768K)], 0.0235362 secs] [Times: user=0.13 sys=0.00, real=0.04 secs] 
2022-09-22T15:09:28.779-0800: 15.219: [Full GC (Ergonomics) [PSYoungGen: 58831K->28256K(116736K)] [ParOldGen: 349061K->349650K(349696K)] 407892K->377906K(466432K), [Metaspace: 3785K->3785K(1056768K)], 0.0226320 secs] [Times: user=0.13 sys=0.01, real=0.03 secs] 
2022-09-22T15:09:28.807-0800: 15.247: [Full GC (Ergonomics) [PSYoungGen: 58568K->29799K(116736K)] [ParOldGen: 349650K->349446K(349696K)] 408218K->379246K(466432K), [Metaspace: 3785K->3785K(1056768K)], 0.0239588 secs] [Times: user=0.12 sys=0.00, real=0.03 secs] 
2022-09-22T15:09:28.834-0800: 15.275: [Full GC (Ergonomics) [PSYoungGen: 58859K->30889K(116736K)] [ParOldGen: 349446K->349099K(349696K)] 408306K->379988K(466432K), [Metaspace: 3785K->3785K(1056768K)], 0.0240091 secs] [Times: user=0.14 sys=0.00, real=0.02 secs] 
2022-09-22T15:09:28.861-0800: 15.302: [Full GC (Ergonomics) [PSYoungGen: 58728K->32257K(116736K)] [ParOldGen: 349099K->349451K(349696K)] 407827K->381708K(466432K), [Metaspace: 3785K->3785K(1056768K)], 0.0305038 secs] [Times: user=0.14 sys=0.00, real=0.03 secs] 
2022-09-22T15:09:28.895-0800: 15.335: [Full GC (Ergonomics) [PSYoungGen: 58880K->32553K(116736K)] [ParOldGen: 349451K->349305K(349696K)] 408331K->381859K(466432K), [Metaspace: 3785K->3785K(1056768K)], 0.0331595 secs] [Times: user=0.14 sys=0.01, real=0.03 secs] 
2022-09-22T15:09:28.932-0800: 15.372: [Full GC (Ergonomics) [PSYoungGen: 58707K->32117K(116736K)] [ParOldGen: 349305K->349600K(349696K)] 408013K->381718K(466432K), [Metaspace: 3785K->3785K(1056768K)], 0.0347591 secs] [Times: user=0.16 sys=0.00, real=0.03 secs] 
2022-09-22T15:09:28.970-0800: 15.410: [Full GC (Ergonomics) [PSYoungGen: 58837K->32758K(116736K)] [ParOldGen: 349600K->348823K(349696K)] 408438K->381582K(466432K), [Metaspace: 3785K->3785K(1056768K)], 0.0313959 secs] [Times: user=0.16 sys=0.00, real=0.03 secs] 
2022-09-22T15:09:29.006-0800: 15.446: [Full GC (Ergonomics) [PSYoungGen: 58880K->32770K(116736K)] [ParOldGen: 348823K->349550K(349696K)] 407703K->382321K(466432K), [Metaspace: 3785K->3785K(1056768K)], 0.0283702 secs] [Times: user=0.14 sys=0.00, real=0.03 secs] 
2022-09-22T15:09:29.038-0800: 15.478: [Full GC (Ergonomics) [PSYoungGen: 58880K->33698K(116736K)] [ParOldGen: 349550K->349640K(349696K)] 408430K->383339K(466432K), [Metaspace: 3785K->3785K(1056768K)], 0.0311055 secs] [Times: user=0.13 sys=0.01, real=0.03 secs] 
2022-09-22T15:09:29.072-0800: 15.512: [Full GC (Ergonomics) [PSYoungGen: 58447K->36317K(116736K)] [ParOldGen: 349640K->349091K(349696K)] 408088K->385408K(466432K), [Metaspace: 3785K->3785K(1056768K)], 0.0348405 secs] [Times: user=0.18 sys=0.00, real=0.03 secs] 
2022-09-22T15:09:29.110-0800: 15.550: [Full GC (Ergonomics) [PSYoungGen: 58639K->36614K(116736K)] [ParOldGen: 349091K->349511K(349696K)] 407731K->386125K(466432K), [Metaspace: 3785K->3785K(1056768K)], 0.0310586 secs] [Times: user=0.15 sys=0.00, real=0.03 secs] 
2022-09-22T15:09:29.144-0800: 15.584: [Full GC (Ergonomics) [PSYoungGen: 58880K->34973K(116736K)] [ParOldGen: 349511K->348873K(349696K)] 408391K->383846K(466432K), [Metaspace: 3785K->3785K(1056768K)], 0.0237872 secs] [Times: user=0.12 sys=0.00, real=0.02 secs] 
2022-09-22T15:09:29.170-0800: 15.611: [Full GC (Ergonomics) [PSYoungGen: 58859K->35421K(116736K)] [ParOldGen: 348873K->349388K(349696K)] 407732K->384810K(466432K), [Metaspace: 3785K->3785K(1056768K)], 0.0223771 secs] [Times: user=0.14 sys=0.01, real=0.02 secs] 
2022-09-22T15:09:29.195-0800: 15.635: [Full GC (Ergonomics) [PSYoungGen: 58857K->31675K(116736K)] [ParOldGen: 349388K->349340K(349696K)] 408246K->381015K(466432K), [Metaspace: 3785K->3785K(1056768K)], 0.0214532 secs] [Times: user=0.12 sys=0.00, real=0.02 secs] 
2022-09-22T15:09:29.220-0800: 15.660: [Full GC (Ergonomics) [PSYoungGen: 58880K->28124K(116736K)] [ParOldGen: 349340K->349476K(349696K)] 408220K->377601K(466432K), [Metaspace: 3785K->3785K(1056768K)], 0.0246189 secs] [Times: user=0.11 sys=0.00, real=0.02 secs] 
2022-09-22T15:09:29.248-0800: 15.688: [Full GC (Ergonomics) [PSYoungGen: 58765K->28648K(116736K)] [ParOldGen: 349476K->349336K(349696K)] 408242K->377985K(466432K), [Metaspace: 3785K->3785K(1056768K)], 0.0229965 secs] [Times: user=0.11 sys=0.00, real=0.03 secs] 
2022-09-22T15:09:29.275-0800: 15.715: [Full GC (Ergonomics) [PSYoungGen: 58880K->28528K(116736K)] [ParOldGen: 349336K->349278K(349696K)] 408216K->377806K(466432K), [Metaspace: 3785K->3785K(1056768K)], 0.0207366 secs] [Times: user=0.12 sys=0.00, real=0.02 secs] 
2022-09-22T15:09:29.298-0800: 15.738: [Full GC (Ergonomics) [PSYoungGen: 58819K->30397K(116736K)] [ParOldGen: 349278K->349541K(349696K)] 408098K->379939K(466432K), [Metaspace: 3785K->3785K(1056768K)], 0.0228356 secs] [Times: user=0.13 sys=0.00, real=0.03 secs] 
2022-09-22T15:09:29.324-0800: 15.764: [Full GC (Ergonomics) [PSYoungGen: 58715K->29785K(116736K)] [ParOldGen: 349541K->349580K(349696K)] 408256K->379365K(466432K), [Metaspace: 3785K->3785K(1056768K)], 0.0228660 secs] [Times: user=0.14 sys=0.01, real=0.02 secs] 
2022-09-22T15:09:29.350-0800: 15.790: [Full GC (Ergonomics) [PSYoungGen: 58821K->25523K(116736K)] [ParOldGen: 349580K->349419K(349696K)] 408401K->374942K(466432K), [Metaspace: 3785K->3785K(1056768K)], 0.0224910 secs] [Times: user=0.14 sys=0.00, real=0.02 secs] 
2022-09-22T15:09:29.376-0800: 15.816: [Full GC (Ergonomics) [PSYoungGen: 58864K->26868K(116736K)] [ParOldGen: 349419K->349446K(349696K)] 408283K->376314K(466432K), [Metaspace: 3785K->3785K(1056768K)], 0.0222708 secs] [Times: user=0.14 sys=0.00, real=0.02 secs] 
2022-09-22T15:09:29.401-0800: 15.841: [Full GC (Ergonomics) [PSYoungGen: 58880K->26189K(116736K)] [ParOldGen: 349446K->349138K(349696K)] 408326K->375327K(466432K), [Metaspace: 3785K->3785K(1056768K)], 0.0218828 secs] [Times: user=0.13 sys=0.00, real=0.02 secs] 
2022-09-22T15:09:29.426-0800: 15.867: [Full GC (Ergonomics) [PSYoungGen: 58870K->27583K(116736K)] [ParOldGen: 349138K->349146K(349696K)] 408008K->376730K(466432K), [Metaspace: 3785K->3785K(1056768K)], 0.0246889 secs] [Times: user=0.14 sys=0.00, real=0.03 secs] 
2022-09-22T15:09:29.455-0800: 15.895: [Full GC (Ergonomics) [PSYoungGen: 58356K->26925K(116736K)] [ParOldGen: 349146K->349299K(349696K)] 407503K->376224K(466432K), [Metaspace: 3785K->3785K(1056768K)], 0.0268561 secs] [Times: user=0.11 sys=0.00, real=0.03 secs] 
2022-09-22T15:09:29.485-0800: 15.925: [Full GC (Ergonomics) [PSYoungGen: 58880K->30003K(116736K)] [ParOldGen: 349299K->349266K(349696K)] 408179K->379270K(466432K), [Metaspace: 3785K->3785K(1056768K)], 0.0261065 secs] [Times: user=0.12 sys=0.01, real=0.03 secs] 
2022-09-22T15:09:29.515-0800: 15.955: [Full GC (Ergonomics) [PSYoungGen: 58880K->30940K(116736K)] [ParOldGen: 349266K->349265K(349696K)] 408146K->380205K(466432K), [Metaspace: 3785K->3785K(1056768K)], 0.0268965 secs] [Times: user=0.12 sys=0.00, real=0.03 secs] 
2022-09-22T15:09:29.545-0800: 15.985: [Full GC (Ergonomics) [PSYoungGen: 58840K->33486K(116736K)] [ParOldGen: 349265K->349153K(349696K)] 408105K->382640K(466432K), [Metaspace: 3785K->3785K(1056768K)], 0.0287649 secs] [Times: user=0.12 sys=0.00, real=0.03 secs] 
2022-09-22T15:09:29.576-0800: 16.016: [Full GC (Ergonomics) [PSYoungGen: 58617K->32308K(116736K)] [ParOldGen: 349153K->349156K(349696K)] 407771K->381465K(466432K), [Metaspace: 3785K->3785K(1056768K)], 0.0255863 secs] [Times: user=0.13 sys=0.00, real=0.03 secs] 
2022-09-22T15:09:29.605-0800: 16.045: [Full GC (Ergonomics) [PSYoungGen: 58808K->33105K(116736K)] [ParOldGen: 349156K->349440K(349696K)] 407964K->382545K(466432K), [Metaspace: 3785K->3785K(1056768K)], 0.0237135 secs] [Times: user=0.13 sys=0.01, real=0.02 secs] 
2022-09-22T15:09:29.632-0800: 16.072: [Full GC (Ergonomics) [PSYoungGen: 58797K->31110K(116736K)] [ParOldGen: 349440K->349660K(349696K)] 408237K->380770K(466432K), [Metaspace: 3785K->3785K(1056768K)], 0.0218036 secs] [Times: user=0.12 sys=0.00, real=0.02 secs] 
2022-09-22T15:09:29.656-0800: 16.096: [Full GC (Ergonomics) [PSYoungGen: 58843K->34429K(116736K)] [ParOldGen: 349660K->349495K(349696K)] 408504K->383924K(466432K), [Metaspace: 3785K->3785K(1056768K)], 0.0221866 secs] [Times: user=0.13 sys=0.00, real=0.02 secs] 
2022-09-22T15:09:29.681-0800: 16.121: [Full GC (Ergonomics) [PSYoungGen: 58871K->37684K(116736K)] [ParOldGen: 349495K->349026K(349696K)] 408367K->386711K(466432K), [Metaspace: 3785K->3785K(1056768K)], 0.0252799 secs] [Times: user=0.15 sys=0.00, real=0.02 secs] 
2022-09-22T15:09:29.709-0800: 16.149: [Full GC (Ergonomics) [PSYoungGen: 58880K->33238K(116736K)] [ParOldGen: 349026K->349652K(349696K)] 407906K->382891K(466432K), [Metaspace: 3785K->3785K(1056768K)], 0.0247688 secs] [Times: user=0.14 sys=0.00, real=0.03 secs] 
2022-09-22T15:09:29.736-0800: 16.176: [Full GC (Ergonomics) [PSYoungGen: 58566K->31831K(116736K)] [ParOldGen: 349652K->349362K(349696K)] 408219K->381193K(466432K), [Metaspace: 3785K->3785K(1056768K)], 0.0234663 secs] [Times: user=0.14 sys=0.00, real=0.02 secs] 
2022-09-22T15:09:29.762-0800: 16.203: [Full GC (Ergonomics) [PSYoungGen: 58862K->29990K(116736K)] [ParOldGen: 349362K->349405K(349696K)] 408225K->379396K(466432K), [Metaspace: 3785K->3785K(1056768K)], 0.0234054 secs] [Times: user=0.14 sys=0.00, real=0.02 secs] 
2022-09-22T15:09:29.789-0800: 16.229: [Full GC (Ergonomics) [PSYoungGen: 58745K->28184K(116736K)] [ParOldGen: 349405K->349401K(349696K)] 408150K->377586K(466432K), [Metaspace: 3785K->3785K(1056768K)], 0.0224404 secs] [Times: user=0.13 sys=0.00, real=0.03 secs] 
2022-09-22T15:09:29.815-0800: 16.255: [Full GC (Ergonomics) [PSYoungGen: 58833K->25904K(116736K)] [ParOldGen: 349401K->349464K(349696K)] 408235K->375368K(466432K), [Metaspace: 3785K->3785K(1056768K)], 0.0220388 secs] [Times: user=0.13 sys=0.00, real=0.02 secs] 
2022-09-22T15:09:29.841-0800: 16.281: [Full GC (Ergonomics) [PSYoungGen: 58752K->29068K(116736K)] [ParOldGen: 349464K->349605K(349696K)] 408217K->378674K(466432K), [Metaspace: 3785K->3785K(1056768K)], 0.0227448 secs] [Times: user=0.12 sys=0.00, real=0.02 secs] 
2022-09-22T15:09:29.867-0800: 16.308: [Full GC (Ergonomics) [PSYoungGen: 58865K->27806K(116736K)] [ParOldGen: 349605K->349128K(349696K)] 408470K->376935K(466432K), [Metaspace: 3785K->3785K(1056768K)], 0.0231403 secs] [Times: user=0.14 sys=0.00, real=0.03 secs] 
2022-09-22T15:09:29.894-0800: 16.334: [Full GC (Ergonomics) [PSYoungGen: 58737K->27234K(116736K)] [ParOldGen: 349128K->349267K(349696K)] 407866K->376502K(466432K), [Metaspace: 3785K->3785K(1056768K)], 0.0228503 secs] [Times: user=0.13 sys=0.00, real=0.02 secs] 
2022-09-22T15:09:29.920-0800: 16.360: [Full GC (Ergonomics) [PSYoungGen: 58854K->27843K(116736K)] [ParOldGen: 349267K->349367K(349696K)] 408122K->377210K(466432K), [Metaspace: 3785K->3785K(1056768K)], 0.0203316 secs] [Times: user=0.13 sys=0.00, real=0.02 secs] 
2022-09-22T15:09:29.944-0800: 16.384: [Full GC (Ergonomics) [PSYoungGen: 58880K->26937K(116736K)] [ParOldGen: 349367K->349617K(349696K)] 408247K->376555K(466432K), [Metaspace: 3785K->3785K(1056768K)], 0.0217121 secs] [Times: user=0.13 sys=0.01, real=0.02 secs] 
2022-09-22T15:09:29.969-0800: 16.409: [Full GC (Ergonomics) [PSYoungGen: 58547K->25524K(116736K)] [ParOldGen: 349617K->349141K(349696K)] 408165K->374666K(466432K), [Metaspace: 3785K->3785K(1056768K)], 0.0228589 secs] [Times: user=0.13 sys=0.00, real=0.03 secs] 
2022-09-22T15:09:29.995-0800: 16.435: [Full GC (Ergonomics) [PSYoungGen: 58819K->24485K(116736K)] [ParOldGen: 349141K->349358K(349696K)] 407961K->373844K(466432K), [Metaspace: 3785K->3785K(1056768K)], 0.0221767 secs] [Times: user=0.13 sys=0.00, real=0.02 secs] 
2022-09-22T15:09:30.021-0800: 16.461: [Full GC (Ergonomics) [PSYoungGen: 58646K->25574K(116736K)] [ParOldGen: 349358K->349573K(349696K)] 408004K->375147K(466432K), [Metaspace: 3785K->3785K(1056768K)], 0.0226123 secs] [Times: user=0.13 sys=0.00, real=0.02 secs] 
2022-09-22T15:09:30.047-0800: 16.487: [Full GC (Ergonomics) [PSYoungGen: 58806K->26657K(116736K)] [ParOldGen: 349573K->349453K(349696K)] 408379K->376110K(466432K), [Metaspace: 3785K->3785K(1056768K)], 0.0231129 secs] [Times: user=0.12 sys=0.00, real=0.03 secs] 
2022-09-22T15:09:30.074-0800: 16.514: [Full GC (Ergonomics) [PSYoungGen: 58880K->25284K(116736K)] [ParOldGen: 349453K->349331K(349696K)] 408333K->374616K(466432K), [Metaspace: 3785K->3785K(1056768K)], 0.0223088 secs] [Times: user=0.13 sys=0.00, real=0.02 secs] 
2022-09-22T15:09:30.099-0800: 16.539: [Full GC (Ergonomics) [PSYoungGen: 58457K->29884K(116736K)] [ParOldGen: 349331K->349612K(349696K)] 407788K->379497K(466432K), [Metaspace: 3785K->3785K(1056768K)], 0.0240927 secs] [Times: user=0.14 sys=0.01, real=0.05 secs] 
2022-09-22T15:09:30.143-0800: 16.583: [Full GC (Ergonomics) [PSYoungGen: 58880K->27089K(116736K)] [ParOldGen: 349612K->349453K(349696K)] 408492K->376542K(466432K), [Metaspace: 3785K->3785K(1056768K)], 0.0436758 secs] [Times: user=0.12 sys=0.00, real=0.06 secs] 
2022-09-22T15:09:30.208-0800: 16.648: [Full GC (Ergonomics) [PSYoungGen: 58665K->24936K(116736K)] [ParOldGen: 349453K->349635K(349696K)] 408119K->374572K(466432K), [Metaspace: 3785K->3785K(1056768K)], 0.0232245 secs] [Times: user=0.14 sys=0.00, real=0.03 secs] 
2022-09-22T15:09:30.235-0800: 16.675: [Full GC (Ergonomics) [PSYoungGen: 58880K->25882K(116736K)] [ParOldGen: 349635K->349607K(349696K)] 408515K->375489K(466432K), [Metaspace: 3785K->3785K(1056768K)], 0.0226203 secs] [Times: user=0.13 sys=0.00, real=0.02 secs] 
2022-09-22T15:09:30.262-0800: 16.702: [Full GC (Ergonomics) [PSYoungGen: 58880K->23564K(116736K)] [ParOldGen: 349607K->349504K(349696K)] 408487K->373068K(466432K), [Metaspace: 3785K->3785K(1056768K)], 0.0227394 secs] [Times: user=0.13 sys=0.00, real=0.02 secs] 
2022-09-22T15:09:30.288-0800: 16.728: [Full GC (Ergonomics) [PSYoungGen: 58785K->21657K(116736K)] [ParOldGen: 349504K->349201K(349696K)] 408289K->370858K(466432K), [Metaspace: 3785K->3785K(1056768K)], 0.0373437 secs] [Times: user=0.14 sys=0.00, real=0.04 secs] 
2022-09-22T15:09:30.329-0800: 16.769: [Full GC (Ergonomics) [PSYoungGen: 58789K->17732K(116736K)] [ParOldGen: 349201K->349258K(349696K)] 407990K->366991K(466432K), [Metaspace: 3785K->3785K(1056768K)], 0.0224509 secs] [Times: user=0.14 sys=0.01, real=0.03 secs] 
2022-09-22T15:09:30.356-0800: 16.796: [Full GC (Ergonomics) [PSYoungGen: 58878K->20198K(116736K)] [ParOldGen: 349258K->349115K(349696K)] 408137K->369313K(466432K), [Metaspace: 3785K->3785K(1056768K)], 0.0239949 secs] [Times: user=0.12 sys=0.00, real=0.03 secs] 
2022-09-22T15:09:30.387-0800: 16.827: [Full GC (Ergonomics) [PSYoungGen: 58735K->16963K(116736K)] [ParOldGen: 349115K->349646K(349696K)] 407851K->366610K(466432K), [Metaspace: 3785K->3785K(1056768K)], 0.0325640 secs] [Times: user=0.15 sys=0.00, real=0.03 secs] 
2022-09-22T15:09:30.425-0800: 16.865: [Full GC (Ergonomics) [PSYoungGen: 58239K->21101K(116736K)] [ParOldGen: 349646K->349021K(349696K)] 407886K->370122K(466432K), [Metaspace: 3785K->3785K(1056768K)], 0.0310026 secs] [Times: user=0.13 sys=0.00, real=0.03 secs] 
2022-09-22T15:09:30.461-0800: 16.901: [Full GC (Ergonomics) [PSYoungGen: 58843K->22287K(116736K)] [ParOldGen: 349021K->349436K(349696K)] 407864K->371723K(466432K), [Metaspace: 3785K->3785K(1056768K)], 0.0295810 secs] [Times: user=0.13 sys=0.01, real=0.03 secs] 
2022-09-22T15:09:30.494-0800: 16.934: [Full GC (Ergonomics) [PSYoungGen: 58433K->22367K(116736K)] [ParOldGen: 349436K->349401K(349696K)] 407869K->371769K(466432K), [Metaspace: 3785K->3785K(1056768K)], 0.0277365 secs] [Times: user=0.14 sys=0.00, real=0.03 secs] 
2022-09-22T15:09:30.528-0800: 16.968: [Full GC (Ergonomics) [PSYoungGen: 58880K->20033K(116736K)] [ParOldGen: 349401K->349542K(349696K)] 408281K->369576K(466432K), [Metaspace: 3785K->3785K(1056768K)], 0.0319289 secs] [Times: user=0.13 sys=0.00, real=0.04 secs] 
2022-09-22T15:09:30.566-0800: 17.006: [Full GC (Ergonomics) [PSYoungGen: 58880K->20507K(116736K)] [ParOldGen: 349542K->349383K(349696K)] 408422K->369890K(466432K), [Metaspace: 3785K->3785K(1056768K)], 0.0317387 secs] [Times: user=0.15 sys=0.01, real=0.03 secs] 
2022-09-22T15:09:30.603-0800: 17.043: [Full GC (Ergonomics) [PSYoungGen: 58736K->21755K(116736K)] [ParOldGen: 349383K->349256K(349696K)] 408119K->371011K(466432K), [Metaspace: 3785K->3785K(1056768K)], 0.0261474 secs] [Times: user=0.15 sys=0.00, real=0.02 secs] 
2022-09-22T15:09:30.633-0800: 17.073: [Full GC (Ergonomics) [PSYoungGen: 58645K->26483K(116736K)] [ParOldGen: 349256K->348861K(349696K)] 407902K->375345K(466432K), [Metaspace: 3785K->3785K(1056768K)], 0.0221294 secs] [Times: user=0.13 sys=0.00, real=0.02 secs] 
2022-09-22T15:09:30.658-0800: 17.098: [Full GC (Ergonomics) [PSYoungGen: 58786K->27322K(116736K)] [ParOldGen: 348861K->349637K(349696K)] 407648K->376960K(466432K), [Metaspace: 3785K->3785K(1056768K)], 0.0238149 secs] [Times: user=0.15 sys=0.00, real=0.03 secs] 
2022-09-22T15:09:30.685-0800: 17.125: [Full GC (Ergonomics) [PSYoungGen: 58846K->26979K(116736K)] [ParOldGen: 349637K->349120K(349696K)] 408484K->376099K(466432K), [Metaspace: 3785K->3785K(1056768K)], 0.0219547 secs] [Times: user=0.14 sys=0.00, real=0.02 secs] 
2022-09-22T15:09:30.710-0800: 17.151: [Full GC (Ergonomics) [PSYoungGen: 58531K->28037K(116736K)] [ParOldGen: 349120K->349124K(349696K)] 407651K->377162K(466432K), [Metaspace: 3785K->3785K(1056768K)], 0.0229763 secs] [Times: user=0.14 sys=0.00, real=0.02 secs] 
2022-09-22T15:09:30.737-0800: 17.177: [Full GC (Ergonomics) [PSYoungGen: 58817K->28444K(116736K)] [ParOldGen: 349124K->349573K(349696K)] 407942K->378018K(466432K), [Metaspace: 3785K->3785K(1056768K)], 0.0230133 secs] [Times: user=0.14 sys=0.01, real=0.03 secs] 
2022-09-22T15:09:30.763-0800: 17.203: [Full GC (Ergonomics) [PSYoungGen: 58880K->29349K(116736K)] [ParOldGen: 349573K->349606K(349696K)] 408453K->378956K(466432K), [Metaspace: 3785K->3785K(1056768K)], 0.0240277 secs] [Times: user=0.14 sys=0.00, real=0.02 secs] 
2022-09-22T15:09:30.790-0800: 17.231: [Full GC (Ergonomics) [PSYoungGen: 58637K->30962K(116736K)] [ParOldGen: 349606K->349511K(349696K)] 408243K->380474K(466432K), [Metaspace: 3785K->3785K(1056768K)], 0.0245779 secs] [Times: user=0.14 sys=0.00, real=0.02 secs] 
2022-09-22T15:09:30.818-0800: 17.258: [Full GC (Ergonomics) [PSYoungGen: 58565K->32134K(116736K)] [ParOldGen: 349511K->349420K(349696K)] 408077K->381555K(466432K), [Metaspace: 3785K->3785K(1056768K)], 0.0225023 secs] [Times: user=0.12 sys=0.00, real=0.03 secs] 
2022-09-22T15:09:30.843-0800: 17.283: [Full GC (Ergonomics) [PSYoungGen: 58629K->35649K(116736K)] [ParOldGen: 349420K->349554K(349696K)] 408050K->385204K(466432K), [Metaspace: 3785K->3785K(1056768K)], 0.0283999 secs] [Times: user=0.14 sys=0.00, real=0.03 secs] 
2022-09-22T15:09:30.874-0800: 17.314: [Full GC (Ergonomics) [PSYoungGen: 58690K->35908K(116736K)] [ParOldGen: 349554K->349556K(349696K)] 408245K->385465K(466432K), [Metaspace: 3785K->3785K(1056768K)], 0.0319144 secs] [Times: user=0.16 sys=0.01, real=0.03 secs] 
2022-09-22T15:09:30.910-0800: 17.350: [Full GC (Ergonomics) [PSYoungGen: 58699K->34603K(116736K)] [ParOldGen: 349556K->349370K(349696K)] 408255K->383974K(466432K), [Metaspace: 3785K->3785K(1056768K)], 0.0280704 secs] [Times: user=0.14 sys=0.00, real=0.02 secs] 
2022-09-22T15:09:30.941-0800: 17.381: [Full GC (Ergonomics) [PSYoungGen: 58829K->35566K(116736K)] [ParOldGen: 349370K->349388K(349696K)] 408200K->384955K(466432K), [Metaspace: 3785K->3785K(1056768K)], 0.0306392 secs] [Times: user=0.16 sys=0.00, real=0.03 secs] 
2022-09-22T15:09:30.975-0800: 17.415: [Full GC (Ergonomics) [PSYoungGen: 58627K->32297K(116736K)] [ParOldGen: 349388K->349633K(349696K)] 408016K->381930K(466432K), [Metaspace: 3785K->3785K(1056768K)], 0.0295979 secs] [Times: user=0.16 sys=0.01, real=0.03 secs] 
2022-09-22T15:09:31.008-0800: 17.448: [Full GC (Ergonomics) [PSYoungGen: 58801K->34076K(116736K)] [ParOldGen: 349633K->349494K(349696K)] 408435K->383571K(466432K), [Metaspace: 3785K->3785K(1056768K)], 0.0259011 secs] [Times: user=0.14 sys=0.00, real=0.03 secs] 
2022-09-22T15:09:31.037-0800: 17.477: [Full GC (Ergonomics) [PSYoungGen: 58880K->35145K(116736K)] [ParOldGen: 349494K->349322K(349696K)] 408374K->384467K(466432K), [Metaspace: 3785K->3785K(1056768K)], 0.0287183 secs] [Times: user=0.13 sys=0.00, real=0.03 secs] 
2022-09-22T15:09:31.071-0800: 17.511: [Full GC (Ergonomics) [PSYoungGen: 58861K->36537K(116736K)] [ParOldGen: 349322K->349686K(349696K)] 408184K->386224K(466432K), [Metaspace: 3785K->3785K(1056768K)], 0.0252099 secs] [Times: user=0.14 sys=0.00, real=0.02 secs] 
2022-09-22T15:09:31.099-0800: 17.539: [Full GC (Ergonomics) [PSYoungGen: 58855K->37742K(116736K)] [ParOldGen: 349686K->349466K(349696K)] 408542K->387209K(466432K), [Metaspace: 3785K->3785K(1056768K)], 0.0298846 secs] [Times: user=0.15 sys=0.00, real=0.03 secs] 
2022-09-22T15:09:31.133-0800: 17.573: [Full GC (Ergonomics) [PSYoungGen: 58639K->36261K(116736K)] [ParOldGen: 349466K->349016K(349696K)] 408106K->385277K(466432K), [Metaspace: 3785K->3785K(1056768K)], 0.0238504 secs] [Times: user=0.13 sys=0.01, real=0.02 secs] 
2022-09-22T15:09:31.159-0800: 17.599: [Full GC (Ergonomics) [PSYoungGen: 58880K->38133K(116736K)] [ParOldGen: 349016K->349581K(349696K)] 407896K->387715K(466432K), [Metaspace: 3785K->3785K(1056768K)], 0.0289234 secs] [Times: user=0.15 sys=0.00, real=0.03 secs] 
2022-09-22T15:09:31.191-0800: 17.631: [Full GC (Ergonomics) [PSYoungGen: 58826K->38380K(116736K)] [ParOldGen: 349581K->349084K(349696K)] 408408K->387464K(466432K), [Metaspace: 3785K->3785K(1056768K)], 0.0316826 secs] [Times: user=0.15 sys=0.00, real=0.03 secs] 
2022-09-22T15:09:31.226-0800: 17.666: [Full GC (Ergonomics) [PSYoungGen: 58880K->38379K(116736K)] [ParOldGen: 349084K->349275K(349696K)] 407964K->387655K(466432K), [Metaspace: 3785K->3785K(1056768K)], 0.0289778 secs] [Times: user=0.15 sys=0.00, real=0.03 secs] 
2022-09-22T15:09:31.258-0800: 17.699: [Full GC (Ergonomics) [PSYoungGen: 58582K->37494K(116736K)] [ParOldGen: 349275K->349265K(349696K)] 407858K->386759K(466432K), [Metaspace: 3785K->3785K(1056768K)], 0.0244569 secs] [Times: user=0.13 sys=0.01, real=0.03 secs] 
2022-09-22T15:09:31.286-0800: 17.726: [Full GC (Ergonomics) [PSYoungGen: 58641K->36238K(116736K)] [ParOldGen: 349265K->349370K(349696K)] 407906K->385609K(466432K), [Metaspace: 3785K->3785K(1056768K)], 0.0258311 secs] [Times: user=0.14 sys=0.00, real=0.03 secs] 
2022-09-22T15:09:31.316-0800: 17.756: [Full GC (Ergonomics) [PSYoungGen: 58853K->37584K(116736K)] [ParOldGen: 349370K->349554K(349696K)] 408223K->387139K(466432K), [Metaspace: 3785K->3785K(1056768K)], 0.0329598 secs] [Times: user=0.17 sys=0.00, real=0.03 secs] 
2022-09-22T15:09:31.351-0800: 17.791: [Full GC (Ergonomics) [PSYoungGen: 58522K->38220K(116736K)] [ParOldGen: 349554K->349105K(349696K)] 408077K->387325K(466432K), [Metaspace: 3785K->3785K(1056768K)], 0.0335489 secs] [Times: user=0.18 sys=0.00, real=0.03 secs] 
2022-09-22T15:09:31.388-0800: 17.828: [Full GC (Ergonomics) [PSYoungGen: 58569K->38202K(116736K)] [ParOldGen: 349105K->349068K(349696K)] 407674K->387271K(466432K), [Metaspace: 3785K->3785K(1056768K)], 0.0326653 secs] [Times: user=0.16 sys=0.01, real=0.04 secs] 
2022-09-22T15:09:31.424-0800: 17.864: [Full GC (Ergonomics) [PSYoungGen: 58723K->40025K(116736K)] [ParOldGen: 349068K->349523K(349696K)] 407791K->389549K(466432K), [Metaspace: 3785K->3785K(1056768K)], 0.0319335 secs] [Times: user=0.16 sys=0.00, real=0.03 secs] 
2022-09-22T15:09:31.458-0800: 17.898: [Full GC (Ergonomics) [PSYoungGen: 58880K->39328K(116736K)] [ParOldGen: 349523K->348805K(349696K)] 408403K->388133K(466432K), [Metaspace: 3785K->3785K(1056768K)], 0.0289941 secs] [Times: user=0.15 sys=0.00, real=0.03 secs] 
2022-09-22T15:09:31.491-0800: 17.931: [Full GC (Ergonomics) [PSYoungGen: 58604K->38597K(116736K)] [ParOldGen: 348805K->349435K(349696K)] 407409K->388032K(466432K), [Metaspace: 3785K->3785K(1056768K)], 0.0270986 secs] [Times: user=0.16 sys=0.00, real=0.02 secs] 
2022-09-22T15:09:31.520-0800: 17.960: [Full GC (Ergonomics) [PSYoungGen: 58711K->40299K(116736K)] [ParOldGen: 349435K->349070K(349696K)] 408146K->389369K(466432K), [Metaspace: 3785K->3785K(1056768K)], 0.0238515 secs] [Times: user=0.14 sys=0.01, real=0.02 secs] 
2022-09-22T15:09:31.546-0800: 17.986: [Full GC (Ergonomics) [PSYoungGen: 58652K->39339K(116736K)] [ParOldGen: 349070K->349582K(349696K)] 407722K->388921K(466432K), [Metaspace: 3785K->3785K(1056768K)], 0.0247068 secs] [Times: user=0.13 sys=0.00, real=0.03 secs] 
2022-09-22T15:09:31.573-0800: 18.013: [Full GC (Ergonomics) [PSYoungGen: 58743K->39436K(116736K)] [ParOldGen: 349582K->349577K(349696K)] 408325K->389013K(466432K), [Metaspace: 3785K->3785K(1056768K)], 0.0244286 secs] [Times: user=0.14 sys=0.00, real=0.02 secs] 
2022-09-22T15:09:31.600-0800: 18.040: [Full GC (Ergonomics) [PSYoungGen: 58545K->36736K(116736K)] [ParOldGen: 349577K->349645K(349696K)] 408122K->386381K(466432K), [Metaspace: 3785K->3785K(1056768K)], 0.0234128 secs] [Times: user=0.14 sys=0.00, real=0.02 secs] 
2022-09-22T15:09:31.626-0800: 18.066: [Full GC (Ergonomics) [PSYoungGen: 58858K->35306K(116736K)] [ParOldGen: 349645K->349527K(349696K)] 408503K->384834K(466432K), [Metaspace: 3785K->3785K(1056768K)], 0.0294551 secs] [Times: user=0.16 sys=0.00, real=0.03 secs] 
2022-09-22T15:09:31.658-0800: 18.098: [Full GC (Ergonomics) [PSYoungGen: 58705K->36715K(116736K)] [ParOldGen: 349527K->349255K(349696K)] 408233K->385971K(466432K), [Metaspace: 3785K->3785K(1056768K)], 0.0263637 secs] [Times: user=0.15 sys=0.00, real=0.03 secs] 
2022-09-22T15:09:31.686-0800: 18.127: [Full GC (Ergonomics) [PSYoungGen: 58859K->37566K(116736K)] [ParOldGen: 349255K->349408K(349696K)] 408114K->386974K(466432K), [Metaspace: 3785K->3785K(1056768K)], 0.0238197 secs] [Times: user=0.14 sys=0.01, real=0.03 secs] 
2022-09-22T15:09:31.713-0800: 18.153: [Full GC (Ergonomics) [PSYoungGen: 58607K->33629K(116736K)] [ParOldGen: 349408K->349408K(349696K)] 408015K->383038K(466432K), [Metaspace: 3785K->3785K(1056768K)], 0.0241990 secs] [Times: user=0.14 sys=0.00, real=0.02 secs] 
2022-09-22T15:09:31.740-0800: 18.180: [Full GC (Ergonomics) [PSYoungGen: 58494K->33151K(116736K)] [ParOldGen: 349408K->349673K(349696K)] 407903K->382825K(466432K), [Metaspace: 3785K->3785K(1056768K)], 0.0254820 secs] [Times: user=0.14 sys=0.00, real=0.02 secs] 
2022-09-22T15:09:31.769-0800: 18.209: [Full GC (Ergonomics) [PSYoungGen: 58666K->34804K(116736K)] [ParOldGen: 349673K->349543K(349696K)] 408340K->384348K(466432K), [Metaspace: 3785K->3785K(1056768K)], 0.0246437 secs] [Times: user=0.13 sys=0.00, real=0.03 secs] 
2022-09-22T15:09:31.796-0800: 18.236: [Full GC (Ergonomics) [PSYoungGen: 58880K->34714K(116736K)] [ParOldGen: 349543K->349169K(349696K)] 408423K->383884K(466432K), [Metaspace: 3785K->3785K(1056768K)], 0.0276536 secs] [Times: user=0.14 sys=0.00, real=0.03 secs] 
2022-09-22T15:09:31.828-0800: 18.268: [Full GC (Ergonomics) [PSYoungGen: 58868K->36305K(116736K)] [ParOldGen: 349169K->349245K(349696K)] 408038K->385551K(466432K), [Metaspace: 3785K->3785K(1056768K)], 0.0305557 secs] [Times: user=0.16 sys=0.01, real=0.03 secs] 
2022-09-22T15:09:31.862-0800: 18.302: [Full GC (Ergonomics) [PSYoungGen: 58522K->33185K(116736K)] [ParOldGen: 349245K->349685K(349696K)] 407768K->382871K(466432K), [Metaspace: 3785K->3785K(1056768K)], 0.0317755 secs] [Times: user=0.17 sys=0.00, real=0.03 secs] 
2022-09-22T15:09:31.898-0800: 18.338: [Full GC (Ergonomics) [PSYoungGen: 58677K->36331K(116736K)] [ParOldGen: 349685K->349050K(349696K)] 408363K->385381K(466432K), [Metaspace: 3785K->3785K(1056768K)], 0.0298011 secs] [Times: user=0.15 sys=0.00, real=0.03 secs] 
2022-09-22T15:09:31.931-0800: 18.371: [Full GC (Ergonomics) [PSYoungGen: 58880K->38130K(116736K)] [ParOldGen: 349050K->349129K(349696K)] 407930K->387260K(466432K), [Metaspace: 3785K->3785K(1056768K)], 0.0333865 secs] [Times: user=0.17 sys=0.01, real=0.03 secs] 
2022-09-22T15:09:31.967-0800: 18.407: [Full GC (Ergonomics) [PSYoungGen: 58737K->35754K(116736K)] [ParOldGen: 349129K->349500K(349696K)] 407866K->385254K(466432K), [Metaspace: 3785K->3785K(1056768K)], 0.0238386 secs] [Times: user=0.14 sys=0.00, real=0.03 secs] 
2022-09-22T15:09:31.993-0800: 18.433: [Full GC (Ergonomics) [PSYoungGen: 58880K->36292K(116736K)] [ParOldGen: 349500K->349394K(349696K)] 408380K->385687K(466432K), [Metaspace: 3785K->3785K(1056768K)], 0.0258071 secs] [Times: user=0.14 sys=0.00, real=0.02 secs] 
2022-09-22T15:09:32.021-0800: 18.462: [Full GC (Ergonomics) [PSYoungGen: 58880K->35461K(116736K)] [ParOldGen: 349394K->349235K(349696K)] 408274K->384696K(466432K), [Metaspace: 3785K->3785K(1056768K)], 0.0217078 secs] [Times: user=0.12 sys=0.00, real=0.02 secs] 
2022-09-22T15:09:32.046-0800: 18.486: [Full GC (Ergonomics) [PSYoungGen: 58783K->36404K(116736K)] [ParOldGen: 349235K->349664K(349696K)] 408019K->386069K(466432K), [Metaspace: 3785K->3785K(1056768K)], 0.0257494 secs] [Times: user=0.12 sys=0.00, real=0.03 secs] 
2022-09-22T15:09:32.074-0800: 18.514: [Full GC (Ergonomics) [PSYoungGen: 58880K->38543K(116736K)] [ParOldGen: 349664K->349690K(349696K)] 408544K->388234K(466432K), [Metaspace: 3785K->3785K(1056768K)], 0.0234897 secs] [Times: user=0.15 sys=0.00, real=0.02 secs] 
2022-09-22T15:09:32.100-0800: 18.540: [Full GC (Ergonomics) [PSYoungGen: 58507K->41090K(116736K)] [ParOldGen: 349690K->349061K(349696K)] 408198K->390151K(466432K), [Metaspace: 3785K->3785K(1056768K)], 0.0229334 secs] [Times: user=0.13 sys=0.01, real=0.02 secs] 
2022-09-22T15:09:32.125-0800: 18.565: [Full GC (Ergonomics) [PSYoungGen: 58880K->40296K(116736K)] [ParOldGen: 349061K->349607K(349696K)] 407941K->389903K(466432K), [Metaspace: 3785K->3785K(1056768K)], 0.0235753 secs] [Times: user=0.14 sys=0.00, real=0.02 secs] 
2022-09-22T15:09:32.150-0800: 18.590: [Full GC (Ergonomics) [PSYoungGen: 58852K->41737K(116736K)] [ParOldGen: 349607K->349067K(349696K)] 408459K->390804K(466432K), [Metaspace: 3785K->3785K(1056768K)], 0.0232031 secs] [Times: user=0.13 sys=0.00, real=0.02 secs] 
2022-09-22T15:09:32.175-0800: 18.615: [Full GC (Ergonomics) [PSYoungGen: 58880K->41420K(116736K)] [ParOldGen: 349067K->349548K(349696K)] 407947K->390969K(466432K), [Metaspace: 3785K->3785K(1056768K)], 0.0260514 secs] [Times: user=0.15 sys=0.00, real=0.03 secs] 
2022-09-22T15:09:32.203-0800: 18.644: [Full GC (Ergonomics) [PSYoungGen: 58880K->42893K(116736K)] [ParOldGen: 349548K->349450K(349696K)] 408428K->392344K(466432K), [Metaspace: 3785K->3785K(1056768K)], 0.0250222 secs] [Times: user=0.15 sys=0.00, real=0.02 secs] 
2022-09-22T15:09:32.231-0800: 18.671: [Full GC (Ergonomics) [PSYoungGen: 58877K->41582K(116736K)] [ParOldGen: 349450K->349618K(349696K)] 408328K->391201K(466432K), [Metaspace: 3785K->3785K(1056768K)], 0.0266212 secs] [Times: user=0.14 sys=0.01, real=0.02 secs] 
2022-09-22T15:09:32.260-0800: 18.700: [Full GC (Ergonomics) [PSYoungGen: 58835K->41064K(116736K)] [ParOldGen: 349618K->349502K(349696K)] 408454K->390567K(466432K), [Metaspace: 3785K->3785K(1056768K)], 0.0328237 secs] [Times: user=0.17 sys=0.00, real=0.03 secs] 
2022-09-22T15:09:32.295-0800: 18.735: [Full GC (Ergonomics) [PSYoungGen: 58590K->43595K(116736K)] [ParOldGen: 349502K->349215K(349696K)] 408092K->392811K(466432K), [Metaspace: 3785K->3785K(1056768K)], 0.0343948 secs] [Times: user=0.17 sys=0.00, real=0.03 secs] 
2022-09-22T15:09:32.331-0800: 18.771: [Full GC (Ergonomics) [PSYoungGen: 58880K->41121K(116736K)] [ParOldGen: 349215K->349649K(349696K)] 408095K->390771K(466432K), [Metaspace: 3785K->3785K(1056768K)], 0.0329108 secs] [Times: user=0.16 sys=0.00, real=0.03 secs] 
2022-09-22T15:09:32.366-0800: 18.806: [Full GC (Ergonomics) [PSYoungGen: 58782K->41375K(116736K)] [ParOldGen: 349649K->349610K(349696K)] 408432K->390985K(466432K), [Metaspace: 3785K->3785K(1056768K)], 0.0327964 secs] [Times: user=0.17 sys=0.01, real=0.03 secs] 
2022-09-22T15:09:32.401-0800: 18.841: [Full GC (Ergonomics) [PSYoungGen: 58733K->40169K(116736K)] [ParOldGen: 349610K->349452K(349696K)] 408344K->389622K(466432K), [Metaspace: 3785K->3785K(1056768K)], 0.0308325 secs] [Times: user=0.16 sys=0.00, real=0.03 secs] 
2022-09-22T15:09:32.434-0800: 18.874: [Full GC (Ergonomics) [PSYoungGen: 58844K->39356K(116736K)] [ParOldGen: 349452K->349623K(349696K)] 408296K->388980K(466432K), [Metaspace: 3785K->3785K(1056768K)], 0.0289224 secs] [Times: user=0.15 sys=0.00, real=0.03 secs] 
2022-09-22T15:09:32.465-0800: 18.905: [Full GC (Ergonomics) [PSYoungGen: 58880K->40677K(116736K)] [ParOldGen: 349623K->349484K(349696K)] 408503K->390162K(466432K), [Metaspace: 3785K->3785K(1056768K)], 0.0255402 secs] [Times: user=0.14 sys=0.00, real=0.03 secs] 
2022-09-22T15:09:32.494-0800: 18.935: [Full GC (Ergonomics) [PSYoungGen: 58803K->42669K(116736K)] [ParOldGen: 349484K->349227K(349696K)] 408287K->391897K(466432K), [Metaspace: 3785K->3785K(1056768K)], 0.0286067 secs] [Times: user=0.16 sys=0.01, real=0.03 secs] 
2022-09-22T15:09:32.525-0800: 18.965: [Full GC (Ergonomics) [PSYoungGen: 58545K->42947K(116736K)] [ParOldGen: 349227K->349131K(349696K)] 407773K->392078K(466432K), [Metaspace: 3785K->3785K(1056768K)], 0.0258495 secs] [Times: user=0.16 sys=0.00, real=0.03 secs] 
2022-09-22T15:09:32.552-0800: 18.993: [Full GC (Ergonomics) [PSYoungGen: 58880K->42902K(116736K)] [ParOldGen: 349131K->349302K(349696K)] 408011K->392205K(466432K), [Metaspace: 3785K->3785K(1056768K)], 0.0297311 secs] [Times: user=0.14 sys=0.00, real=0.03 secs] 
2022-09-22T15:09:32.584-0800: 19.025: [Full GC (Ergonomics) [PSYoungGen: 58389K->40890K(116736K)] [ParOldGen: 349302K->349412K(349696K)] 407692K->390303K(466432K), [Metaspace: 3785K->3785K(1056768K)], 0.0330979 secs] [Times: user=0.16 sys=0.00, real=0.03 secs] 
2022-09-22T15:09:32.621-0800: 19.061: [Full GC (Ergonomics) [PSYoungGen: 58547K->39209K(116736K)] [ParOldGen: 349412K->349530K(349696K)] 407960K->388740K(466432K), [Metaspace: 3785K->3785K(1056768K)], 0.0297632 secs] [Times: user=0.15 sys=0.01, real=0.03 secs] 
2022-09-22T15:09:32.652-0800: 19.092: [Full GC (Ergonomics) [PSYoungGen: 58880K->41228K(116736K)] [ParOldGen: 349530K->349555K(349696K)] 408410K->390784K(466432K), [Metaspace: 3785K->3785K(1056768K)], 0.0350317 secs] [Times: user=0.18 sys=0.00, real=0.03 secs] 
2022-09-22T15:09:32.691-0800: 19.131: [Full GC (Ergonomics) [PSYoungGen: 58621K->41794K(116736K)] [ParOldGen: 349555K->349184K(349696K)] 408176K->390979K(466432K), [Metaspace: 3785K->3785K(1056768K)], 0.0316184 secs] [Times: user=0.17 sys=0.00, real=0.03 secs] 
2022-09-22T15:09:32.724-0800: 19.164: [Full GC (Ergonomics) [PSYoungGen: 58794K->39886K(116736K)] [ParOldGen: 349184K->349130K(349696K)] 407979K->389017K(466432K), [Metaspace: 3785K->3785K(1056768K)], 0.0240915 secs] [Times: user=0.14 sys=0.00, real=0.02 secs] 
2022-09-22T15:09:32.749-0800: 19.190: [Full GC (Ergonomics) [PSYoungGen: 58876K->41671K(116736K)] [ParOldGen: 349130K->349191K(349696K)] 408007K->390863K(466432K), [Metaspace: 3785K->3785K(1056768K)], 0.0226824 secs] [Times: user=0.13 sys=0.01, real=0.03 secs] 
2022-09-22T15:09:32.775-0800: 19.215: [Full GC (Ergonomics) [PSYoungGen: 58866K->39804K(116736K)] [ParOldGen: 349191K->349466K(349696K)] 408058K->389270K(466432K), [Metaspace: 3785K->3785K(1056768K)], 0.0247035 secs] [Times: user=0.15 sys=0.00, real=0.02 secs] 
2022-09-22T15:09:32.801-0800: 19.241: [Full GC (Ergonomics) [PSYoungGen: 58782K->37192K(116736K)] [ParOldGen: 349466K->349691K(349696K)] 408249K->386883K(466432K), [Metaspace: 3785K->3785K(1056768K)], 0.0262315 secs] [Times: user=0.15 sys=0.00, real=0.02 secs] 
2022-09-22T15:09:32.830-0800: 19.270: [Full GC (Ergonomics) [PSYoungGen: 58795K->38719K(116736K)] [ParOldGen: 349691K->349326K(349696K)] 408486K->388046K(466432K), [Metaspace: 3785K->3785K(1056768K)], 0.0236781 secs] [Times: user=0.13 sys=0.00, real=0.02 secs] 
2022-09-22T15:09:32.856-0800: 19.296: [Full GC (Ergonomics) [PSYoungGen: 58872K->41609K(116736K)] [ParOldGen: 349326K->349401K(349696K)] 408198K->391010K(466432K), [Metaspace: 3785K->3785K(1056768K)], 0.0254845 secs] [Times: user=0.15 sys=0.00, real=0.03 secs] 
2022-09-22T15:09:32.884-0800: 19.324: [Full GC (Ergonomics) [PSYoungGen: 58542K->42574K(116736K)] [ParOldGen: 349401K->349387K(349696K)] 407944K->391961K(466432K), [Metaspace: 3785K->3785K(1056768K)], 0.0238506 secs] [Times: user=0.14 sys=0.00, real=0.02 secs] 
2022-09-22T15:09:32.909-0800: 19.349: [Full GC (Ergonomics) [PSYoungGen: 58809K->45575K(116736K)] [ParOldGen: 349387K->349588K(349696K)] 408197K->395163K(466432K), [Metaspace: 3785K->3785K(1056768K)], 0.0260481 secs] [Times: user=0.16 sys=0.00, real=0.03 secs] 
2022-09-22T15:09:32.937-0800: 19.377: [Full GC (Ergonomics) [PSYoungGen: 58868K->46705K(116736K)] [ParOldGen: 349588K->349535K(349696K)] 408456K->396240K(466432K), [Metaspace: 3785K->3785K(1056768K)], 0.0260028 secs] [Times: user=0.15 sys=0.01, real=0.03 secs] 
2022-09-22T15:09:32.964-0800: 19.404: [Full GC (Ergonomics) [PSYoungGen: 58633K->46593K(116736K)] [ParOldGen: 349535K->349499K(349696K)] 408169K->396093K(466432K), [Metaspace: 3785K->3785K(1056768K)], 0.0232143 secs] [Times: user=0.14 sys=0.00, real=0.02 secs] 
2022-09-22T15:09:32.989-0800: 19.429: [Full GC (Ergonomics) [PSYoungGen: 58764K->47142K(116736K)] [ParOldGen: 349499K->349092K(349696K)] 408264K->396234K(466432K), [Metaspace: 3785K->3785K(1056768K)], 0.0256003 secs] [Times: user=0.16 sys=0.00, real=0.03 secs] 
2022-09-22T15:09:33.016-0800: 19.456: [Full GC (Ergonomics) [PSYoungGen: 58530K->43218K(116736K)] [ParOldGen: 349092K->349380K(349696K)] 407623K->392598K(466432K), [Metaspace: 3785K->3785K(1056768K)], 0.0244361 secs] [Times: user=0.15 sys=0.00, real=0.03 secs] 
2022-09-22T15:09:33.042-0800: 19.482: [Full GC (Ergonomics) [PSYoungGen: 58802K->41385K(116736K)] [ParOldGen: 349380K->349282K(349696K)] 408183K->390667K(466432K), [Metaspace: 3785K->3785K(1056768K)], 0.0235089 secs] [Times: user=0.10 sys=0.00, real=0.02 secs] 
2022-09-22T15:09:33.067-0800: 19.507: [Full GC (Ergonomics) [PSYoungGen: 58841K->39381K(116736K)] [ParOldGen: 349282K->349665K(349696K)] 408124K->389046K(466432K), [Metaspace: 3785K->3785K(1056768K)], 0.0228409 secs] [Times: user=0.13 sys=0.00, real=0.03 secs] 
2022-09-22T15:09:33.091-0800: 19.532: [Full GC (Ergonomics) [PSYoungGen: 58687K->39510K(116736K)] [ParOldGen: 349665K->349573K(349696K)] 408353K->389083K(466432K), [Metaspace: 3785K->3785K(1056768K)], 0.0231750 secs] [Times: user=0.13 sys=0.01, real=0.02 secs] 
2022-09-22T15:09:33.117-0800: 19.557: [Full GC (Ergonomics) [PSYoungGen: 58595K->42276K(116736K)] [ParOldGen: 349573K->349519K(349696K)] 408168K->391795K(466432K), [Metaspace: 3785K->3785K(1056768K)], 0.0285283 secs] [Times: user=0.14 sys=0.00, real=0.03 secs] 
2022-09-22T15:09:33.148-0800: 19.588: [Full GC (Ergonomics) [PSYoungGen: 58397K->43657K(116736K)] [ParOldGen: 349519K->349392K(349696K)] 407917K->393049K(466432K), [Metaspace: 3785K->3785K(1056768K)], 0.0271651 secs] [Times: user=0.13 sys=0.00, real=0.03 secs] 
2022-09-22T15:09:33.177-0800: 19.617: [Full GC (Ergonomics) [PSYoungGen: 58246K->44595K(116736K)] [ParOldGen: 349392K->349494K(349696K)] 407638K->394090K(466432K), [Metaspace: 3785K->3785K(1056768K)], 0.0267688 secs] [Times: user=0.13 sys=0.00, real=0.03 secs] 
2022-09-22T15:09:33.206-0800: 19.646: [Full GC (Ergonomics) [PSYoungGen: 58546K->45569K(116736K)] [ParOldGen: 349494K->349594K(349696K)] 408041K->395164K(466432K), [Metaspace: 3785K->3785K(1056768K)], 0.0275690 secs] [Times: user=0.13 sys=0.01, real=0.03 secs] 
2022-09-22T15:09:33.235-0800: 19.675: [Full GC (Ergonomics) [PSYoungGen: 58880K->44396K(116736K)] [ParOldGen: 349594K->348905K(349696K)] 408474K->393301K(466432K), [Metaspace: 3785K->3785K(1056768K)], 0.0267253 secs] [Times: user=0.12 sys=0.00, real=0.03 secs] 
2022-09-22T15:09:33.264-0800: 19.704: [Full GC (Ergonomics) [PSYoungGen: 58640K->42583K(116736K)] [ParOldGen: 348905K->349286K(349696K)] 407545K->391870K(466432K), [Metaspace: 3785K->3785K(1056768K)], 0.0244320 secs] [Times: user=0.14 sys=0.00, real=0.02 secs] 
2022-09-22T15:09:33.290-0800: 19.730: [Full GC (Ergonomics) [PSYoungGen: 58783K->43826K(116736K)] [ParOldGen: 349286K->349378K(349696K)] 408069K->393204K(466432K), [Metaspace: 3785K->3785K(1056768K)], 0.0242535 secs] [Times: user=0.15 sys=0.00, real=0.02 secs] 
2022-09-22T15:09:33.317-0800: 19.757: [Full GC (Ergonomics) [PSYoungGen: 58618K->43273K(116736K)] [ParOldGen: 349378K->349672K(349696K)] 407997K->392946K(466432K), [Metaspace: 3785K->3785K(1056768K)], 0.0261410 secs] [Times: user=0.16 sys=0.00, real=0.03 secs] 
2022-09-22T15:09:33.345-0800: 19.785: [Full GC (Ergonomics) [PSYoungGen: 58739K->44952K(116736K)] [ParOldGen: 349672K->349417K(349696K)] 408412K->394370K(466432K), [Metaspace: 3785K->3785K(1056768K)], 0.0227818 secs] [Times: user=0.14 sys=0.00, real=0.02 secs] 
2022-09-22T15:09:33.369-0800: 19.809: [Full GC (Ergonomics) [PSYoungGen: 58787K->47903K(116736K)] [ParOldGen: 349417K->349342K(349696K)] 408205K->397246K(466432K), [Metaspace: 3785K->3785K(1056768K)], 0.0276203 secs] [Times: user=0.17 sys=0.01, real=0.03 secs] 
2022-09-22T15:09:33.398-0800: 19.838: [Full GC (Ergonomics) [PSYoungGen: 58799K->48104K(116736K)] [ParOldGen: 349342K->349546K(349696K)] 408142K->397651K(466432K), [Metaspace: 3785K->3785K(1056768K)], 0.0243918 secs] [Times: user=0.15 sys=0.00, real=0.03 secs] 
2022-09-22T15:09:33.424-0800: 19.864: [Full GC (Ergonomics) [PSYoungGen: 58619K->46853K(116736K)] [ParOldGen: 349546K->349497K(349696K)] 408165K->396350K(466432K), [Metaspace: 3785K->3785K(1056768K)], 0.0249637 secs] [Times: user=0.13 sys=0.00, real=0.02 secs] 
2022-09-22T15:09:33.450-0800: 19.891: [Full GC (Ergonomics) [PSYoungGen: 58727K->45932K(116736K)] [ParOldGen: 349497K->349351K(349696K)] 408225K->395283K(466432K), [Metaspace: 3785K->3785K(1056768K)], 0.0278944 secs] [Times: user=0.13 sys=0.00, real=0.02 secs] 
2022-09-22T15:09:33.481-0800: 19.921: [Full GC (Ergonomics) [PSYoungGen: 58573K->45854K(116736K)] [ParOldGen: 349351K->349304K(349696K)] 407925K->395159K(466432K), [Metaspace: 3785K->3785K(1056768K)], 0.0321503 secs] [Times: user=0.17 sys=0.00, real=0.03 secs] 
2022-09-22T15:09:33.515-0800: 19.955: [Full GC (Ergonomics) [PSYoungGen: 58880K->45409K(116736K)] [ParOldGen: 349304K->349314K(349696K)] 408184K->394723K(466432K), [Metaspace: 3785K->3785K(1056768K)], 0.0288858 secs] [Times: user=0.13 sys=0.01, real=0.03 secs] 
2022-09-22T15:09:33.546-0800: 19.986: [Full GC (Ergonomics) [PSYoungGen: 58812K->45771K(116736K)] [ParOldGen: 349314K->349339K(349696K)] 408126K->395110K(466432K), [Metaspace: 3785K->3785K(1056768K)], 0.0271640 secs] [Times: user=0.12 sys=0.00, real=0.03 secs] 
2022-09-22T15:09:33.575-0800: 20.015: [Full GC (Ergonomics) [PSYoungGen: 58576K->46629K(116736K)] [ParOldGen: 349339K->349391K(349696K)] 407915K->396020K(466432K), [Metaspace: 3785K->3785K(1056768K)], 0.0324143 secs] [Times: user=0.14 sys=0.00, real=0.03 secs] 
2022-09-22T15:09:33.609-0800: 20.049: [Full GC (Ergonomics) [PSYoungGen: 58791K->48055K(116736K)] [ParOldGen: 349391K->349646K(349696K)] 408182K->397702K(466432K), [Metaspace: 3785K->3785K(1056768K)], 0.0283620 secs] [Times: user=0.15 sys=0.00, real=0.03 secs] 
2022-09-22T15:09:33.638-0800: 20.078: [Full GC (Ergonomics) [PSYoungGen: 58800K->49286K(116736K)] [ParOldGen: 349646K->349435K(349696K)] 408447K->398722K(466432K), [Metaspace: 3785K->3785K(1056768K)], 0.0232353 secs] [Times: user=0.15 sys=0.00, real=0.03 secs] 
2022-09-22T15:09:33.663-0800: 20.103: [Full GC (Ergonomics) [PSYoungGen: 58810K->49686K(116736K)] [ParOldGen: 349435K->349566K(349696K)] 408246K->399252K(466432K), [Metaspace: 3785K->3785K(1056768K)], 0.0271189 secs] [Times: user=0.17 sys=0.01, real=0.03 secs] 
2022-09-22T15:09:33.691-0800: 20.131: [Full GC (Ergonomics) [PSYoungGen: 58577K->47686K(116736K)] [ParOldGen: 349566K->349208K(349696K)] 408143K->396895K(466432K), [Metaspace: 3785K->3785K(1056768K)], 0.0230598 secs] [Times: user=0.14 sys=0.00, real=0.02 secs] 
2022-09-22T15:09:33.716-0800: 20.156: [Full GC (Ergonomics) [PSYoungGen: 58733K->49228K(116736K)] [ParOldGen: 349208K->349633K(349696K)] 407942K->398862K(466432K), [Metaspace: 3785K->3785K(1056768K)], 0.0295327 secs] [Times: user=0.17 sys=0.00, real=0.03 secs] 
2022-09-22T15:09:33.746-0800: 20.187: [Full GC (Ergonomics) [PSYoungGen: 58844K->48533K(116736K)] [ParOldGen: 349633K->349462K(349696K)] 408478K->397996K(466432K), [Metaspace: 3785K->3785K(1056768K)], 0.0256099 secs] [Times: user=0.15 sys=0.00, real=0.03 secs] 
2022-09-22T15:09:33.773-0800: 20.213: [Full GC (Ergonomics) [PSYoungGen: 58806K->48592K(116736K)] [ParOldGen: 349462K->349538K(349696K)] 408269K->398130K(466432K), [Metaspace: 3785K->3785K(1056768K)], 0.0254095 secs] [Times: user=0.15 sys=0.00, real=0.02 secs] 
2022-09-22T15:09:33.800-0800: 20.240: [Full GC (Ergonomics) [PSYoungGen: 58880K->49977K(116736K)] [ParOldGen: 349538K->349247K(349696K)] 408418K->399225K(466432K), [Metaspace: 3785K->3785K(1056768K)], 0.0272286 secs] [Times: user=0.17 sys=0.00, real=0.02 secs] 
2022-09-22T15:09:33.829-0800: 20.269: [Full GC (Ergonomics) [PSYoungGen: 58840K->51884K(116736K)] [ParOldGen: 349247K->349045K(349696K)] 408088K->400929K(466432K), [Metaspace: 3785K->3785K(1056768K)], 0.0212941 secs] [Times: user=0.12 sys=0.01, real=0.03 secs] 
2022-09-22T15:09:33.851-0800: 20.291: [Full GC (Ergonomics) [PSYoungGen: 58282K->49321K(116736K)] [ParOldGen: 349045K->349264K(349696K)] 407327K->398586K(466432K), [Metaspace: 3785K->3785K(1056768K)], 0.0256988 secs] [Times: user=0.13 sys=0.00, real=0.02 secs] 
2022-09-22T15:09:33.878-0800: 20.318: [Full GC (Ergonomics) [PSYoungGen: 58871K->49107K(116736K)] [ParOldGen: 349264K->349624K(349696K)] 408136K->398731K(466432K), [Metaspace: 3785K->3785K(1056768K)], 0.0293453 secs] [Times: user=0.15 sys=0.00, real=0.03 secs] 
2022-09-22T15:09:33.908-0800: 20.348: [Full GC (Ergonomics) [PSYoungGen: 58841K->50095K(116736K)] [ParOldGen: 349624K->349439K(349696K)] 408466K->399534K(466432K), [Metaspace: 3785K->3785K(1056768K)], 0.0324904 secs] [Times: user=0.12 sys=0.00, real=0.04 secs] 
2022-09-22T15:09:33.943-0800: 20.383: [Full GC (Ergonomics) [PSYoungGen: 58877K->50473K(116736K)] [ParOldGen: 349439K->349470K(349696K)] 408316K->399943K(466432K), [Metaspace: 3785K->3785K(1056768K)], 0.0326561 secs] [Times: user=0.16 sys=0.01, real=0.03 secs] 
2022-09-22T15:09:33.976-0800: 20.416: [Full GC (Ergonomics) [PSYoungGen: 58236K->50644K(116736K)] [ParOldGen: 349470K->349662K(349696K)] 407706K->400307K(466432K), [Metaspace: 3785K->3785K(1056768K)], 0.0247558 secs] [Times: user=0.14 sys=0.00, real=0.03 secs] 
2022-09-22T15:09:34.002-0800: 20.442: [Full GC (Ergonomics) [PSYoungGen: 58735K->50879K(116736K)] [ParOldGen: 349662K->349218K(349696K)] 408398K->400098K(466432K), [Metaspace: 3785K->3785K(1056768K)], 0.0258607 secs] [Times: user=0.15 sys=0.00, real=0.02 secs] 
2022-09-22T15:09:34.029-0800: 20.469: [Full GC (Ergonomics) [PSYoungGen: 58870K->50276K(116736K)] [ParOldGen: 349218K->349508K(349696K)] 408089K->399785K(466432K), [Metaspace: 3785K->3785K(1056768K)], 0.0360877 secs] [Times: user=0.17 sys=0.00, real=0.04 secs] 
2022-09-22T15:09:34.067-0800: 20.507: [Full GC (Ergonomics) [PSYoungGen: 58778K->49435K(116736K)] [ParOldGen: 349508K->349634K(349696K)] 408286K->399069K(466432K), [Metaspace: 3785K->3785K(1056768K)], 0.0267946 secs] [Times: user=0.16 sys=0.00, real=0.03 secs] 
2022-09-22T15:09:34.096-0800: 20.536: [Full GC (Ergonomics) [PSYoungGen: 58703K->44851K(116736K)] [ParOldGen: 349634K->349228K(349696K)] 408338K->394080K(466432K), [Metaspace: 3785K->3785K(1056768K)], 0.0230060 secs] [Times: user=0.12 sys=0.01, real=0.02 secs] 
2022-09-22T15:09:34.121-0800: 20.561: [Full GC (Ergonomics) [PSYoungGen: 58846K->46742K(116736K)] [ParOldGen: 349228K->349324K(349696K)] 408075K->396066K(466432K), [Metaspace: 3785K->3785K(1056768K)], 0.0257202 secs] [Times: user=0.11 sys=0.00, real=0.02 secs] 
2022-09-22T15:09:34.148-0800: 20.588: [Full GC (Ergonomics) [PSYoungGen: 58727K->46150K(116736K)] [ParOldGen: 349324K->349413K(349696K)] 408051K->395563K(466432K), [Metaspace: 3785K->3785K(1056768K)], 0.0745877 secs] [Times: user=0.10 sys=0.00, real=0.08 secs] 
2022-09-22T15:09:34.225-0800: 20.665: [Full GC (Ergonomics) [PSYoungGen: 58880K->45673K(116736K)] [ParOldGen: 349413K->349578K(349696K)] 408293K->395251K(466432K), [Metaspace: 3785K->3785K(1056768K)], 0.0464375 secs] [Times: user=0.10 sys=0.00, real=0.05 secs] 
2022-09-22T15:09:34.274-0800: 20.714: [Full GC (Ergonomics) [PSYoungGen: 58705K->44434K(116736K)] [ParOldGen: 349578K->349492K(349696K)] 408283K->393926K(466432K), [Metaspace: 3785K->3785K(1056768K)], 0.0323080 secs] [Times: user=0.11 sys=0.01, real=0.03 secs] 
2022-09-22T15:09:34.309-0800: 20.749: [Full GC (Ergonomics) [PSYoungGen: 58880K->45552K(116736K)] [ParOldGen: 349492K->349046K(349696K)] 408372K->394599K(466432K), [Metaspace: 3785K->3785K(1056768K)], 0.0320033 secs] [Times: user=0.12 sys=0.00, real=0.04 secs] 
2022-09-22T15:09:34.343-0800: 20.783: [Full GC (Ergonomics) [PSYoungGen: 58277K->43555K(116736K)] [ParOldGen: 349046K->349668K(349696K)] 407324K->393224K(466432K), [Metaspace: 3785K->3785K(1056768K)], 0.0326172 secs] [Times: user=0.11 sys=0.00, real=0.03 secs] 
2022-09-22T15:09:34.377-0800: 20.817: [Full GC (Ergonomics) [PSYoungGen: 58880K->41306K(116736K)] [ParOldGen: 349668K->349602K(349696K)] 408548K->390909K(466432K), [Metaspace: 3785K->3785K(1056768K)], 0.0390228 secs] [Times: user=0.14 sys=0.00, real=0.04 secs] 
2022-09-22T15:09:34.418-0800: 20.859: [Full GC (Ergonomics) [PSYoungGen: 58742K->40335K(116736K)] [ParOldGen: 349602K->349230K(349696K)] 408344K->389566K(466432K), [Metaspace: 3785K->3785K(1056768K)], 0.0313764 secs] [Times: user=0.12 sys=0.01, real=0.04 secs] 
2022-09-22T15:09:34.453-0800: 20.893: [Full GC (Ergonomics) [PSYoungGen: 58830K->39879K(116736K)] [ParOldGen: 349230K->349183K(349696K)] 408061K->389062K(466432K), [Metaspace: 3785K->3785K(1056768K)], 0.0303540 secs] [Times: user=0.12 sys=0.00, real=0.03 secs] 
2022-09-22T15:09:34.486-0800: 20.926: [Full GC (Ergonomics) [PSYoungGen: 58878K->40652K(116736K)] [ParOldGen: 349183K->349267K(349696K)] 408061K->389920K(466432K), [Metaspace: 3785K->3785K(1056768K)], 0.0326175 secs] [Times: user=0.10 sys=0.00, real=0.03 secs] 
2022-09-22T15:09:34.521-0800: 20.961: [Full GC (Ergonomics) [PSYoungGen: 58614K->43018K(116736K)] [ParOldGen: 349267K->349656K(349696K)] 407882K->392674K(466432K), [Metaspace: 3785K->3785K(1056768K)], 0.0279557 secs] [Times: user=0.12 sys=0.00, real=0.02 secs] 
2022-09-22T15:09:34.551-0800: 20.991: [Full GC (Ergonomics) [PSYoungGen: 58880K->44426K(116736K)] [ParOldGen: 349656K->349193K(349696K)] 408536K->393619K(466432K), [Metaspace: 3785K->3785K(1056768K)], 0.0255645 secs] [Times: user=0.11 sys=0.00, real=0.02 secs] 
2022-09-22T15:09:34.579-0800: 21.019: [Full GC (Ergonomics) [PSYoungGen: 58779K->42827K(116736K)] [ParOldGen: 349193K->349683K(349696K)] 407973K->392510K(466432K), [Metaspace: 3785K->3785K(1056768K)], 0.0258895 secs] [Times: user=0.14 sys=0.01, real=0.03 secs] 
2022-09-22T15:09:34.608-0800: 21.048: [Full GC (Ergonomics) [PSYoungGen: 58820K->41093K(116736K)] [ParOldGen: 349683K->349025K(349696K)] 408504K->390118K(466432K), [Metaspace: 3785K->3785K(1056768K)], 0.0235636 secs] [Times: user=0.12 sys=0.00, real=0.03 secs] 
2022-09-22T15:09:34.633-0800: 21.073: [Full GC (Ergonomics) [PSYoungGen: 58813K->40441K(116736K)] [ParOldGen: 349025K->349553K(349696K)] 407838K->389995K(466432K), [Metaspace: 3785K->3785K(1056768K)], 0.0240846 secs] [Times: user=0.13 sys=0.00, real=0.02 secs] 
2022-09-22T15:09:34.659-0800: 21.099: [Full GC (Ergonomics) [PSYoungGen: 58868K->38897K(116736K)] [ParOldGen: 349553K->349020K(349696K)] 408421K->387918K(466432K), [Metaspace: 3785K->3785K(1056768K)], 0.0265799 secs] [Times: user=0.14 sys=0.00, real=0.03 secs] 
2022-09-22T15:09:34.689-0800: 21.129: [Full GC (Ergonomics) [PSYoungGen: 58813K->37040K(116736K)] [ParOldGen: 349020K->349573K(349696K)] 407834K->386614K(466432K), [Metaspace: 3785K->3785K(1056768K)], 0.0245715 secs] [Times: user=0.12 sys=0.00, real=0.03 secs] 
2022-09-22T15:09:34.716-0800: 21.156: [Full GC (Ergonomics) [PSYoungGen: 58793K->36146K(116736K)] [ParOldGen: 349573K->349632K(349696K)] 408366K->385779K(466432K), [Metaspace: 3785K->3785K(1056768K)], 0.0281501 secs] [Times: user=0.13 sys=0.01, real=0.03 secs] 
2022-09-22T15:09:34.747-0800: 21.187: [Full GC (Ergonomics) [PSYoungGen: 58843K->36096K(116736K)] [ParOldGen: 349632K->349060K(349696K)] 408476K->385157K(466432K), [Metaspace: 3785K->3785K(1056768K)], 0.0285008 secs] [Times: user=0.13 sys=0.00, real=0.03 secs] 
2022-09-22T15:09:34.778-0800: 21.218: [Full GC (Ergonomics) [PSYoungGen: 58695K->35043K(116736K)] [ParOldGen: 349060K->349405K(349696K)] 407755K->384448K(466432K), [Metaspace: 3785K->3785K(1056768K)], 0.0302120 secs] [Times: user=0.13 sys=0.00, real=0.03 secs] 
2022-09-22T15:09:34.812-0800: 21.252: [Full GC (Ergonomics) [PSYoungGen: 58785K->37335K(116736K)] [ParOldGen: 349405K->349254K(349696K)] 408190K->386589K(466432K), [Metaspace: 3785K->3785K(1056768K)], 0.0342886 secs] [Times: user=0.14 sys=0.01, real=0.03 secs] 
2022-09-22T15:09:34.849-0800: 21.289: [Full GC (Ergonomics) [PSYoungGen: 58594K->36530K(116736K)] [ParOldGen: 349254K->349309K(349696K)] 407849K->385839K(466432K), [Metaspace: 3785K->3785K(1056768K)], 0.0284784 secs] [Times: user=0.15 sys=0.00, real=0.03 secs] 
2022-09-22T15:09:34.881-0800: 21.321: [Full GC (Ergonomics) [PSYoungGen: 58880K->37059K(116736K)] [ParOldGen: 349309K->349349K(349696K)] 408189K->386408K(466432K), [Metaspace: 3785K->3785K(1056768K)], 0.0250179 secs] [Times: user=0.14 sys=0.00, real=0.02 secs] 
2022-09-22T15:09:34.908-0800: 21.348: [Full GC (Ergonomics) [PSYoungGen: 58800K->36387K(116736K)] [ParOldGen: 349349K->349500K(349696K)] 408150K->385887K(466432K), [Metaspace: 3785K->3785K(1056768K)], 0.0267449 secs] [Times: user=0.14 sys=0.00, real=0.03 secs] 
2022-09-22T15:09:34.938-0800: 21.378: [Full GC (Ergonomics) [PSYoungGen: 58399K->35648K(116736K)] [ParOldGen: 349500K->349639K(349696K)] 407899K->385287K(466432K), [Metaspace: 3785K->3785K(1056768K)], 0.0258262 secs] [Times: user=0.14 sys=0.00, real=0.03 secs] 
2022-09-22T15:09:34.967-0800: 21.407: [Full GC (Ergonomics) [PSYoungGen: 58840K->34278K(116736K)] [ParOldGen: 349639K->349538K(349696K)] 408479K->383817K(466432K), [Metaspace: 3785K->3785K(1056768K)], 0.0245902 secs] [Times: user=0.13 sys=0.01, real=0.03 secs] 
2022-09-22T15:09:34.994-0800: 21.434: [Full GC (Ergonomics) [PSYoungGen: 58724K->35699K(116736K)] [ParOldGen: 349538K->349401K(349696K)] 408262K->385100K(466432K), [Metaspace: 3785K->3785K(1056768K)], 0.0264183 secs] [Times: user=0.14 sys=0.00, real=0.03 secs] 
2022-09-22T15:09:35.023-0800: 21.463: [Full GC (Ergonomics) [PSYoungGen: 58855K->36439K(116736K)] [ParOldGen: 349401K->349687K(349696K)] 408256K->386126K(466432K), [Metaspace: 3785K->3785K(1056768K)], 0.0239115 secs] [Times: user=0.12 sys=0.00, real=0.02 secs] 
2022-09-22T15:09:35.049-0800: 21.489: [Full GC (Ergonomics) [PSYoungGen: 58839K->38650K(116736K)] [ParOldGen: 349687K->349219K(349696K)] 408526K->387870K(466432K), [Metaspace: 3785K->3785K(1056768K)], 0.0257825 secs] [Times: user=0.12 sys=0.00, real=0.03 secs] 
2022-09-22T15:09:35.077-0800: 21.517: [Full GC (Ergonomics) [PSYoungGen: 58649K->37833K(116736K)] [ParOldGen: 349219K->349465K(349696K)] 407869K->387298K(466432K), [Metaspace: 3785K->3785K(1056768K)], 0.0284521 secs] [Times: user=0.13 sys=0.00, real=0.03 secs] 
2022-09-22T15:09:35.108-0800: 21.548: [Full GC (Ergonomics) [PSYoungGen: 58877K->36705K(116736K)] [ParOldGen: 349465K->349677K(349696K)] 408342K->386382K(466432K), [Metaspace: 3785K->3785K(1056768K)], 0.0256967 secs] [Times: user=0.12 sys=0.01, real=0.03 secs] 
2022-09-22T15:09:35.137-0800: 21.577: [Full GC (Ergonomics) [PSYoungGen: 58746K->35737K(116736K)] [ParOldGen: 349677K->349349K(349696K)] 408423K->385086K(466432K), [Metaspace: 3785K->3785K(1056768K)], 0.0330116 secs] [Times: user=0.13 sys=0.00, real=0.04 secs] 
2022-09-22T15:09:35.174-0800: 21.614: [Full GC (Ergonomics) [PSYoungGen: 58735K->35379K(116736K)] [ParOldGen: 349349K->349305K(349696K)] 408084K->384685K(466432K), [Metaspace: 3785K->3785K(1056768K)], 0.0333504 secs] [Times: user=0.12 sys=0.00, real=0.07 secs] 
2022-09-22T15:09:35.246-0800: 21.686: [Full GC (Ergonomics) [PSYoungGen: 58629K->33884K(116736K)] [ParOldGen: 349305K->349408K(349696K)] 407934K->383292K(466432K), [Metaspace: 3785K->3785K(1056768K)], 0.0488539 secs] [Times: user=0.10 sys=0.01, real=0.05 secs] 
2022-09-22T15:09:35.299-0800: 21.739: [Full GC (Ergonomics) [PSYoungGen: 58831K->34357K(116736K)] [ParOldGen: 349408K->349194K(349696K)] 408240K->383551K(466432K), [Metaspace: 3785K->3785K(1056768K)], 0.0367863 secs] [Times: user=0.10 sys=0.00, real=0.04 secs] 
2022-09-22T15:09:35.340-0800: 21.780: [Full GC (Ergonomics) [PSYoungGen: 58445K->32556K(116736K)] [ParOldGen: 349194K->349574K(349696K)] 407639K->382130K(466432K), [Metaspace: 3785K->3785K(1056768K)], 0.0311373 secs] [Times: user=0.11 sys=0.00, real=0.03 secs] 
2022-09-22T15:09:35.375-0800: 21.815: [Full GC (Ergonomics) [PSYoungGen: 58794K->33603K(116736K)] [ParOldGen: 349574K->349609K(349696K)] 408369K->383213K(466432K), [Metaspace: 3785K->3785K(1056768K)], 0.0337665 secs] [Times: user=0.10 sys=0.00, real=0.03 secs] 
2022-09-22T15:09:35.413-0800: 21.853: [Full GC (Ergonomics) [PSYoungGen: 58880K->34669K(116736K)] [ParOldGen: 349609K->349297K(349696K)] 408489K->383966K(466432K), [Metaspace: 3785K->3785K(1056768K)], 0.0317810 secs] [Times: user=0.11 sys=0.00, real=0.03 secs] 
2022-09-22T15:09:35.449-0800: 21.889: [Full GC (Ergonomics) [PSYoungGen: 58833K->34793K(116736K)] [ParOldGen: 349297K->349241K(349696K)] 408130K->384034K(466432K), [Metaspace: 3785K->3785K(1056768K)], 0.0412452 secs] [Times: user=0.10 sys=0.01, real=0.05 secs] 
2022-09-22T15:09:35.494-0800: 21.934: [Full GC (Ergonomics) [PSYoungGen: 58710K->33801K(116736K)] [ParOldGen: 349241K->349435K(349696K)] 407951K->383236K(466432K), [Metaspace: 3785K->3785K(1056768K)], 0.0279436 secs] [Times: user=0.13 sys=0.00, real=0.03 secs] 
2022-09-22T15:09:35.525-0800: 21.965: [Full GC (Ergonomics) [PSYoungGen: 58803K->31734K(116736K)] [ParOldGen: 349435K->349462K(349696K)] 408238K->381196K(466432K), [Metaspace: 3785K->3785K(1056768K)], 0.0267166 secs] [Times: user=0.12 sys=0.00, real=0.03 secs] 
2022-09-22T15:09:35.556-0800: 21.996: [Full GC (Ergonomics) [PSYoungGen: 58863K->30712K(116736K)] [ParOldGen: 349462K->349681K(349696K)] 408325K->380394K(466432K), [Metaspace: 3785K->3785K(1056768K)], 0.0285528 secs] [Times: user=0.12 sys=0.00, real=0.03 secs] 
2022-09-22T15:09:35.589-0800: 22.029: [Full GC (Ergonomics) [PSYoungGen: 58808K->29865K(116736K)] [ParOldGen: 349681K->349043K(349696K)] 408490K->378908K(466432K), [Metaspace: 3785K->3785K(1056768K)], 0.0284915 secs] [Times: user=0.12 sys=0.01, real=0.03 secs] 
2022-09-22T15:09:35.622-0800: 22.062: [Full GC (Ergonomics) [PSYoungGen: 58857K->31226K(116736K)] [ParOldGen: 349043K->349358K(349696K)] 407900K->380585K(466432K), [Metaspace: 3785K->3785K(1056768K)], 0.0389541 secs] [Times: user=0.10 sys=0.00, real=0.04 secs] 
2022-09-22T15:09:35.666-0800: 22.106: [Full GC (Ergonomics) [PSYoungGen: 58880K->32552K(116736K)] [ParOldGen: 349358K->349669K(349696K)] 408238K->382221K(466432K), [Metaspace: 3785K->3785K(1056768K)], 0.0542155 secs] [Times: user=0.11 sys=0.00, real=0.06 secs] 
2022-09-22T15:09:35.725-0800: 22.165: [Full GC (Ergonomics) [PSYoungGen: 58806K->31709K(116736K)] [ParOldGen: 349669K->349041K(349696K)] 408476K->380751K(466432K), [Metaspace: 3785K->3785K(1056768K)], 0.0276960 secs] [Times: user=0.11 sys=0.00, real=0.03 secs] 
2022-09-22T15:09:35.756-0800: 22.196: [Full GC (Ergonomics) [PSYoungGen: 58848K->26843K(116736K)] [ParOldGen: 349041K->349623K(349696K)] 407890K->376466K(466432K), [Metaspace: 3785K->3785K(1056768K)], 0.0316218 secs] [Times: user=0.10 sys=0.01, real=0.03 secs] 
2022-09-22T15:09:35.791-0800: 22.231: [Full GC (Ergonomics) [PSYoungGen: 58647K->28998K(116736K)] [ParOldGen: 349623K->349583K(349696K)] 408271K->378581K(466432K), [Metaspace: 3785K->3785K(1056768K)], 0.0281024 secs] [Times: user=0.14 sys=0.00, real=0.02 secs] 
2022-09-22T15:09:35.823-0800: 22.263: [Full GC (Ergonomics) [PSYoungGen: 58880K->30258K(116736K)] [ParOldGen: 349583K->349625K(349696K)] 408463K->379883K(466432K), [Metaspace: 3785K->3785K(1056768K)], 0.0275168 secs] [Times: user=0.15 sys=0.00, real=0.03 secs] 
2022-09-22T15:09:35.854-0800: 22.294: [Full GC (Ergonomics) [PSYoungGen: 58880K->29388K(116736K)] [ParOldGen: 349625K->349200K(349696K)] 408505K->378589K(466432K), [Metaspace: 3785K->3785K(1056768K)], 0.0249975 secs] [Times: user=0.13 sys=0.00, real=0.02 secs] 
2022-09-22T15:09:35.882-0800: 22.322: [Full GC (Ergonomics) [PSYoungGen: 58445K->26130K(116736K)] [ParOldGen: 349200K->349369K(349696K)] 407646K->375499K(466432K), [Metaspace: 3785K->3785K(1056768K)], 0.0253584 secs] [Times: user=0.13 sys=0.01, real=0.02 secs] 
2022-09-22T15:09:35.911-0800: 22.351: [Full GC (Ergonomics) [PSYoungGen: 58310K->26611K(116736K)] [ParOldGen: 349369K->349531K(349696K)] 407679K->376143K(466432K), [Metaspace: 3785K->3785K(1056768K)], 0.0243710 secs] [Times: user=0.13 sys=0.00, real=0.02 secs] 
2022-09-22T15:09:35.939-0800: 22.379: [Full GC (Ergonomics) [PSYoungGen: 58880K->26938K(116736K)] [ParOldGen: 349531K->349182K(349696K)] 408411K->376120K(466432K), [Metaspace: 3785K->3785K(1056768K)], 0.0272335 secs] [Times: user=0.09 sys=0.00, real=0.03 secs] 
2022-09-22T15:09:35.970-0800: 22.410: [Full GC (Ergonomics) [PSYoungGen: 58880K->25935K(116736K)] [ParOldGen: 349182K->349440K(349696K)] 408062K->375376K(466432K), [Metaspace: 3785K->3785K(1056768K)], 0.0274015 secs] [Times: user=0.12 sys=0.00, real=0.02 secs] 
2022-09-22T15:09:36.003-0800: 22.443: [Full GC (Ergonomics) [PSYoungGen: 58871K->25554K(116736K)] [ParOldGen: 349440K->349335K(349696K)] 408311K->374889K(466432K), [Metaspace: 3785K->3785K(1056768K)], 0.0261965 secs] [Times: user=0.12 sys=0.00, real=0.02 secs] 
2022-09-22T15:09:36.034-0800: 22.474: [Full GC (Ergonomics) [PSYoungGen: 58748K->29085K(116736K)] [ParOldGen: 349335K->349353K(349696K)] 408083K->378438K(466432K), [Metaspace: 3785K->3785K(1056768K)], 0.0292870 secs] [Times: user=0.12 sys=0.01, real=0.03 secs] 
2022-09-22T15:09:36.067-0800: 22.507: [Full GC (Ergonomics) [PSYoungGen: 58577K->28930K(116736K)] [ParOldGen: 349353K->349145K(349696K)] 407931K->378075K(466432K), [Metaspace: 3785K->3785K(1056768K)], 0.0270817 secs] [Times: user=0.12 sys=0.00, real=0.03 secs] 
2022-09-22T15:09:36.099-0800: 22.539: [Full GC (Ergonomics) [PSYoungGen: 58737K->26580K(116736K)] [ParOldGen: 349145K->349201K(349696K)] 407883K->375781K(466432K), [Metaspace: 3785K->3785K(1056768K)], 0.0255282 secs] [Times: user=0.10 sys=0.00, real=0.03 secs] 
2022-09-22T15:09:36.127-0800: 22.567: [Full GC (Ergonomics) [PSYoungGen: 58641K->24695K(116736K)] [ParOldGen: 349201K->349523K(349696K)] 407842K->374219K(466432K), [Metaspace: 3785K->3785K(1056768K)], 0.0315948 secs] [Times: user=0.13 sys=0.00, real=0.03 secs] 
2022-09-22T15:09:36.163-0800: 22.603: [Full GC (Ergonomics) [PSYoungGen: 58758K->22859K(116736K)] [ParOldGen: 349523K->349576K(349696K)] 408282K->372436K(466432K), [Metaspace: 3785K->3785K(1056768K)], 0.0276587 secs] [Times: user=0.13 sys=0.01, real=0.03 secs] 
2022-09-22T15:09:36.194-0800: 22.634: [Full GC (Ergonomics) [PSYoungGen: 58603K->21073K(116736K)] [ParOldGen: 349576K->349550K(349696K)] 408180K->370623K(466432K), [Metaspace: 3785K->3785K(1056768K)], 0.0274557 secs] [Times: user=0.14 sys=0.00, real=0.03 secs] 
2022-09-22T15:09:36.227-0800: 22.667: [Full GC (Ergonomics) [PSYoungGen: 58880K->18995K(116736K)] [ParOldGen: 349550K->349380K(349696K)] 408430K->368375K(466432K), [Metaspace: 3785K->3785K(1056768K)], 0.0231442 secs] [Times: user=0.12 sys=0.00, real=0.03 secs] 
2022-09-22T15:09:36.255-0800: 22.695: [Full GC (Ergonomics) [PSYoungGen: 58880K->18517K(116736K)] [ParOldGen: 349380K->349354K(349696K)] 408260K->367872K(466432K), [Metaspace: 3785K->3785K(1056768K)], 0.0256904 secs] [Times: user=0.13 sys=0.00, real=0.03 secs] 
2022-09-22T15:09:36.284-0800: 22.725: [Full GC (Ergonomics) [PSYoungGen: 58880K->19251K(116736K)] [ParOldGen: 349354K->349346K(349696K)] 408234K->368597K(466432K), [Metaspace: 3785K->3785K(1056768K)], 0.0263332 secs] [Times: user=0.13 sys=0.01, real=0.03 secs] 
2022-09-22T15:09:36.316-0800: 22.756: [Full GC (Ergonomics) [PSYoungGen: 58576K->20076K(116736K)] [ParOldGen: 349346K->349414K(349696K)] 407922K->369490K(466432K), [Metaspace: 3785K->3785K(1056768K)], 0.0325213 secs] [Times: user=0.13 sys=0.00, real=0.03 secs] 
2022-09-22T15:09:36.354-0800: 22.794: [Full GC (Ergonomics) [PSYoungGen: 58781K->20098K(116736K)] [ParOldGen: 349414K->348987K(349696K)] 408195K->369086K(466432K), [Metaspace: 3785K->3785K(1056768K)], 0.0326838 secs] [Times: user=0.11 sys=0.00, real=0.03 secs] 
2022-09-22T15:09:36.392-0800: 22.832: [Full GC (Ergonomics) [PSYoungGen: 58557K->21162K(116736K)] [ParOldGen: 348987K->349295K(349696K)] 407545K->370458K(466432K), [Metaspace: 3785K->3785K(1056768K)], 0.0286397 secs] [Times: user=0.14 sys=0.00, real=0.03 secs] 
2022-09-22T15:09:36.426-0800: 22.866: [Full GC (Ergonomics) [PSYoungGen: 58846K->20819K(116736K)] [ParOldGen: 349295K->349477K(349696K)] 408142K->370296K(466432K), [Metaspace: 3785K->3785K(1056768K)], 0.0269743 secs] [Times: user=0.14 sys=0.01, real=0.03 secs] 
2022-09-22T15:09:36.458-0800: 22.898: [Full GC (Ergonomics) [PSYoungGen: 58738K->23341K(116736K)] [ParOldGen: 349477K->349193K(349696K)] 408215K->372535K(466432K), [Metaspace: 3785K->3785K(1056768K)], 0.0277242 secs] [Times: user=0.13 sys=0.00, real=0.03 secs] 
2022-09-22T15:09:36.491-0800: 22.931: [Full GC (Ergonomics) [PSYoungGen: 58873K->19320K(116736K)] [ParOldGen: 349193K->349452K(349696K)] 408067K->368772K(466432K), [Metaspace: 3785K->3785K(1056768K)], 0.0375172 secs] [Times: user=0.09 sys=0.00, real=0.03 secs] 
2022-09-22T15:09:36.537-0800: 22.977: [Full GC (Ergonomics) [PSYoungGen: 58880K->21697K(116736K)] [ParOldGen: 349452K->349442K(349696K)] 408332K->371140K(466432K), [Metaspace: 3785K->3785K(1056768K)], 0.1152477 secs] [Times: user=0.10 sys=0.01, real=0.12 secs] 
2022-09-22T15:09:36.655-0800: 23.095: [Full GC (Ergonomics) [PSYoungGen: 58577K->20290K(116736K)] [ParOldGen: 349442K->349497K(349696K)] 408020K->369788K(466432K), [Metaspace: 3785K->3785K(1056768K)], 0.0587400 secs] [Times: user=0.09 sys=0.00, real=0.06 secs] 
2022-09-22T15:09:36.721-0800: 23.161: [Full GC (Ergonomics) [PSYoungGen: 58829K->19854K(116736K)] [ParOldGen: 349497K->349236K(349696K)] 408327K->369090K(466432K), [Metaspace: 3785K->3785K(1056768K)], 0.0588614 secs] [Times: user=0.08 sys=0.00, real=0.06 secs] 
2022-09-22T15:09:36.787-0800: 23.227: [Full GC (Ergonomics) [PSYoungGen: 58826K->21947K(116736K)] [ParOldGen: 349236K->349604K(349696K)] 408063K->371551K(466432K), [Metaspace: 3785K->3785K(1056768K)], 0.0545530 secs] [Times: user=0.10 sys=0.00, real=0.06 secs] 
2022-09-22T15:09:36.846-0800: 23.286: [Full GC (Ergonomics) [PSYoungGen: 58880K->22338K(116736K)] [ParOldGen: 349604K->349336K(349696K)] 408484K->371675K(466432K), [Metaspace: 3785K->3785K(1056768K)], 0.0503509 secs] [Times: user=0.09 sys=0.01, real=0.05 secs] 
2022-09-22T15:09:36.903-0800: 23.343: [Full GC (Ergonomics) [PSYoungGen: 58864K->21932K(116736K)] [ParOldGen: 349336K->349481K(349696K)] 408200K->371413K(466432K), [Metaspace: 3785K->3785K(1056768K)], 0.0462246 secs] [Times: user=0.10 sys=0.00, real=0.04 secs] 
2022-09-22T15:09:36.955-0800: 23.395: [Full GC (Ergonomics) [PSYoungGen: 58880K->24025K(116736K)] [ParOldGen: 349481K->349340K(349696K)] 408361K->373366K(466432K), [Metaspace: 3785K->3785K(1056768K)], 0.0280985 secs] [Times: user=0.11 sys=0.00, real=0.03 secs] 
2022-09-22T15:09:36.988-0800: 23.428: [Full GC (Ergonomics) [PSYoungGen: 58880K->24644K(116736K)] [ParOldGen: 349340K->349424K(349696K)] 408220K->374069K(466432K), [Metaspace: 3785K->3785K(1056768K)], 0.0421403 secs] [Times: user=0.09 sys=0.00, real=0.05 secs] 
2022-09-22T15:09:37.037-0800: 23.477: [Full GC (Ergonomics) [PSYoungGen: 58880K->25742K(116736K)] [ParOldGen: 349424K->349194K(349696K)] 408304K->374937K(466432K), [Metaspace: 3785K->3785K(1056768K)], 0.0426528 secs] [Times: user=0.09 sys=0.00, real=0.05 secs] 
2022-09-22T15:09:37.085-0800: 23.526: [Full GC (Ergonomics) [PSYoungGen: 58880K->27185K(116736K)] [ParOldGen: 349194K->349486K(349696K)] 408074K->376672K(466432K), [Metaspace: 3785K->3785K(1056768K)], 0.0991054 secs] [Times: user=0.09 sys=0.01, real=0.11 secs] 
2022-09-22T15:09:37.200-0800: 23.640: [Full GC (Ergonomics) [PSYoungGen: 58837K->27687K(116736K)] [ParOldGen: 349486K->349014K(349696K)] 408324K->376701K(466432K), [Metaspace: 3785K->3785K(1056768K)], 0.0813010 secs] [Times: user=0.09 sys=0.00, real=0.08 secs] 
2022-09-22T15:09:37.289-0800: 23.729: [Full GC (Ergonomics) [PSYoungGen: 58735K->26037K(116736K)] [ParOldGen: 349014K->349479K(349696K)] 407749K->375517K(466432K), [Metaspace: 3785K->3785K(1056768K)], 0.0621629 secs] [Times: user=0.09 sys=0.00, real=0.07 secs] 
2022-09-22T15:09:37.357-0800: 23.797: [Full GC (Ergonomics) [PSYoungGen: 58880K->29194K(116736K)] [ParOldGen: 349479K->349099K(349696K)] 408359K->378294K(466432K), [Metaspace: 3785K->3785K(1056768K)], 0.0544822 secs] [Times: user=0.10 sys=0.01, real=0.06 secs] 
2022-09-22T15:09:37.418-0800: 23.858: [Full GC (Ergonomics) [PSYoungGen: 58815K->27909K(116736K)] [ParOldGen: 349099K->349505K(349696K)] 407914K->377414K(466432K), [Metaspace: 3785K->3785K(1056768K)], 0.0385828 secs] [Times: user=0.09 sys=0.00, real=0.04 secs] 
2022-09-22T15:09:37.464-0800: 23.904: [Full GC (Ergonomics) [PSYoungGen: 58880K->29414K(116736K)] [ParOldGen: 349505K->349086K(349696K)] 408385K->378501K(466432K), [Metaspace: 3785K->3785K(1056768K)], 0.0504425 secs] [Times: user=0.08 sys=0.00, real=0.05 secs] 
2022-09-22T15:09:37.519-0800: 23.959: [Full GC (Ergonomics) [PSYoungGen: 58776K->31544K(116736K)] [ParOldGen: 349086K->349418K(349696K)] 407863K->380962K(466432K), [Metaspace: 3785K->3785K(1056768K)], 0.0326069 secs] [Times: user=0.09 sys=0.00, real=0.04 secs] 
2022-09-22T15:09:37.557-0800: 23.997: [Full GC (Ergonomics) [PSYoungGen: 58880K->27831K(116736K)] [ParOldGen: 349418K->349482K(349696K)] 408298K->377314K(466432K), [Metaspace: 3785K->3785K(1056768K)], 0.1007164 secs] [Times: user=0.10 sys=0.01, real=0.10 secs] 
2022-09-22T15:09:37.663-0800: 24.104: [Full GC (Ergonomics) [PSYoungGen: 58560K->29166K(116736K)] [ParOldGen: 349482K->348877K(349696K)] 408043K->378044K(466432K), [Metaspace: 3785K->3785K(1056768K)], 0.0515092 secs] [Times: user=0.10 sys=0.00, real=0.05 secs] 
2022-09-22T15:09:37.719-0800: 24.160: [Full GC (Ergonomics) [PSYoungGen: 58843K->30834K(116736K)] [ParOldGen: 348877K->349344K(349696K)] 407721K->380179K(466432K), [Metaspace: 3785K->3785K(1056768K)], 0.0486241 secs] [Times: user=0.10 sys=0.00, real=0.05 secs] 
2022-09-22T15:09:37.777-0800: 24.217: [Full GC (Ergonomics) [PSYoungGen: 58755K->28623K(116736K)] [ParOldGen: 349344K->349481K(349696K)] 408099K->378105K(466432K), [Metaspace: 3785K->3785K(1056768K)], 0.0388098 secs] [Times: user=0.10 sys=0.00, real=0.04 secs] 
2022-09-22T15:09:37.823-0800: 24.263: [Full GC (Ergonomics) [PSYoungGen: 58398K->26809K(116736K)] [ParOldGen: 349481K->349417K(349696K)] 407880K->376226K(466432K), [Metaspace: 3785K->3785K(1056768K)], 0.0496798 secs] [Times: user=0.09 sys=0.01, real=0.05 secs] 
2022-09-22T15:09:37.877-0800: 24.317: [Full GC (Ergonomics) [PSYoungGen: 58642K->31598K(116736K)] [ParOldGen: 349417K->349311K(349696K)] 408059K->380909K(466432K), [Metaspace: 3785K->3785K(1056768K)], 0.0474332 secs] [Times: user=0.11 sys=0.00, real=0.05 secs] 
2022-09-22T15:09:37.932-0800: 24.372: [Full GC (Ergonomics) [PSYoungGen: 58857K->31121K(116736K)] [ParOldGen: 349311K->349106K(349696K)] 408168K->380227K(466432K), [Metaspace: 3785K->3785K(1056768K)], 0.0528214 secs] [Times: user=0.09 sys=0.00, real=0.05 secs] 
2022-09-22T15:09:37.988-0800: 24.428: [Full GC (Ergonomics) [PSYoungGen: 58818K->30170K(116736K)] [ParOldGen: 349106K->349362K(349696K)] 407924K->379532K(466432K), [Metaspace: 3785K->3785K(1056768K)], 0.0418971 secs] [Times: user=0.09 sys=0.00, real=0.05 secs] 
2022-09-22T15:09:38.033-0800: 24.473: [Full GC (Ergonomics) [PSYoungGen: 58787K->29203K(116736K)] [ParOldGen: 349362K->349535K(349696K)] 408150K->378738K(466432K), [Metaspace: 3785K->3785K(1056768K)], 0.0441893 secs] [Times: user=0.11 sys=0.01, real=0.04 secs] 
2022-09-22T15:09:38.082-0800: 24.522: [Full GC (Ergonomics) [PSYoungGen: 58878K->28443K(116736K)] [ParOldGen: 349535K->349313K(349696K)] 408413K->377756K(466432K), [Metaspace: 3785K->3785K(1056768K)], 0.0584860 secs] [Times: user=0.10 sys=0.00, real=0.06 secs] 
2022-09-22T15:09:38.144-0800: 24.584: [Full GC (Ergonomics) [PSYoungGen: 58701K->29771K(116736K)] [ParOldGen: 349313K->349195K(349696K)] 408014K->378966K(466432K), [Metaspace: 3785K->3785K(1056768K)], 0.0276125 secs] [Times: user=0.10 sys=0.00, real=0.03 secs] 
2022-09-22T15:09:38.175-0800: 24.615: [Full GC (Ergonomics) [PSYoungGen: 58854K->28172K(116736K)] [ParOldGen: 349195K->349609K(349696K)] 408049K->377782K(466432K), [Metaspace: 3785K->3785K(1056768K)], 0.0267199 secs] [Times: user=0.10 sys=0.00, real=0.03 secs] 
2022-09-22T15:09:38.206-0800: 24.646: [Full GC (Ergonomics) [PSYoungGen: 58527K->28191K(116736K)] [ParOldGen: 349609K->349570K(349696K)] 408137K->377761K(466432K), [Metaspace: 3785K->3785K(1056768K)], 0.0302154 secs] [Times: user=0.09 sys=0.00, real=0.03 secs] 
2022-09-22T15:09:38.241-0800: 24.681: [Full GC (Ergonomics) [PSYoungGen: 58871K->26643K(116736K)] [ParOldGen: 349570K->349011K(349696K)] 408441K->375654K(466432K), [Metaspace: 3785K->3785K(1056768K)], 0.0375307 secs] [Times: user=0.09 sys=0.00, real=0.03 secs] 
2022-09-22T15:09:38.285-0800: 24.725: [Full GC (Ergonomics) [PSYoungGen: 58880K->25328K(116736K)] [ParOldGen: 349011K->349167K(349696K)] 407891K->374495K(466432K), [Metaspace: 3785K->3785K(1056768K)], 0.0586511 secs] [Times: user=0.10 sys=0.01, real=0.06 secs] 
2022-09-22T15:09:38.350-0800: 24.790: [Full GC (Ergonomics) [PSYoungGen: 58880K->29024K(116736K)] [ParOldGen: 349167K->349550K(349696K)] 408047K->378575K(466432K), [Metaspace: 3785K->3785K(1056768K)], 0.0435020 secs] [Times: user=0.10 sys=0.00, real=0.04 secs] 
2022-09-22T15:09:38.398-0800: 24.838: [Full GC (Ergonomics) [PSYoungGen: 58239K->29513K(116736K)] [ParOldGen: 349550K->349230K(349696K)] 407790K->378744K(466432K), [Metaspace: 3785K->3785K(1056768K)], 0.0337642 secs] [Times: user=0.09 sys=0.00, real=0.05 secs] 
2022-09-22T15:09:38.452-0800: 24.892: [Full GC (Ergonomics) [PSYoungGen: 58668K->31949K(116736K)] [ParOldGen: 349230K->349151K(349696K)] 407899K->381101K(466432K), [Metaspace: 3785K->3785K(1056768K)], 0.0691635 secs] [Times: user=0.11 sys=0.01, real=0.07 secs] 
2022-09-22T15:09:38.525-0800: 24.965: [Full GC (Ergonomics) [PSYoungGen: 58685K->31576K(116736K)] [ParOldGen: 349151K->349458K(349696K)] 407836K->381035K(466432K), [Metaspace: 3785K->3785K(1056768K)], 0.0903076 secs] [Times: user=0.09 sys=0.00, real=0.09 secs] 
2022-09-22T15:09:38.623-0800: 25.063: [Full GC (Ergonomics) [PSYoungGen: 58671K->29974K(116736K)] [ParOldGen: 349458K->349427K(349696K)] 408129K->379401K(466432K), [Metaspace: 3785K->3785K(1056768K)], 0.1246819 secs] [Times: user=0.11 sys=0.09, real=0.12 secs] 
2022-09-22T15:09:38.752-0800: 25.192: [Full GC (Ergonomics) [PSYoungGen: 58880K->29271K(116736K)] [ParOldGen: 349427K->349245K(349696K)] 408307K->378517K(466432K), [Metaspace: 3785K->3785K(1056768K)], 0.0485580 secs] [Times: user=0.10 sys=0.01, real=0.05 secs] 
2022-09-22T15:09:38.806-0800: 25.247: [Full GC (Ergonomics) [PSYoungGen: 58632K->28090K(116736K)] [ParOldGen: 349245K->349661K(349696K)] 407878K->377752K(466432K), [Metaspace: 3785K->3785K(1056768K)], 0.0464240 secs] [Times: user=0.10 sys=0.00, real=0.05 secs] 
2022-09-22T15:09:38.858-0800: 25.298: [Full GC (Ergonomics) [PSYoungGen: 58774K->27496K(116736K)] [ParOldGen: 349661K->349473K(349696K)] 408435K->376970K(466432K), [Metaspace: 3785K->3785K(1056768K)], 0.0520759 secs] [Times: user=0.10 sys=0.00, real=0.06 secs] 
2022-09-22T15:09:38.915-0800: 25.355: [Full GC (Ergonomics) [PSYoungGen: 58373K->25983K(116736K)] [ParOldGen: 349473K->349375K(349696K)] 407847K->375359K(466432K), [Metaspace: 3785K->3785K(1056768K)], 0.0401879 secs] [Times: user=0.10 sys=0.00, real=0.04 secs] 
2022-09-22T15:09:38.962-0800: 25.402: [Full GC (Ergonomics) [PSYoungGen: 58880K->27542K(116736K)] [ParOldGen: 349375K->349342K(349696K)] 408255K->376884K(466432K), [Metaspace: 3785K->3785K(1056768K)], 0.0552037 secs] [Times: user=0.09 sys=0.01, real=0.05 secs] 
2022-09-22T15:09:39.023-0800: 25.463: [Full GC (Ergonomics) [PSYoungGen: 58596K->27409K(116736K)] [ParOldGen: 349342K->349207K(349696K)] 407938K->376617K(466432K), [Metaspace: 3785K->3785K(1056768K)], 0.0479632 secs] [Times: user=0.11 sys=0.00, real=0.05 secs] 
2022-09-22T15:09:39.075-0800: 25.515: [Full GC (Ergonomics) [PSYoungGen: 58622K->28016K(116736K)] [ParOldGen: 349207K->349586K(349696K)] 407829K->377602K(466432K), [Metaspace: 3785K->3785K(1056768K)], 0.0637829 secs] [Times: user=0.10 sys=0.00, real=0.06 secs] 
2022-09-22T15:09:39.142-0800: 25.582: [Full GC (Ergonomics) [PSYoungGen: 58880K->30996K(116736K)] [ParOldGen: 349586K->349376K(349696K)] 408466K->380372K(466432K), [Metaspace: 3785K->3785K(1056768K)], 0.0350425 secs] [Times: user=0.08 sys=0.00, real=0.03 secs] 
2022-09-22T15:09:39.181-0800: 25.621: [Full GC (Ergonomics) [PSYoungGen: 58210K->28173K(116736K)] [ParOldGen: 349376K->349562K(349696K)] 407586K->377735K(466432K), [Metaspace: 3785K->3785K(1056768K)], 0.0360558 secs] [Times: user=0.10 sys=0.01, real=0.03 secs] 
2022-09-22T15:09:39.221-0800: 25.661: [Full GC (Ergonomics) [PSYoungGen: 58862K->28855K(116736K)] [ParOldGen: 349562K->349501K(349696K)] 408424K->378356K(466432K), [Metaspace: 3785K->3785K(1056768K)], 0.0453249 secs] [Times: user=0.09 sys=0.00, real=0.04 secs] 
2022-09-22T15:09:39.271-0800: 25.711: [Full GC (Ergonomics) [PSYoungGen: 58657K->28662K(116736K)] [ParOldGen: 349501K->349207K(349696K)] 408159K->377870K(466432K), [Metaspace: 3785K->3785K(1056768K)], 0.0316837 secs] [Times: user=0.10 sys=0.00, real=0.03 secs] 
2022-09-22T15:09:39.310-0800: 25.750: [Full GC (Ergonomics) [PSYoungGen: 58880K->27966K(116736K)] [ParOldGen: 349207K->349479K(349696K)] 408087K->377446K(466432K), [Metaspace: 3785K->3785K(1056768K)], 0.0558303 secs] [Times: user=0.10 sys=0.00, real=0.05 secs] 
2022-09-22T15:09:39.371-0800: 25.811: [Full GC (Ergonomics) [PSYoungGen: 58880K->26698K(116736K)] [ParOldGen: 349479K->349000K(349696K)] 408359K->375699K(466432K), [Metaspace: 3785K->3785K(1056768K)], 0.0387375 secs] [Times: user=0.11 sys=0.01, real=0.04 secs] 
2022-09-22T15:09:39.417-0800: 25.857: [Full GC (Ergonomics) [PSYoungGen: 58870K->28576K(116736K)] [ParOldGen: 349000K->349216K(349696K)] 407871K->377792K(466432K), [Metaspace: 3785K->3785K(1056768K)], 0.0327889 secs] [Times: user=0.11 sys=0.00, real=0.04 secs] 
2022-09-22T15:09:39.454-0800: 25.894: [Full GC (Ergonomics) [PSYoungGen: 58774K->26497K(116736K)] [ParOldGen: 349216K->349588K(349696K)] 407991K->376086K(466432K), [Metaspace: 3785K->3785K(1056768K)], 0.0337269 secs] [Times: user=0.11 sys=0.00, real=0.03 secs] 
2022-09-22T15:09:39.492-0800: 25.932: [Full GC (Ergonomics) [PSYoungGen: 58804K->23606K(116736K)] [ParOldGen: 349588K->349467K(349696K)] 408393K->373073K(466432K), [Metaspace: 3785K->3785K(1056768K)], 0.0356940 secs] [Times: user=0.10 sys=0.00, real=0.03 secs] 
2022-09-22T15:09:39.535-0800: 25.975: [Full GC (Ergonomics) [PSYoungGen: 58840K->24932K(116736K)] [ParOldGen: 349467K->349504K(349696K)] 408307K->374436K(466432K), [Metaspace: 3785K->3785K(1056768K)], 0.0371101 secs] [Times: user=0.10 sys=0.01, real=0.04 secs] 
2022-09-22T15:09:39.577-0800: 26.017: [Full GC (Ergonomics) [PSYoungGen: 58740K->24352K(116736K)] [ParOldGen: 349504K->349553K(349696K)] 408244K->373906K(466432K), [Metaspace: 3785K->3785K(1056768K)], 0.0444295 secs] [Times: user=0.09 sys=0.00, real=0.05 secs] 
2022-09-22T15:09:39.627-0800: 26.067: [Full GC (Ergonomics) [PSYoungGen: 58880K->22277K(116736K)] [ParOldGen: 349553K->349361K(349696K)] 408433K->371638K(466432K), [Metaspace: 3785K->3785K(1056768K)], 0.0547545 secs] [Times: user=0.10 sys=0.00, real=0.06 secs] 
2022-09-22T15:09:39.688-0800: 26.128: [Full GC (Ergonomics) [PSYoungGen: 58842K->22672K(116736K)] [ParOldGen: 349361K->349492K(349696K)] 408203K->372164K(466432K), [Metaspace: 3785K->3785K(1056768K)], 0.0309647 secs] [Times: user=0.11 sys=0.00, real=0.03 secs] 
2022-09-22T15:09:39.725-0800: 26.165: [Full GC (Ergonomics) [PSYoungGen: 58770K->20305K(116736K)] [ParOldGen: 349492K->349360K(349696K)] 408262K->369665K(466432K), [Metaspace: 3785K->3785K(1056768K)], 0.0416909 secs] [Times: user=0.09 sys=0.00, real=0.04 secs] 
2022-09-22T15:09:39.773-0800: 26.213: [Full GC (Ergonomics) [PSYoungGen: 58809K->21572K(116736K)] [ParOldGen: 349360K->349544K(349696K)] 408169K->371117K(466432K), [Metaspace: 3785K->3785K(1056768K)], 0.0530418 secs] [Times: user=0.11 sys=0.00, real=0.05 secs] 
2022-09-22T15:09:39.834-0800: 26.274: [Full GC (Ergonomics) [PSYoungGen: 58564K->22712K(116736K)] [ParOldGen: 349544K->349311K(349696K)] 408109K->372023K(466432K), [Metaspace: 3785K->3785K(1056768K)], 0.0413934 secs] [Times: user=0.11 sys=0.00, real=0.04 secs] 
2022-09-22T15:09:39.880-0800: 26.320: [Full GC (Ergonomics) [PSYoungGen: 58566K->21352K(116736K)] [ParOldGen: 349311K->349161K(349696K)] 407877K->370513K(466432K), [Metaspace: 3785K->3785K(1056768K)], 0.0366287 secs] [Times: user=0.12 sys=0.01, real=0.03 secs] 
2022-09-22T15:09:39.923-0800: 26.363: [Full GC (Ergonomics) [PSYoungGen: 58880K->20789K(116736K)] [ParOldGen: 349161K->349078K(349696K)] 408041K->369867K(466432K), [Metaspace: 3785K->3785K(1056768K)], 0.0260183 secs] [Times: user=0.13 sys=0.00, real=0.02 secs] 
2022-09-22T15:09:39.953-0800: 26.393: [Full GC (Ergonomics) [PSYoungGen: 58880K->19518K(116736K)] [ParOldGen: 349078K->349497K(349696K)] 407958K->369015K(466432K), [Metaspace: 3785K->3785K(1056768K)], 0.0382407 secs] [Times: user=0.12 sys=0.00, real=0.04 secs] 
2022-09-22T15:09:39.998-0800: 26.438: [Full GC (Ergonomics) [PSYoungGen: 58880K->15409K(116736K)] [ParOldGen: 349497K->349478K(349696K)] 408377K->364888K(466432K), [Metaspace: 3785K->3785K(1056768K)], 0.0278631 secs] [Times: user=0.10 sys=0.00, real=0.03 secs] 
2022-09-22T15:09:40.032-0800: 26.472: [Full GC (Ergonomics) [PSYoungGen: 58354K->16113K(116736K)] [ParOldGen: 349478K->349600K(349696K)] 407833K->365714K(466432K), [Metaspace: 3785K->3785K(1056768K)], 0.0294066 secs] [Times: user=0.11 sys=0.01, real=0.03 secs] 
2022-09-22T15:09:40.068-0800: 26.508: [Full GC (Ergonomics) [PSYoungGen: 58880K->15450K(116736K)] [ParOldGen: 349600K->348881K(349696K)] 408480K->364332K(466432K), [Metaspace: 3785K->3785K(1056768K)], 0.0345879 secs] [Times: user=0.11 sys=0.00, real=0.04 secs] 
2022-09-22T15:09:40.109-0800: 26.549: [Full GC (Ergonomics) [PSYoungGen: 58852K->10054K(116736K)] [ParOldGen: 348881K->349658K(349696K)] 407733K->359713K(466432K), [Metaspace: 3785K->3785K(1056768K)], 0.0369304 secs] [Times: user=0.10 sys=0.00, real=0.04 secs] 
2022-09-22T15:09:40.154-0800: 26.594: [Full GC (Ergonomics) [PSYoungGen: 58362K->15852K(116736K)] [ParOldGen: 349658K->349535K(349696K)] 408020K->365387K(466432K), [Metaspace: 3785K->3785K(1056768K)], 0.0442882 secs] [Times: user=0.11 sys=0.00, real=0.04 secs] 
2022-09-22T15:09:40.206-0800: 26.646: [Full GC (Ergonomics) [PSYoungGen: 58766K->15626K(116736K)] [ParOldGen: 349535K->349093K(349696K)] 408301K->364719K(466432K), [Metaspace: 3785K->3785K(1056768K)], 0.0335721 secs] [Times: user=0.11 sys=0.01, real=0.03 secs] 
2022-09-22T15:09:40.244-0800: 26.684: [Full GC (Ergonomics) [PSYoungGen: 58880K->13695K(116736K)] [ParOldGen: 349093K->349598K(349696K)] 407973K->363294K(466432K), [Metaspace: 3785K->3785K(1056768K)], 0.0337211 secs] [Times: user=0.12 sys=0.00, real=0.03 secs] 
2022-09-22T15:09:40.287-0800: 26.727: [Full GC (Ergonomics) [PSYoungGen: 58880K->16438K(116736K)] [ParOldGen: 349598K->349392K(349696K)] 408478K->365830K(466432K), [Metaspace: 3785K->3785K(1056768K)], 0.0341659 secs] [Times: user=0.13 sys=0.00, real=0.04 secs] 
2022-09-22T15:09:40.325-0800: 26.765: [Full GC (Ergonomics) [PSYoungGen: 58880K->16049K(116736K)] [ParOldGen: 349392K->349312K(349696K)] 408272K->365362K(466432K), [Metaspace: 3785K->3785K(1056768K)], 0.0297868 secs] [Times: user=0.13 sys=0.00, real=0.03 secs] 
2022-09-22T15:09:40.362-0800: 26.802: [Full GC (Ergonomics) [PSYoungGen: 58880K->14797K(116736K)] [ParOldGen: 349312K->349056K(349696K)] 408192K->363853K(466432K), [Metaspace: 3785K->3785K(1056768K)], 0.0367979 secs] [Times: user=0.12 sys=0.01, real=0.03 secs] 
2022-09-22T15:09:40.404-0800: 26.844: [Full GC (Ergonomics) [PSYoungGen: 58880K->13893K(116736K)] [ParOldGen: 349056K->349652K(349696K)] 407936K->363546K(466432K), [Metaspace: 3785K->3785K(1056768K)], 0.0334610 secs] [Times: user=0.10 sys=0.00, real=0.03 secs] 
2022-09-22T15:09:40.445-0800: 26.885: [Full GC (Ergonomics) [PSYoungGen: 58874K->12041K(116736K)] [ParOldGen: 349652K->349692K(349696K)] 408527K->361733K(466432K), [Metaspace: 3785K->3785K(1056768K)], 0.0311235 secs] [Times: user=0.11 sys=0.00, real=0.03 secs] 
2022-09-22T15:09:40.482-0800: 26.922: [Full GC (Ergonomics) [PSYoungGen: 58880K->10406K(116736K)] [ParOldGen: 349692K->349683K(349696K)] 408572K->360090K(466432K), [Metaspace: 3785K->3785K(1056768K)], 0.0376981 secs] [Times: user=0.11 sys=0.00, real=0.04 secs] 
2022-09-22T15:09:40.527-0800: 26.967: [Full GC (Ergonomics) [PSYoungGen: 58880K->11470K(116736K)] [ParOldGen: 349683K->349629K(349696K)] 408563K->361100K(466432K), [Metaspace: 3785K->3785K(1056768K)], 0.0434943 secs] [Times: user=0.10 sys=0.00, real=0.05 secs] 
2022-09-22T15:09:40.579-0800: 27.019: [Full GC (Ergonomics) [PSYoungGen: 58723K->12409K(116736K)] [ParOldGen: 349629K->349406K(349696K)] 408353K->361815K(466432K), [Metaspace: 3785K->3785K(1056768K)], 0.0379110 secs] [Times: user=0.11 sys=0.00, real=0.04 secs] 
2022-09-22T15:09:40.624-0800: 27.064: [Full GC (Ergonomics) [PSYoungGen: 58746K->14074K(116736K)] [ParOldGen: 349406K->349451K(349696K)] 408152K->363526K(466432K), [Metaspace: 3785K->3785K(1056768K)], 0.0359757 secs] [Times: user=0.12 sys=0.00, real=0.04 secs] 
2022-09-22T15:09:40.666-0800: 27.106: [Full GC (Ergonomics) [PSYoungGen: 58880K->16750K(116736K)] [ParOldGen: 349451K->349561K(349696K)] 408331K->366311K(466432K), [Metaspace: 3785K->3785K(1056768K)], 0.0297275 secs] [Times: user=0.12 sys=0.01, real=0.03 secs] 
2022-09-22T15:09:40.702-0800: 27.142: [Full GC (Ergonomics) [PSYoungGen: 58880K->13976K(116736K)] [ParOldGen: 349561K->349411K(349696K)] 408441K->363387K(466432K), [Metaspace: 3785K->3785K(1056768K)], 0.0288391 secs] [Times: user=0.11 sys=0.00, real=0.03 secs] 
2022-09-22T15:09:40.737-0800: 27.177: [Full GC (Ergonomics) [PSYoungGen: 58844K->16968K(116736K)] [ParOldGen: 349411K->349608K(349696K)] 408256K->366576K(466432K), [Metaspace: 3785K->3785K(1056768K)], 0.0366597 secs] [Times: user=0.10 sys=0.00, real=0.04 secs] 
2022-09-22T15:09:40.778-0800: 27.218: [Full GC (Ergonomics) [PSYoungGen: 58600K->13603K(116736K)] [ParOldGen: 349608K->349356K(349696K)] 408209K->362959K(466432K), [Metaspace: 3785K->3785K(1056768K)], 0.0257621 secs] [Times: user=0.12 sys=0.00, real=0.03 secs] 
2022-09-22T15:09:40.809-0800: 27.249: [Full GC (Ergonomics) [PSYoungGen: 58853K->17328K(116736K)] [ParOldGen: 349356K->349235K(349696K)] 408210K->366563K(466432K), [Metaspace: 3785K->3785K(1056768K)], 0.0271970 secs] [Times: user=0.10 sys=0.00, real=0.03 secs] 
2022-09-22T15:09:40.840-0800: 27.281: [Full GC (Ergonomics) [PSYoungGen: 58880K->16276K(116736K)] [ParOldGen: 349235K->349328K(349696K)] 408115K->365604K(466432K), [Metaspace: 3785K->3785K(1056768K)], 0.0249793 secs] [Times: user=0.11 sys=0.01, real=0.02 secs] 
2022-09-22T15:09:40.872-0800: 27.312: [Full GC (Ergonomics) [PSYoungGen: 58871K->18367K(116736K)] [ParOldGen: 349328K->349579K(349696K)] 408199K->367946K(466432K), [Metaspace: 3785K->3785K(1056768K)], 0.0267944 secs] [Times: user=0.12 sys=0.00, real=0.02 secs] 
2022-09-22T15:09:40.902-0800: 27.342: [Full GC (Ergonomics) [PSYoungGen: 58481K->19482K(116736K)] [ParOldGen: 349579K->349660K(349696K)] 408061K->369142K(466432K), [Metaspace: 3785K->3785K(1056768K)], 0.0258415 secs] [Times: user=0.10 sys=0.00, real=0.02 secs] 
2022-09-22T15:09:40.933-0800: 27.373: [Full GC (Ergonomics) [PSYoungGen: 58869K->17947K(116736K)] [ParOldGen: 349660K->349690K(349696K)] 408530K->367638K(466432K), [Metaspace: 3785K->3785K(1056768K)], 0.0353943 secs] [Times: user=0.10 sys=0.00, real=0.03 secs] 
2022-09-22T15:09:40.974-0800: 27.414: [Full GC (Ergonomics) [PSYoungGen: 58534K->22291K(116736K)] [ParOldGen: 349690K->349453K(349696K)] 408225K->371744K(466432K), [Metaspace: 3785K->3785K(1056768K)], 0.0270926 secs] [Times: user=0.12 sys=0.00, real=0.03 secs] 
2022-09-22T15:09:41.005-0800: 27.445: [Full GC (Ergonomics) [PSYoungGen: 58880K->23019K(116736K)] [ParOldGen: 349453K->349674K(349696K)] 408333K->372694K(466432K), [Metaspace: 3785K->3785K(1056768K)], 0.0300037 secs] [Times: user=0.11 sys=0.01, real=0.03 secs] 
2022-09-22T15:09:41.039-0800: 27.479: [Full GC (Ergonomics) [PSYoungGen: 58880K->21560K(116736K)] [ParOldGen: 349674K->349515K(349696K)] 408554K->371076K(466432K), [Metaspace: 3785K->3785K(1056768K)], 0.0303870 secs] [Times: user=0.12 sys=0.00, real=0.04 secs] 
2022-09-22T15:09:41.076-0800: 27.516: [Full GC (Ergonomics) [PSYoungGen: 58880K->17670K(116736K)] [ParOldGen: 349515K->349506K(349696K)] 408395K->367177K(466432K), [Metaspace: 3785K->3785K(1056768K)], 0.0274736 secs] [Times: user=0.12 sys=0.00, real=0.03 secs] 
2022-09-22T15:09:41.108-0800: 27.548: [Full GC (Ergonomics) [PSYoungGen: 58837K->16083K(116736K)] [ParOldGen: 349506K->349289K(349696K)] 408344K->365372K(466432K), [Metaspace: 3785K->3785K(1056768K)], 0.0271119 secs] [Times: user=0.10 sys=0.00, real=0.03 secs] 
2022-09-22T15:09:41.140-0800: 27.580: [Full GC (Ergonomics) [PSYoungGen: 58440K->13315K(116736K)] [ParOldGen: 349289K->349050K(349696K)] 407730K->362366K(466432K), [Metaspace: 3785K->3785K(1056768K)], 0.0267905 secs] [Times: user=0.13 sys=0.01, real=0.02 secs] 
2022-09-22T15:09:41.174-0800: 27.614: [Full GC (Ergonomics) [PSYoungGen: 58880K->10826K(116736K)] [ParOldGen: 349050K->349166K(349696K)] 407930K->359993K(466432K), [Metaspace: 3785K->3785K(1056768K)], 0.0278918 secs] [Times: user=0.13 sys=0.00, real=0.03 secs] 
2022-09-22T15:09:41.207-0800: 27.647: [Full GC (Ergonomics) [PSYoungGen: 58743K->14699K(116736K)] [ParOldGen: 349166K->349424K(349696K)] 407909K->364124K(466432K), [Metaspace: 3785K->3785K(1056768K)], 0.0374124 secs] [Times: user=0.14 sys=0.00, real=0.04 secs] 
2022-09-22T15:09:41.249-0800: 27.689: [Full GC (Ergonomics) [PSYoungGen: 58850K->17509K(116736K)] [ParOldGen: 349424K->349301K(349696K)] 408274K->366810K(466432K), [Metaspace: 3785K->3785K(1056768K)], 0.0236558 secs] [Times: user=0.11 sys=0.00, real=0.03 secs] 
2022-09-22T15:09:41.276-0800: 27.716: [Full GC (Ergonomics) [PSYoungGen: 58224K->18130K(116736K)] [ParOldGen: 349301K->349237K(349696K)] 407526K->367368K(466432K), [Metaspace: 3785K->3785K(1056768K)], 0.0243366 secs] [Times: user=0.12 sys=0.01, real=0.03 secs] 
2022-09-22T15:09:41.307-0800: 27.747: [Full GC (Ergonomics) [PSYoungGen: 58645K->16698K(116736K)] [ParOldGen: 349237K->349485K(349696K)] 407883K->366183K(466432K), [Metaspace: 3785K->3785K(1056768K)], 0.0261959 secs] [Times: user=0.10 sys=0.00, real=0.03 secs] 
2022-09-22T15:09:41.337-0800: 27.777: [Full GC (Ergonomics) [PSYoungGen: 58547K->18715K(116736K)] [ParOldGen: 349485K->349177K(349696K)] 408033K->367893K(466432K), [Metaspace: 3785K->3785K(1056768K)], 0.0241939 secs] [Times: user=0.13 sys=0.00, real=0.03 secs] 
2022-09-22T15:09:41.367-0800: 27.807: [Full GC (Ergonomics) [PSYoungGen: 58880K->20656K(116736K)] [ParOldGen: 349177K->349028K(349696K)] 408057K->369684K(466432K), [Metaspace: 3785K->3785K(1056768K)], 0.0297377 secs] [Times: user=0.12 sys=0.00, real=0.03 secs] 
2022-09-22T15:09:41.402-0800: 27.842: [Full GC (Ergonomics) [PSYoungGen: 58880K->19777K(116736K)] [ParOldGen: 349028K->349312K(349696K)] 407908K->369090K(466432K), [Metaspace: 3785K->3785K(1056768K)], 0.0265888 secs] [Times: user=0.11 sys=0.00, real=0.02 secs] 
2022-09-22T15:09:41.433-0800: 27.873: [Full GC (Ergonomics) [PSYoungGen: 58815K->21071K(116736K)] [ParOldGen: 349312K->349593K(349696K)] 408128K->370664K(466432K), [Metaspace: 3785K->3785K(1056768K)], 0.0316117 secs] [Times: user=0.12 sys=0.01, real=0.03 secs] 
2022-09-22T15:09:41.469-0800: 27.909: [Full GC (Ergonomics) [PSYoungGen: 58880K->20860K(116736K)] [ParOldGen: 349593K->349362K(349696K)] 408473K->370223K(466432K), [Metaspace: 3785K->3785K(1056768K)], 0.0312110 secs] [Times: user=0.12 sys=0.00, real=0.04 secs] 
2022-09-22T15:09:41.505-0800: 27.945: [Full GC (Ergonomics) [PSYoungGen: 58880K->19111K(116736K)] [ParOldGen: 349362K->349243K(349696K)] 408242K->368355K(466432K), [Metaspace: 3785K->3785K(1056768K)], 0.0313967 secs] [Times: user=0.09 sys=0.00, real=0.03 secs] 
2022-09-22T15:09:41.540-0800: 27.980: [Full GC (Ergonomics) [PSYoungGen: 58788K->21643K(116736K)] [ParOldGen: 349243K->349613K(349696K)] 408032K->371256K(466432K), [Metaspace: 3785K->3785K(1056768K)], 0.0305708 secs] [Times: user=0.11 sys=0.00, real=0.03 secs] 
2022-09-22T15:09:41.575-0800: 28.015: [Full GC (Ergonomics) [PSYoungGen: 58575K->18084K(116736K)] [ParOldGen: 349613K->349391K(349696K)] 408189K->367475K(466432K), [Metaspace: 3785K->3785K(1056768K)], 0.0253110 secs] [Times: user=0.12 sys=0.00, real=0.03 secs] 
2022-09-22T15:09:41.606-0800: 28.046: [Full GC (Ergonomics) [PSYoungGen: 58880K->18739K(116736K)] [ParOldGen: 349391K->349480K(349696K)] 408271K->368219K(466432K), [Metaspace: 3785K->3785K(1056768K)], 0.0346468 secs] [Times: user=0.14 sys=0.00, real=0.04 secs] 
2022-09-22T15:09:41.644-0800: 28.084: [Full GC (Ergonomics) [PSYoungGen: 58547K->20740K(116736K)] [ParOldGen: 349480K->349694K(349696K)] 408027K->370434K(466432K), [Metaspace: 3785K->3785K(1056768K)], 0.0245515 secs] [Times: user=0.13 sys=0.00, real=0.02 secs] 
2022-09-22T15:09:41.672-0800: 28.112: [Full GC (Ergonomics) [PSYoungGen: 58516K->17917K(116736K)] [ParOldGen: 349694K->348991K(349696K)] 408211K->366909K(466432K), [Metaspace: 3785K->3785K(1056768K)], 0.0255573 secs] [Times: user=0.12 sys=0.00, real=0.02 secs] 
2022-09-22T15:09:41.702-0800: 28.142: [Full GC (Ergonomics) [PSYoungGen: 58880K->18733K(116736K)] [ParOldGen: 348991K->349431K(349696K)] 407871K->368164K(466432K), [Metaspace: 3785K->3785K(1056768K)], 0.0258042 secs] [Times: user=0.10 sys=0.00, real=0.02 secs] 
2022-09-22T15:09:41.732-0800: 28.172: [Full GC (Ergonomics) [PSYoungGen: 58764K->17254K(116736K)] [ParOldGen: 349431K->349652K(349696K)] 408196K->366906K(466432K), [Metaspace: 3785K->3785K(1056768K)], 0.0239420 secs] [Times: user=0.11 sys=0.01, real=0.02 secs] 
2022-09-22T15:09:41.763-0800: 28.203: [Full GC (Ergonomics) [PSYoungGen: 58510K->13701K(116736K)] [ParOldGen: 349652K->349425K(349696K)] 408163K->363127K(466432K), [Metaspace: 3785K->3785K(1056768K)], 0.0257921 secs] [Times: user=0.10 sys=0.00, real=0.02 secs] 
2022-09-22T15:09:41.793-0800: 28.233: [Full GC (Ergonomics) [PSYoungGen: 58614K->17910K(116736K)] [ParOldGen: 349425K->349417K(349696K)] 408039K->367327K(466432K), [Metaspace: 3785K->3785K(1056768K)], 0.0260239 secs] [Times: user=0.12 sys=0.00, real=0.02 secs] 
2022-09-22T15:09:41.823-0800: 28.263: [Full GC (Ergonomics) [PSYoungGen: 58553K->21658K(116736K)] [ParOldGen: 349417K->349091K(349696K)] 407970K->370750K(466432K), [Metaspace: 3785K->3785K(1056768K)], 0.0263280 secs] [Times: user=0.10 sys=0.00, real=0.02 secs] 
2022-09-22T15:09:41.854-0800: 28.294: [Full GC (Ergonomics) [PSYoungGen: 58880K->23642K(116736K)] [ParOldGen: 349091K->349093K(349696K)] 407971K->372736K(466432K), [Metaspace: 3785K->3785K(1056768K)], 0.0307280 secs] [Times: user=0.09 sys=0.00, real=0.03 secs] 
2022-09-22T15:09:41.889-0800: 28.329: [Full GC (Ergonomics) [PSYoungGen: 58714K->26066K(116736K)] [ParOldGen: 349093K->349624K(349696K)] 407807K->375690K(466432K), [Metaspace: 3785K->3785K(1056768K)], 0.0298622 secs] [Times: user=0.10 sys=0.01, real=0.03 secs] 
2022-09-22T15:09:41.923-0800: 28.363: [Full GC (Ergonomics) [PSYoungGen: 58693K->29596K(116736K)] [ParOldGen: 349624K->349484K(349696K)] 408318K->379081K(466432K), [Metaspace: 3785K->3785K(1056768K)], 0.0266101 secs] [Times: user=0.10 sys=0.00, real=0.03 secs] 
2022-09-22T15:09:41.954-0800: 28.394: [Full GC (Ergonomics) [PSYoungGen: 58880K->30985K(116736K)] [ParOldGen: 349484K->349623K(349696K)] 408364K->380609K(466432K), [Metaspace: 3785K->3785K(1056768K)], 0.0304356 secs] [Times: user=0.11 sys=0.00, real=0.03 secs] 
2022-09-22T15:09:41.988-0800: 28.428: [Full GC (Ergonomics) [PSYoungGen: 58820K->31281K(116736K)] [ParOldGen: 349623K->349413K(349696K)] 408444K->380694K(466432K), [Metaspace: 3785K->3785K(1056768K)], 0.0284108 secs] [Times: user=0.12 sys=0.00, real=0.03 secs] 
2022-09-22T15:09:42.020-0800: 28.460: [Full GC (Ergonomics) [PSYoungGen: 58880K->30287K(116736K)] [ParOldGen: 349413K->349642K(349696K)] 408293K->379929K(466432K), [Metaspace: 3785K->3785K(1056768K)], 0.0224584 secs] [Times: user=0.12 sys=0.01, real=0.02 secs] 
2022-09-22T15:09:42.046-0800: 28.486: [Full GC (Ergonomics) [PSYoungGen: 58620K->29764K(116736K)] [ParOldGen: 349642K->349633K(349696K)] 408262K->379397K(466432K), [Metaspace: 3785K->3785K(1056768K)], 0.0256524 secs] [Times: user=0.12 sys=0.00, real=0.03 secs] 
2022-09-22T15:09:42.076-0800: 28.516: [Full GC (Ergonomics) [PSYoungGen: 58272K->30839K(116736K)] [ParOldGen: 349633K->349370K(349696K)] 407905K->380210K(466432K), [Metaspace: 3785K->3785K(1056768K)], 0.0242071 secs] [Times: user=0.14 sys=0.00, real=0.03 secs] 
2022-09-22T15:09:42.103-0800: 28.543: [Full GC (Ergonomics) [PSYoungGen: 58678K->35149K(116736K)] [ParOldGen: 349370K->349316K(349696K)] 408048K->384466K(466432K), [Metaspace: 3785K->3785K(1056768K)], 0.0245684 secs] [Times: user=0.13 sys=0.00, real=0.02 secs] 
2022-09-22T15:09:42.129-0800: 28.569: [Full GC (Ergonomics) [PSYoungGen: 58415K->37035K(116736K)] [ParOldGen: 349316K->349325K(349696K)] 407732K->386361K(466432K), [Metaspace: 3785K->3785K(1056768K)], 0.0240359 secs] [Times: user=0.14 sys=0.00, real=0.03 secs] 
2022-09-22T15:09:42.156-0800: 28.596: [Full GC (Ergonomics) [PSYoungGen: 58880K->36962K(116736K)] [ParOldGen: 349325K->349636K(349696K)] 408205K->386598K(466432K), [Metaspace: 3785K->3785K(1056768K)], 0.0283428 secs] [Times: user=0.14 sys=0.00, real=0.03 secs] 
2022-09-22T15:09:42.187-0800: 28.627: [Full GC (Ergonomics) [PSYoungGen: 58783K->38245K(116736K)] [ParOldGen: 349636K->349162K(349696K)] 408419K->387407K(466432K), [Metaspace: 3785K->3785K(1056768K)], 0.0243447 secs] [Times: user=0.13 sys=0.00, real=0.03 secs] 
2022-09-22T15:09:42.214-0800: 28.654: [Full GC (Ergonomics) [PSYoungGen: 58880K->40019K(116736K)] [ParOldGen: 349162K->349158K(349696K)] 408042K->389178K(466432K), [Metaspace: 3785K->3785K(1056768K)], 0.0285796 secs] [Times: user=0.14 sys=0.00, real=0.05 secs] 
2022-09-22T15:09:42.264-0800: 28.704: [Full GC (Ergonomics) [PSYoungGen: 58589K->40057K(116736K)] [ParOldGen: 349158K->349326K(349696K)] 407748K->389384K(466432K), [Metaspace: 3785K->3785K(1056768K)], 0.0345794 secs] [Times: user=0.15 sys=0.00, real=0.03 secs] 
2022-09-22T15:09:42.302-0800: 28.742: [Full GC (Ergonomics) [PSYoungGen: 58803K->40677K(116736K)] [ParOldGen: 349326K->349350K(349696K)] 408129K->390027K(466432K), [Metaspace: 3785K->3785K(1056768K)], 0.0363634 secs] [Times: user=0.13 sys=0.01, real=0.03 secs] 
2022-09-22T15:09:42.342-0800: 28.782: [Full GC (Ergonomics) [PSYoungGen: 58845K->39275K(116736K)] [ParOldGen: 349350K->349669K(349696K)] 408195K->388944K(466432K), [Metaspace: 3785K->3785K(1056768K)], 0.0661192 secs] [Times: user=0.12 sys=0.00, real=0.07 secs] 
2022-09-22T15:09:42.419-0800: 28.859: [Full GC (Ergonomics) [PSYoungGen: 58880K->37383K(116736K)] [ParOldGen: 349669K->349235K(349696K)] 408549K->386619K(466432K), [Metaspace: 3785K->3785K(1056768K)], 0.0336725 secs] [Times: user=0.14 sys=0.00, real=0.04 secs] 
2022-09-22T15:09:42.456-0800: 28.896: [Full GC (Ergonomics) [PSYoungGen: 58616K->36449K(116736K)] [ParOldGen: 349235K->349622K(349696K)] 407852K->386072K(466432K), [Metaspace: 3785K->3785K(1056768K)], 0.0303442 secs] [Times: user=0.14 sys=0.00, real=0.03 secs] 
2022-09-22T15:09:42.491-0800: 28.931: [Full GC (Ergonomics) [PSYoungGen: 58558K->38634K(116736K)] [ParOldGen: 349622K->349655K(349696K)] 408181K->388290K(466432K), [Metaspace: 3785K->3785K(1056768K)], 0.0361966 secs] [Times: user=0.15 sys=0.01, real=0.03 secs] 
2022-09-22T15:09:42.532-0800: 28.972: [Full GC (Ergonomics) [PSYoungGen: 58670K->40653K(116736K)] [ParOldGen: 349655K->349486K(349696K)] 408325K->390139K(466432K), [Metaspace: 3785K->3785K(1056768K)], 0.0293187 secs] [Times: user=0.15 sys=0.00, real=0.03 secs] 
2022-09-22T15:09:42.565-0800: 29.005: [Full GC (Ergonomics) [PSYoungGen: 58880K->41558K(116736K)] [ParOldGen: 349486K->349487K(349696K)] 408366K->391045K(466432K), [Metaspace: 3785K->3785K(1056768K)], 0.0293260 secs] [Times: user=0.14 sys=0.00, real=0.03 secs] 
2022-09-22T15:09:42.597-0800: 29.037: [Full GC (Ergonomics) [PSYoungGen: 58757K->41472K(116736K)] [ParOldGen: 349487K->349243K(349696K)] 408244K->390716K(466432K), [Metaspace: 3785K->3785K(1056768K)], 0.0370295 secs] [Times: user=0.13 sys=0.00, real=0.07 secs] 
2022-09-22T15:09:42.662-0800: 29.102: [Full GC (Ergonomics) [PSYoungGen: 58824K->41022K(116736K)] [ParOldGen: 349243K->349564K(349696K)] 408068K->390587K(466432K), [Metaspace: 3785K->3785K(1056768K)], 0.0314753 secs] [Times: user=0.14 sys=0.01, real=0.03 secs] 
2022-09-22T15:09:42.696-0800: 29.136: [Full GC (Ergonomics) [PSYoungGen: 58856K->39752K(116736K)] [ParOldGen: 349564K->349512K(349696K)] 408420K->389265K(466432K), [Metaspace: 3785K->3785K(1056768K)], 0.0340554 secs] [Times: user=0.14 sys=0.00, real=0.04 secs] 
2022-09-22T15:09:42.733-0800: 29.173: [Full GC (Ergonomics) [PSYoungGen: 58674K->39208K(116736K)] [ParOldGen: 349512K->349424K(349696K)] 408187K->388632K(466432K), [Metaspace: 3785K->3785K(1056768K)], 0.0377068 secs] [Times: user=0.15 sys=0.00, real=0.04 secs] 
2022-09-22T15:09:42.773-0800: 29.213: [Full GC (Ergonomics) [PSYoungGen: 58737K->37301K(116736K)] [ParOldGen: 349424K->349651K(349696K)] 408162K->386953K(466432K), [Metaspace: 3785K->3785K(1056768K)], 0.0346033 secs] [Times: user=0.14 sys=0.00, real=0.03 secs] 
2022-09-22T15:09:42.810-0800: 29.250: [Full GC (Ergonomics) [PSYoungGen: 58880K->36682K(116736K)] [ParOldGen: 349651K->348945K(349696K)] 408531K->385627K(466432K), [Metaspace: 3785K->3785K(1056768K)], 0.0372398 secs] [Times: user=0.14 sys=0.01, real=0.03 secs] 
2022-09-22T15:09:42.852-0800: 29.292: [Full GC (Ergonomics) [PSYoungGen: 58745K->37388K(116736K)] [ParOldGen: 348945K->349153K(349696K)] 407690K->386542K(466432K), [Metaspace: 3785K->3785K(1056768K)], 0.0313483 secs] [Times: user=0.14 sys=0.00, real=0.03 secs] 
2022-09-22T15:09:42.886-0800: 29.326: [Full GC (Ergonomics) [PSYoungGen: 58880K->36729K(116736K)] [ParOldGen: 349153K->349298K(349696K)] 408033K->386028K(466432K), [Metaspace: 3785K->3785K(1056768K)], 0.0313803 secs] [Times: user=0.15 sys=0.00, real=0.03 secs] 
2022-09-22T15:09:42.920-0800: 29.360: [Full GC (Ergonomics) [PSYoungGen: 58624K->36802K(116736K)] [ParOldGen: 349298K->349525K(349696K)] 407923K->386328K(466432K), [Metaspace: 3785K->3785K(1056768K)], 0.0304630 secs] [Times: user=0.14 sys=0.01, real=0.03 secs] 
2022-09-22T15:09:42.954-0800: 29.394: [Full GC (Ergonomics) [PSYoungGen: 58806K->38265K(116736K)] [ParOldGen: 349525K->349479K(349696K)] 408331K->387745K(466432K), [Metaspace: 3785K->3785K(1056768K)], 0.0318329 secs] [Times: user=0.16 sys=0.00, real=0.03 secs] 
2022-09-22T15:09:42.988-0800: 29.428: [Full GC (Ergonomics) [PSYoungGen: 58690K->38010K(116736K)] [ParOldGen: 349479K->349261K(349696K)] 408170K->387272K(466432K), [Metaspace: 3785K->3785K(1056768K)], 0.0332537 secs] [Times: user=0.14 sys=0.00, real=0.04 secs] 
2022-09-22T15:09:43.026-0800: 29.466: [Full GC (Ergonomics) [PSYoungGen: 58878K->36576K(116736K)] [ParOldGen: 349261K->349325K(349696K)] 408140K->385901K(466432K), [Metaspace: 3785K->3785K(1056768K)], 0.0743396 secs] [Times: user=0.14 sys=0.00, real=0.08 secs] 
2022-09-22T15:09:43.105-0800: 29.545: [Full GC (Ergonomics) [PSYoungGen: 58674K->35459K(116736K)] [ParOldGen: 349325K->349422K(349696K)] 407999K->384882K(466432K), [Metaspace: 3785K->3785K(1056768K)], 0.0511222 secs] [Times: user=0.12 sys=0.01, real=0.05 secs] 
2022-09-22T15:09:43.159-0800: 29.599: [Full GC (Ergonomics) [PSYoungGen: 58662K->34646K(116736K)] [ParOldGen: 349422K->349612K(349696K)] 408084K->384258K(466432K), [Metaspace: 3785K->3785K(1056768K)], 0.0360697 secs] [Times: user=0.14 sys=0.00, real=0.04 secs] 
2022-09-22T15:09:43.199-0800: 29.639: [Full GC (Ergonomics) [PSYoungGen: 58711K->34506K(116736K)] [ParOldGen: 349612K->349663K(349696K)] 408324K->384170K(466432K), [Metaspace: 3785K->3785K(1056768K)], 0.0317869 secs] [Times: user=0.15 sys=0.00, real=0.04 secs] 
2022-09-22T15:09:43.234-0800: 29.674: [Full GC (Ergonomics) [PSYoungGen: 58880K->34393K(116736K)] [ParOldGen: 349663K->349457K(349696K)] 408543K->383850K(466432K), [Metaspace: 3785K->3785K(1056768K)], 0.0279140 secs] [Times: user=0.13 sys=0.00, real=0.03 secs] 
2022-09-22T15:09:43.265-0800: 29.705: [Full GC (Ergonomics) [PSYoungGen: 58880K->32417K(116736K)] [ParOldGen: 349457K->349213K(349696K)] 408337K->381630K(466432K), [Metaspace: 3785K->3785K(1056768K)], 0.0317341 secs] [Times: user=0.15 sys=0.01, real=0.03 secs] 
2022-09-22T15:09:43.300-0800: 29.740: [Full GC (Ergonomics) [PSYoungGen: 58835K->30154K(116736K)] [ParOldGen: 349213K->349527K(349696K)] 408049K->379681K(466432K), [Metaspace: 3785K->3785K(1056768K)], 0.0308513 secs] [Times: user=0.14 sys=0.00, real=0.03 secs] 
2022-09-22T15:09:43.335-0800: 29.775: [Full GC (Ergonomics) [PSYoungGen: 58774K->29888K(116736K)] [ParOldGen: 349527K->349494K(349696K)] 408301K->379383K(466432K), [Metaspace: 3785K->3785K(1056768K)], 0.0301406 secs] [Times: user=0.15 sys=0.00, real=0.03 secs] 
2022-09-22T15:09:43.369-0800: 29.809: [Full GC (Ergonomics) [PSYoungGen: 58880K->30774K(116736K)] [ParOldGen: 349494K->349311K(349696K)] 408374K->380086K(466432K), [Metaspace: 3785K->3785K(1056768K)], 0.0278063 secs] [Times: user=0.14 sys=0.00, real=0.03 secs] 
2022-09-22T15:09:43.401-0800: 29.841: [Full GC (Ergonomics) [PSYoungGen: 58515K->30871K(116736K)] [ParOldGen: 349311K->349608K(349696K)] 407827K->380479K(466432K), [Metaspace: 3785K->3785K(1056768K)], 0.0314679 secs] [Times: user=0.14 sys=0.01, real=0.03 secs] 
2022-09-22T15:09:43.437-0800: 29.877: [Full GC (Ergonomics) [PSYoungGen: 58833K->33744K(116736K)] [ParOldGen: 349608K->349371K(349696K)] 408441K->383115K(466432K), [Metaspace: 3785K->3785K(1056768K)], 0.0346261 secs] [Times: user=0.13 sys=0.00, real=0.04 secs] 
2022-09-22T15:09:43.477-0800: 29.917: [Full GC (Ergonomics) [PSYoungGen: 58880K->32991K(116736K)] [ParOldGen: 349371K->349685K(349696K)] 408251K->382676K(466432K), [Metaspace: 3785K->3785K(1056768K)], 0.0340978 secs] [Times: user=0.14 sys=0.00, real=0.04 secs] 
2022-09-22T15:09:43.514-0800: 29.954: [Full GC (Ergonomics) [PSYoungGen: 58220K->37523K(116736K)] [ParOldGen: 349685K->349335K(349696K)] 407905K->386859K(466432K), [Metaspace: 3785K->3785K(1056768K)], 0.0322339 secs] [Times: user=0.14 sys=0.00, real=0.03 secs] 
2022-09-22T15:09:43.549-0800: 29.989: [Full GC (Ergonomics) [PSYoungGen: 58162K->36999K(116736K)] [ParOldGen: 349335K->349020K(349696K)] 407498K->386019K(466432K), [Metaspace: 3785K->3785K(1056768K)], 0.0262799 secs] [Times: user=0.12 sys=0.00, real=0.03 secs] 
2022-09-22T15:09:43.578-0800: 30.018: [Full GC (Ergonomics) [PSYoungGen: 58745K->37089K(116736K)] [ParOldGen: 349020K->349331K(349696K)] 407765K->386421K(466432K), [Metaspace: 3785K->3785K(1056768K)], 0.0320067 secs] [Times: user=0.18 sys=0.00, real=0.04 secs] 
2022-09-22T15:09:43.613-0800: 30.052: [Full GC (Ergonomics) [PSYoungGen: 58880K->40438K(116736K)] [ParOldGen: 349331K->349522K(349696K)] 408211K->389961K(466432K), [Metaspace: 3785K->3785K(1056768K)], 0.0248802 secs] [Times: user=0.13 sys=0.00, real=0.02 secs] 
2022-09-22T15:09:43.639-0800: 30.079: [Full GC (Ergonomics) [PSYoungGen: 58758K->37144K(116736K)] [ParOldGen: 349522K->349654K(349696K)] 408281K->386798K(466432K), [Metaspace: 3785K->3785K(1056768K)], 0.0250353 secs] [Times: user=0.14 sys=0.00, real=0.03 secs] 
2022-09-22T15:09:43.667-0800: 30.107: [Full GC (Ergonomics) [PSYoungGen: 58880K->37452K(116736K)] [ParOldGen: 349654K->348916K(349696K)] 408534K->386369K(466432K), [Metaspace: 3785K->3785K(1056768K)], 0.0209768 secs] [Times: user=0.12 sys=0.00, real=0.02 secs] 
2022-09-22T15:09:43.691-0800: 30.131: [Full GC (Ergonomics) [PSYoungGen: 58831K->36151K(116736K)] [ParOldGen: 348916K->349159K(349696K)] 407747K->385311K(466432K), [Metaspace: 3785K->3785K(1056768K)], 0.0276796 secs] [Times: user=0.16 sys=0.01, real=0.02 secs] 
Heap
 PSYoungGen      total 116736K, used 38043K [0x00000007b5580000, 0x00000007c0000000, 0x00000007c0000000)
  eden space 58880K, 64% used [0x00000007b5580000,0x00000007b7aa6d58,0x00000007b8f00000)
  from space 57856K, 0% used [0x00000007b8f00000,0x00000007b8f00000,0x00000007bc780000)
  to   space 56832K, 0% used [0x00000007bc880000,0x00000007bc880000,0x00000007c0000000)
 ParOldGen       total 349696K, used 349159K [0x00000007a0000000, 0x00000007b5580000, 0x00000007b5580000)
  object space 349696K, 99% used [0x00000007a0000000,0x00000007b54f9fb0,0x00000007b5580000)
 Metaspace       used 3791K, capacity 4540K, committed 4864K, reserved 1056768K
  class space    used 420K, capacity 428K, committed 512K, reserved 1048576K
